
> pawfectmatch-web@0.1.0 build /workspace/apps/web
> next build

  ▲ Next.js 14.2.33
  - Environments: .env.local, .env.production
  - Experiments (use with caution):
    · optimizeCss

   Creating an optimized production build ...
Failed to compile.

./src/utils/performance.ts
Module parse failed: Duplicate export 'PerformanceMonitor' (350:9)
File was processed with these loaders:
 * ../../node_modules/.pnpm/next@14.2.33_@babel+core@7.28.4_@opentelemetry+api@1.9.0_@playwright+test@1.56.0_react-dom@18.2.0_react@18.2.0/node_modules/next/dist/build/webpack/loaders/next-flight-client-module-loader.js
 * ../../node_modules/.pnpm/next@14.2.33_@babel+core@7.28.4_@opentelemetry+api@1.9.0_@playwright+test@1.56.0_react-dom@18.2.0_react@18.2.0/node_modules/next/dist/build/webpack/loaders/next-swc-loader.js
You may need an additional loader to handle the result of these loaders.
| };
| // Export the PerformanceMonitor class and create function
> export { PerformanceMonitor };
| export const createPerformanceMonitor = ()=>new PerformanceMonitor();
| export default new PerformanceMonitor();

Import trace for requested module:
./src/utils/performance.ts
./app/(protected)/system-status/page.tsx


> Build failed because of webpack errors
 ELIFECYCLE  Command failed with exit code 1.
