src/utils/mobile-gestures.ts(225,23): error TS1005: ';' expected.
src/utils/mobile-gestures.ts(226,23): error TS1005: ';' expected.
src/utils/mobile-gestures.ts(227,23): error TS1005: ';' expected.
src/utils/mobile-gestures.ts(319,23): error TS1005: ';' expected.
src/utils/mobile-gestures.ts(320,23): error TS1005: ';' expected.
src/utils/mobile-gestures.ts(321,23): error TS1005: ';' expected.
src/utils/mobile-gestures.ts(418,7): error TS1109: Expression expected.
src/utils/mobile-gestures.ts(447,23): error TS1005: ';' expected.
src/utils/mobile-gestures.ts(448,23): error TS1005: ';' expected.
src/utils/mobile-gestures.ts(449,23): error TS1005: ';' expected.
src/utils/mobile-gestures.ts(516,23): error TS1005: ';' expected.
src/utils/performance-monitoring.ts(138,19): error TS1005: ';' expected.
src/utils/performance-monitoring.ts(141,7): error TS1109: Expression expected.
src/utils/performance-monitoring.ts(157,19): error TS1005: ';' expected.
src/utils/performance-monitoring.ts(160,7): error TS1109: Expression expected.
src/utils/performance-monitoring.ts(177,19): error TS1005: ';' expected.
src/utils/performance-monitoring.ts(180,7): error TS1109: Expression expected.
src/utils/performance-monitoring.ts(203,19): error TS1005: ';' expected.
src/utils/performance-monitoring.ts(206,7): error TS1109: Expression expected.
src/utils/performance-monitoring.ts(222,19): error TS1005: ';' expected.
src/utils/performance-monitoring.ts(225,7): error TS1109: Expression expected.
src/utils/performance-monitoring.ts(284,15): error TS1005: ';' expected.
src/utils/performance-monitoring.ts(318,17): error TS1005: ';' expected.
src/utils/performance-monitoring.ts(344,7): error TS1109: Expression expected.
src/utils/performance-optimizations.ts(292,7): error TS1109: Expression expected.
src/utils/performance.ts(86,3): error TS1109: Expression expected.
src/utils/performance.ts(114,17): error TS1005: ';' expected.
src/utils/performance.ts(123,17): error TS1005: ';' expected.
src/utils/performance.ts(136,17): error TS1005: ';' expected.
src/utils/performance.ts(144,17): error TS1005: ';' expected.
src/utils/performance.ts(196,5): error TS1109: Expression expected.
src/utils/performance.ts(238,15): error TS1005: ';' expected.
src/utils/performance.ts(251,35): error TS1005: ';' expected.
src/utils/performance.ts(252,35): error TS1005: ';' expected.
src/utils/performance.ts(265,35): error TS1005: ';' expected.
src/utils/performance.ts(381,21): error TS1005: ';' expected.
src/utils/performance.ts(395,5): error TS1109: Expression expected.
src/utils/performance.ts(397,5): error TS1109: Expression expected.
src/utils/pwa-utils.ts(96,13): error TS1109: Expression expected.
src/utils/pwa-utils.ts(104,7): error TS1109: Expression expected.
src/utils/pwa-utils.ts(247,7): error TS1109: Expression expected.
src/utils/pwa-utils.ts(259,7): error TS1109: Expression expected.
src/utils/pwa-utils.ts(264,60): error TS1005: ',' expected.
src/utils/pwa-utils.ts(264,71): error TS1005: ',' expected.
src/utils/pwa-utils.ts(264,87): error TS1005: ',' expected.
src/utils/pwa-utils.ts(264,88): error TS1109: Expression expected.
src/utils/pwa-utils.ts(284,7): error TS1109: Expression expected.
src/utils/pwa-utils.ts(325,3): error TS1109: Expression expected.
src/utils/pwa-utils.ts(337,3): error TS1109: Expression expected.
src/utils/pwa-utils.ts(349,5): error TS1109: Expression expected.
src/utils/pwa-utils.ts(391,3): error TS1109: Expression expected.
src/utils/pwa-utils.ts(450,43): error TS1005: ',' expected.
src/utils/pwa-utils.ts(450,50): error TS1005: ',' expected.
src/utils/pwa-utils.ts(450,61): error TS1005: ',' expected.
src/utils/pwa-utils.ts(451,12): error TS1005: ':' expected.
src/utils/pwa-utils.ts(455,6): error TS1005: ',' expected.
src/utils/pwa-utils.ts(457,1): error TS1128: Declaration or statement expected.
