
> server@1.0.0 test
> jest --runInBand

(node:98099) [MONGOOSE] Warning: Duplicate schema index on {"email":1} found. This is often due to declaring an index using both "index: true" and "schema.index()". Please remove the duplicate index definition.
(Use `node --trace-warnings ...` to show where the warning was created)
::ffff:127.0.0.1 - - [02/Oct/2025:16:56:41 +0000] "POST /api/auth/register HTTP/1.1" 201 - "-" "-"
::ffff:127.0.0.1 - - [02/Oct/2025:16:56:41 +0000] "POST /api/auth/register HTTP/1.1" 201 - "-" "-"
::ffff:127.0.0.1 - - [02/Oct/2025:16:56:42 +0000] "POST /api/auth/register HTTP/1.1" 201 - "-" "-"
::ffff:127.0.0.1 - - [02/Oct/2025:16:56:43 +0000] "POST /api/auth/register HTTP/1.1" 201 - "-" "-"
::ffff:127.0.0.1 - - [02/Oct/2025:16:56:43 +0000] "POST /api/auth/register HTTP/1.1" 400 65 "-" "-"
::ffff:127.0.0.1 - - [02/Oct/2025:16:56:43 +0000] "POST /api/auth/register HTTP/1.1" 201 - "-" "-"
::ffff:127.0.0.1 - - [02/Oct/2025:16:56:43 +0000] "POST /api/auth/register HTTP/1.1" 400 136 "-" "-"
::ffff:127.0.0.1 - - [02/Oct/2025:16:56:44 +0000] "POST /api/auth/register HTTP/1.1" 201 - "-" "-"
::ffff:127.0.0.1 - - [02/Oct/2025:16:56:44 +0000] "POST /api/auth/register HTTP/1.1" 400 144 "-" "-"
::ffff:127.0.0.1 - - [02/Oct/2025:16:56:44 +0000] "POST /api/auth/register HTTP/1.1" 201 - "-" "-"
::ffff:127.0.0.1 - - [02/Oct/2025:16:56:44 +0000] "POST /api/auth/register HTTP/1.1" 400 260 "-" "-"
::ffff:127.0.0.1 - - [02/Oct/2025:16:56:45 +0000] "POST /api/auth/register HTTP/1.1" 201 - "-" "-"
::ffff:127.0.0.1 - - [02/Oct/2025:16:56:45 +0000] "POST /api/auth/login HTTP/1.1" 200 - "-" "-"
::ffff:127.0.0.1 - - [02/Oct/2025:16:56:45 +0000] "POST /api/auth/register HTTP/1.1" 201 - "-" "-"
::ffff:127.0.0.1 - - [02/Oct/2025:16:56:46 +0000] "POST /api/auth/login HTTP/1.1" 401 49 "-" "-"
::ffff:127.0.0.1 - - [02/Oct/2025:16:56:46 +0000] "POST /api/auth/register HTTP/1.1" 201 - "-" "-"
::ffff:127.0.0.1 - - [02/Oct/2025:16:56:46 +0000] "POST /api/auth/login HTTP/1.1" 401 49 "-" "-"
::ffff:127.0.0.1 - - [02/Oct/2025:16:56:47 +0000] "POST /api/auth/register HTTP/1.1" 201 - "-" "-"
::ffff:127.0.0.1 - - [02/Oct/2025:16:56:47 +0000] "POST /api/auth/login HTTP/1.1" 400 112 "-" "-"
::ffff:127.0.0.1 - - [02/Oct/2025:16:56:47 +0000] "POST /api/auth/register HTTP/1.1" 201 - "-" "-"
::ffff:127.0.0.1 - - [02/Oct/2025:16:56:47 +0000] "GET /api/auth/me HTTP/1.1" 200 972 "-" "-"
::ffff:127.0.0.1 - - [02/Oct/2025:16:56:48 +0000] "POST /api/auth/register HTTP/1.1" 201 - "-" "-"
::ffff:127.0.0.1 - - [02/Oct/2025:16:56:48 +0000] "GET /api/auth/me HTTP/1.1" 401 51 "-" "-"
::ffff:127.0.0.1 - - [02/Oct/2025:16:56:48 +0000] "POST /api/auth/register HTTP/1.1" 201 - "-" "-"
::ffff:127.0.0.1 - - [02/Oct/2025:16:56:48 +0000] "GET /api/auth/me HTTP/1.1" 401 43 "-" "-"
::ffff:127.0.0.1 - - [02/Oct/2025:16:56:49 +0000] "POST /api/auth/register HTTP/1.1" 201 - "-" "-"
::ffff:127.0.0.1 - - [02/Oct/2025:16:56:49 +0000] "POST /api/auth/logout HTTP/1.1" 200 46 "-" "-"
::ffff:127.0.0.1 - - [02/Oct/2025:16:56:49 +0000] "POST /api/auth/register HTTP/1.1" 201 - "-" "-"
::ffff:127.0.0.1 - - [02/Oct/2025:16:56:49 +0000] "POST /api/auth/logout HTTP/1.1" 401 51 "-" "-"
::ffff:127.0.0.1 - - [02/Oct/2025:16:56:50 +0000] "POST /api/auth/register HTTP/1.1" 201 - "-" "-"
::ffff:127.0.0.1 - - [02/Oct/2025:16:56:50 +0000] "GET /api/users/profile HTTP/1.1" 200 972 "-" "-"
::ffff:127.0.0.1 - - [02/Oct/2025:16:56:50 +0000] "POST /api/auth/register HTTP/1.1" 201 - "-" "-"
::ffff:127.0.0.1 - - [02/Oct/2025:16:56:50 +0000] "GET /api/users/profile HTTP/1.1" 401 51 "-" "-"
::ffff:127.0.0.1 - - [02/Oct/2025:16:56:51 +0000] "POST /api/auth/register HTTP/1.1" 201 - "-" "-"
::ffff:127.0.0.1 - - [02/Oct/2025:16:56:51 +0000] "PUT /api/users/profile HTTP/1.1" 200 - "-" "-"
::ffff:127.0.0.1 - - [02/Oct/2025:16:56:51 +0000] "POST /api/auth/register HTTP/1.1" 201 - "-" "-"
::ffff:127.0.0.1 - - [02/Oct/2025:16:56:51 +0000] "PUT /api/users/profile HTTP/1.1" 400 631 "-" "-"
::ffff:127.0.0.1 - - [02/Oct/2025:16:56:52 +0000] "POST /api/auth/register HTTP/1.1" 201 - "-" "-"
::ffff:127.0.0.1 - - [02/Oct/2025:16:56:52 +0000] "PUT /api/users/profile HTTP/1.1" 401 51 "-" "-"
::ffff:127.0.0.1 - - [02/Oct/2025:16:56:52 +0000] "POST /api/auth/register HTTP/1.1" 201 - "-" "-"
::ffff:127.0.0.1 - - [02/Oct/2025:16:56:52 +0000] "PUT /api/users/preferences HTTP/1.1" 200 185 "-" "-"
::ffff:127.0.0.1 - - [02/Oct/2025:16:56:53 +0000] "POST /api/auth/register HTTP/1.1" 201 - "-" "-"
::ffff:127.0.0.1 - - [02/Oct/2025:16:56:53 +0000] "PUT /api/users/preferences HTTP/1.1" 401 51 "-" "-"
::ffff:127.0.0.1 - - [02/Oct/2025:16:56:53 +0000] "POST /api/auth/register HTTP/1.1" 201 - "-" "-"
::ffff:127.0.0.1 - - [02/Oct/2025:16:56:53 +0000] "PUT /api/users/location HTTP/1.1" 200 172 "-" "-"
::ffff:127.0.0.1 - - [02/Oct/2025:16:56:54 +0000] "POST /api/auth/register HTTP/1.1" 201 - "-" "-"
::ffff:127.0.0.1 - - [02/Oct/2025:16:56:54 +0000] "PUT /api/users/location HTTP/1.1" 500 42 "-" "-"
::ffff:127.0.0.1 - - [02/Oct/2025:16:56:55 +0000] "POST /api/auth/register HTTP/1.1" 201 - "-" "-"
::ffff:127.0.0.1 - - [02/Oct/2025:16:56:55 +0000] "GET /api/users/stats HTTP/1.1" 200 140 "-" "-"
::ffff:127.0.0.1 - - [02/Oct/2025:16:56:55 +0000] "POST /api/auth/register HTTP/1.1" 201 - "-" "-"
::ffff:127.0.0.1 - - [02/Oct/2025:16:56:55 +0000] "POST /api/pets HTTP/1.1" 201 - "-" "-"
::ffff:127.0.0.1 - - [02/Oct/2025:16:56:56 +0000] "POST /api/auth/register HTTP/1.1" 201 - "-" "-"
::ffff:127.0.0.1 - - [02/Oct/2025:16:56:56 +0000] "POST /api/pets HTTP/1.1" 400 414 "-" "-"
::ffff:127.0.0.1 - - [02/Oct/2025:16:56:56 +0000] "POST /api/auth/register HTTP/1.1" 201 - "-" "-"
::ffff:127.0.0.1 - - [02/Oct/2025:16:56:56 +0000] "POST /api/pets HTTP/1.1" 400 123 "-" "-"
::ffff:127.0.0.1 - - [02/Oct/2025:16:56:57 +0000] "POST /api/auth/register HTTP/1.1" 201 - "-" "-"
::ffff:127.0.0.1 - - [02/Oct/2025:16:56:57 +0000] "POST /api/pets HTTP/1.1" 401 51 "-" "-"
::ffff:127.0.0.1 - - [02/Oct/2025:16:56:57 +0000] "POST /api/auth/register HTTP/1.1" 201 - "-" "-"
::ffff:127.0.0.1 - - [02/Oct/2025:16:56:57 +0000] "POST /api/pets HTTP/1.1" 201 - "-" "-"
::ffff:127.0.0.1 - - [02/Oct/2025:16:56:58 +0000] "POST /api/auth/register HTTP/1.1" 201 - "-" "-"
::ffff:127.0.0.1 - - [02/Oct/2025:16:56:58 +0000] "POST /api/pets HTTP/1.1" 201 - "-" "-"
::ffff:127.0.0.1 - - [02/Oct/2025:16:56:58 +0000] "GET /api/pets/discover HTTP/1.1" 200 - "-" "-"
::ffff:127.0.0.1 - - [02/Oct/2025:16:56:58 +0000] "POST /api/auth/register HTTP/1.1" 201 - "-" "-"
::ffff:127.0.0.1 - - [02/Oct/2025:16:56:58 +0000] "POST /api/pets HTTP/1.1" 201 - "-" "-"
::ffff:127.0.0.1 - - [02/Oct/2025:16:56:58 +0000] "GET /api/pets/discover?species=dog HTTP/1.1" 200 109 "-" "-"
::ffff:127.0.0.1 - - [02/Oct/2025:16:56:59 +0000] "POST /api/auth/register HTTP/1.1" 201 - "-" "-"
::ffff:127.0.0.1 - - [02/Oct/2025:16:56:59 +0000] "POST /api/pets HTTP/1.1" 201 - "-" "-"
::ffff:127.0.0.1 - - [02/Oct/2025:16:56:59 +0000] "GET /api/pets/discover HTTP/1.1" 401 51 "-" "-"
::ffff:127.0.0.1 - - [02/Oct/2025:16:56:59 +0000] "POST /api/auth/register HTTP/1.1" 201 - "-" "-"
::ffff:127.0.0.1 - - [02/Oct/2025:16:56:59 +0000] "GET /api/pets/my-pets HTTP/1.1" 200 35 "-" "-"
::ffff:127.0.0.1 - - [02/Oct/2025:16:57:00 +0000] "POST /api/auth/register HTTP/1.1" 201 - "-" "-"
::ffff:127.0.0.1 - - [02/Oct/2025:16:57:00 +0000] "POST /api/pets HTTP/1.1" 201 - "-" "-"
::ffff:127.0.0.1 - - [02/Oct/2025:16:57:00 +0000] "GET /api/pets/68deaedc20cd83cdad170391 HTTP/1.1" 200 - "-" "-"
::ffff:127.0.0.1 - - [02/Oct/2025:16:57:00 +0000] "POST /api/auth/register HTTP/1.1" 201 - "-" "-"
::ffff:127.0.0.1 - - [02/Oct/2025:16:57:00 +0000] "POST /api/pets HTTP/1.1" 201 - "-" "-"
::ffff:127.0.0.1 - - [02/Oct/2025:16:57:00 +0000] "GET /api/pets/68deaedc20cd83cdad1703a5 HTTP/1.1" 404 43 "-" "-"
::ffff:127.0.0.1 - - [02/Oct/2025:16:57:01 +0000] "POST /api/auth/register HTTP/1.1" 201 - "-" "-"
::ffff:127.0.0.1 - - [02/Oct/2025:16:57:01 +0000] "POST /api/pets HTTP/1.1" 201 - "-" "-"
::ffff:127.0.0.1 - - [02/Oct/2025:16:57:01 +0000] "PUT /api/pets/68deaedd20cd83cdad1703b1 HTTP/1.1" 200 - "-" "-"
::ffff:127.0.0.1 - - [02/Oct/2025:16:57:01 +0000] "POST /api/auth/register HTTP/1.1" 201 - "-" "-"
::ffff:127.0.0.1 - - [02/Oct/2025:16:57:01 +0000] "POST /api/pets HTTP/1.1" 201 - "-" "-"
::ffff:127.0.0.1 - - [02/Oct/2025:16:57:02 +0000] "POST /api/auth/register HTTP/1.1" 201 - "-" "-"
::ffff:127.0.0.1 - - [02/Oct/2025:16:57:02 +0000] "PUT /api/pets/68deaedd20cd83cdad1703c1 HTTP/1.1" 404 68 "-" "-"
::ffff:127.0.0.1 - - [02/Oct/2025:16:57:03 +0000] "POST /api/auth/register HTTP/1.1" 201 - "-" "-"
::ffff:127.0.0.1 - - [02/Oct/2025:16:57:03 +0000] "POST /api/pets HTTP/1.1" 201 - "-" "-"
::ffff:127.0.0.1 - - [02/Oct/2025:16:57:03 +0000] "DELETE /api/pets/68deaedf20cd83cdad1703d4 HTTP/1.1" 200 53 "-" "-"
::ffff:127.0.0.1 - - [02/Oct/2025:16:57:03 +0000] "GET /api/pets/68deaedf20cd83cdad1703d4 HTTP/1.1" 404 43 "-" "-"
::ffff:127.0.0.1 - - [02/Oct/2025:16:57:03 +0000] "POST /api/auth/register HTTP/1.1" 201 - "-" "-"
::ffff:127.0.0.1 - - [02/Oct/2025:16:57:03 +0000] "POST /api/pets HTTP/1.1" 201 - "-" "-"
::ffff:127.0.0.1 - - [02/Oct/2025:16:57:04 +0000] "POST /api/auth/register HTTP/1.1" 201 - "-" "-"
::ffff:127.0.0.1 - - [02/Oct/2025:16:57:04 +0000] "DELETE /api/pets/68deaedf20cd83cdad1703e7 HTTP/1.1" 404 68 "-" "-"
::ffff:127.0.0.1 - - [02/Oct/2025:16:57:05 +0000] "POST /api/auth/register HTTP/1.1" 201 - "-" "-"
::ffff:127.0.0.1 - - [02/Oct/2025:16:57:05 +0000] "GET /api/matches HTTP/1.1" 200 89 "-" "-"
::ffff:127.0.0.1 - - [02/Oct/2025:16:57:05 +0000] "POST /api/auth/register HTTP/1.1" 201 - "-" "-"
::ffff:127.0.0.1 - - [02/Oct/2025:16:57:05 +0000] "GET /api/matches HTTP/1.1" 401 51 "-" "-"
::ffff:127.0.0.1 - - [02/Oct/2025:16:57:06 +0000] "POST /api/auth/register HTTP/1.1" 201 - "-" "-"
::ffff:127.0.0.1 - - [02/Oct/2025:16:57:06 +0000] "GET /api/matches/stats HTTP/1.1" 200 112 "-" "-"
::ffff:127.0.0.1 - - [02/Oct/2025:16:57:07 +0000] "POST /api/auth/register HTTP/1.1" 201 - "-" "-"
::ffff:127.0.0.1 - - [02/Oct/2025:16:57:07 +0000] "GET /api/premium/features HTTP/1.1" 401 51 "-" "-"
::ffff:127.0.0.1 - - [02/Oct/2025:16:57:07 +0000] "POST /api/auth/register HTTP/1.1" 201 - "-" "-"
::ffff:127.0.0.1 - - [02/Oct/2025:16:57:07 +0000] "POST /api/premium/subscribe HTTP/1.1" 400 54 "-" "-"
::ffff:127.0.0.1 - - [02/Oct/2025:16:57:08 +0000] "POST /api/auth/register HTTP/1.1" 201 - "-" "-"
::ffff:127.0.0.1 - - [02/Oct/2025:16:57:08 +0000] "POST /api/premium/subscribe HTTP/1.1" 400 54 "-" "-"
::ffff:127.0.0.1 - - [02/Oct/2025:16:57:08 +0000] "POST /api/auth/register HTTP/1.1" 201 - "-" "-"
::ffff:127.0.0.1 - - [02/Oct/2025:16:57:08 +0000] "POST /api/premium/subscribe HTTP/1.1" 401 51 "-" "-"
::ffff:127.0.0.1 - - [02/Oct/2025:16:57:09 +0000] "POST /api/auth/register HTTP/1.1" 201 - "-" "-"
::ffff:127.0.0.1 - - [02/Oct/2025:16:57:09 +0000] "GET /health HTTP/1.1" 200 357 "-" "-"
::ffff:127.0.0.1 - - [02/Oct/2025:16:57:09 +0000] "POST /api/auth/register HTTP/1.1" 201 - "-" "-"
::ffff:127.0.0.1 - - [02/Oct/2025:16:57:09 +0000] "GET /health/ready HTTP/1.1" 200 2 "-" "-"
::ffff:127.0.0.1 - - [02/Oct/2025:16:57:10 +0000] "POST /api/auth/register HTTP/1.1" 201 - "-" "-"
::ffff:127.0.0.1 - - [02/Oct/2025:16:57:10 +0000] "GET /health/live HTTP/1.1" 200 2 "-" "-"
::ffff:127.0.0.1 - - [02/Oct/2025:16:57:10 +0000] "POST /api/auth/register HTTP/1.1" 201 - "-" "-"
::ffff:127.0.0.1 - - [02/Oct/2025:16:57:10 +0000] "GET /api/chat/online HTTP/1.1" 200 42 "-" "-"
::ffff:127.0.0.1 - - [02/Oct/2025:16:57:11 +0000] "POST /api/auth/register HTTP/1.1" 201 - "-" "-"
::ffff:127.0.0.1 - - [02/Oct/2025:16:57:11 +0000] "GET /api/chat/online HTTP/1.1" 401 51 "-" "-"
FAIL tests/integration/api-contract.test.js (32.826 s)
  ● Console

    console.log
      [dotenv@17.2.2] injecting env (16) from .env -- tip: ⚙️  suppress all logs with { quiet: true }

      at _log (../node_modules/.pnpm/dotenv@17.2.2/node_modules/dotenv/lib/main.js:139:11)

    console.log
      🔍 Validating environment variables...

      at log (src/utils/validateEnv.js:24:11)

    console.log
      ✅ test mode - using relaxed validation

      at log (src/utils/validateEnv.js:28:13)

    console.log
      
      📋 Configuration:

      at log (src/utils/validateEnv.js:29:13)

    console.log
        • Node Environment: test

      at log (src/utils/validateEnv.js:30:13)

    console.log
        • Port: 5001

      at log (src/utils/validateEnv.js:31:13)

    console.log
        • Client URL: http://localhost:3000

      at log (src/utils/validateEnv.js:32:13)

    console.log
        • MongoDB: ✓ Configured

      at log (src/utils/validateEnv.js:33:13)

    console.log
        • JWT Secret: ✓ Set

      at log (src/utils/validateEnv.js:34:13)

    console.log


      at log (src/utils/validateEnv.js:35:13)

    console.log
      ✅ WebRTC signaling service initialized

      at Object.log (server.js:244:11)

    console.log
      🗺️ Map socket server initialized

      at Object.log (server.js:256:11)

    console.error
      Email sending error: Error: Invalid login: 535-5.7.8 Username and Password not accepted. For more information, go to
      535 5.7.8  https://support.google.com/mail/?p=BadCredentials 5b1f17b1804b1-46e61a0204fsm91590865e9.14 - gsmtp
          at SMTPConnection._formatError (/Users/elvira/Downloads/pets-pr-1/node_modules/.pnpm/nodemailer@7.0.6/node_modules/nodemailer/lib/smtp-connection/index.js:809:19)
          at SMTPConnection._actionAUTHComplete (/Users/elvira/Downloads/pets-pr-1/node_modules/.pnpm/nodemailer@7.0.6/node_modules/nodemailer/lib/smtp-connection/index.js:1588:34)
          at SMTPConnection.<anonymous> (/Users/elvira/Downloads/pets-pr-1/node_modules/.pnpm/nodemailer@7.0.6/node_modules/nodemailer/lib/smtp-connection/index.js:556:26)
          at SMTPConnection._processResponse (/Users/elvira/Downloads/pets-pr-1/node_modules/.pnpm/nodemailer@7.0.6/node_modules/nodemailer/lib/smtp-connection/index.js:993:20)
          at SMTPConnection._onData (/Users/elvira/Downloads/pets-pr-1/node_modules/.pnpm/nodemailer@7.0.6/node_modules/nodemailer/lib/smtp-connection/index.js:774:14)
          at TLSSocket.SMTPConnection._onSocketData (/Users/elvira/Downloads/pets-pr-1/node_modules/.pnpm/nodemailer@7.0.6/node_modules/nodemailer/lib/smtp-connection/index.js:195:44)
          at TLSSocket.emit (node:events:508:28)
          at addChunk (node:internal/streams/readable:559:12)
          at readableAddChunkPushByteMode (node:internal/streams/readable:510:3)
          at TLSSocket.Readable.push (node:internal/streams/readable:390:5)
          at TLSWrap.onStreamRead (node:internal/stream_base_commons:189:23) {
        code: 'EAUTH',
        response: '535-5.7.8 Username and Password not accepted. For more information, go to\n' +
          '535 5.7.8  https://support.google.com/mail/?p=BadCredentials 5b1f17b1804b1-46e61a0204fsm91590865e9.14 - gsmtp',
        responseCode: 535,
        command: 'AUTH PLAIN'
      }

      216 |
      217 |   } catch (error) {
    > 218 |     console.error('Email sending error:', error);
          |             ^
      219 |     throw error;
      220 |   }
      221 | };

      at error (src/services/emailService.js:218:13)
      at register (src/controllers/authController.js:73:7)

    console.error
      Email sending error: Error: Invalid login: 535-5.7.8 Username and Password not accepted. For more information, go to
      535 5.7.8  https://support.google.com/mail/?p=BadCredentials 5b1f17b1804b1-46e61a0204fsm91590865e9.14 - gsmtp
          at SMTPConnection._formatError (/Users/elvira/Downloads/pets-pr-1/node_modules/.pnpm/nodemailer@7.0.6/node_modules/nodemailer/lib/smtp-connection/index.js:809:19)
          at SMTPConnection._actionAUTHComplete (/Users/elvira/Downloads/pets-pr-1/node_modules/.pnpm/nodemailer@7.0.6/node_modules/nodemailer/lib/smtp-connection/index.js:1588:34)
          at SMTPConnection.<anonymous> (/Users/elvira/Downloads/pets-pr-1/node_modules/.pnpm/nodemailer@7.0.6/node_modules/nodemailer/lib/smtp-connection/index.js:556:26)
          at SMTPConnection._processResponse (/Users/elvira/Downloads/pets-pr-1/node_modules/.pnpm/nodemailer@7.0.6/node_modules/nodemailer/lib/smtp-connection/index.js:993:20)
          at SMTPConnection._onData (/Users/elvira/Downloads/pets-pr-1/node_modules/.pnpm/nodemailer@7.0.6/node_modules/nodemailer/lib/smtp-connection/index.js:774:14)
          at TLSSocket.SMTPConnection._onSocketData (/Users/elvira/Downloads/pets-pr-1/node_modules/.pnpm/nodemailer@7.0.6/node_modules/nodemailer/lib/smtp-connection/index.js:195:44)
          at TLSSocket.emit (node:events:508:28)
          at addChunk (node:internal/streams/readable:559:12)
          at readableAddChunkPushByteMode (node:internal/streams/readable:510:3)
          at TLSSocket.Readable.push (node:internal/streams/readable:390:5)
          at TLSWrap.onStreamRead (node:internal/stream_base_commons:189:23) {
        code: 'EAUTH',
        response: '535-5.7.8 Username and Password not accepted. For more information, go to\n' +
          '535 5.7.8  https://support.google.com/mail/?p=BadCredentials 5b1f17b1804b1-46e61a0204fsm91590865e9.14 - gsmtp',
        responseCode: 535,
        command: 'AUTH PLAIN'
      }

      81 |       });
      82 |     } catch (emailError) {
    > 83 |       console.error('Email sending error:', emailError);
         |               ^
      84 |       // Don't fail registration if email fails
      85 |     }
      86 |

      at error (src/controllers/authController.js:83:15)

    console.error
      Email sending error: Error: Invalid login: 535-5.7.8 Username and Password not accepted. For more information, go to
      535 5.7.8  https://support.google.com/mail/?p=BadCredentials ffacd0b85a97d-4255d8a6bbesm4310754f8f.12 - gsmtp
          at SMTPConnection._formatError (/Users/elvira/Downloads/pets-pr-1/node_modules/.pnpm/nodemailer@7.0.6/node_modules/nodemailer/lib/smtp-connection/index.js:809:19)
          at SMTPConnection._actionAUTHComplete (/Users/elvira/Downloads/pets-pr-1/node_modules/.pnpm/nodemailer@7.0.6/node_modules/nodemailer/lib/smtp-connection/index.js:1588:34)
          at SMTPConnection.<anonymous> (/Users/elvira/Downloads/pets-pr-1/node_modules/.pnpm/nodemailer@7.0.6/node_modules/nodemailer/lib/smtp-connection/index.js:556:26)
          at SMTPConnection._processResponse (/Users/elvira/Downloads/pets-pr-1/node_modules/.pnpm/nodemailer@7.0.6/node_modules/nodemailer/lib/smtp-connection/index.js:993:20)
          at SMTPConnection._onData (/Users/elvira/Downloads/pets-pr-1/node_modules/.pnpm/nodemailer@7.0.6/node_modules/nodemailer/lib/smtp-connection/index.js:774:14)
          at TLSSocket.SMTPConnection._onSocketData (/Users/elvira/Downloads/pets-pr-1/node_modules/.pnpm/nodemailer@7.0.6/node_modules/nodemailer/lib/smtp-connection/index.js:195:44)
          at TLSSocket.emit (node:events:508:28)
          at addChunk (node:internal/streams/readable:559:12)
          at readableAddChunkPushByteMode (node:internal/streams/readable:510:3)
          at TLSSocket.Readable.push (node:internal/streams/readable:390:5)
          at TLSWrap.onStreamRead (node:internal/stream_base_commons:189:23) {
        code: 'EAUTH',
        response: '535-5.7.8 Username and Password not accepted. For more information, go to\n' +
          '535 5.7.8  https://support.google.com/mail/?p=BadCredentials ffacd0b85a97d-4255d8a6bbesm4310754f8f.12 - gsmtp',
        responseCode: 535,
        command: 'AUTH PLAIN'
      }

      216 |
      217 |   } catch (error) {
    > 218 |     console.error('Email sending error:', error);
          |             ^
      219 |     throw error;
      220 |   }
      221 | };

      at error (src/services/emailService.js:218:13)
      at register (src/controllers/authController.js:73:7)

    console.error
      Email sending error: Error: Invalid login: 535-5.7.8 Username and Password not accepted. For more information, go to
      535 5.7.8  https://support.google.com/mail/?p=BadCredentials ffacd0b85a97d-4255d8a6bbesm4310754f8f.12 - gsmtp
          at SMTPConnection._formatError (/Users/elvira/Downloads/pets-pr-1/node_modules/.pnpm/nodemailer@7.0.6/node_modules/nodemailer/lib/smtp-connection/index.js:809:19)
          at SMTPConnection._actionAUTHComplete (/Users/elvira/Downloads/pets-pr-1/node_modules/.pnpm/nodemailer@7.0.6/node_modules/nodemailer/lib/smtp-connection/index.js:1588:34)
          at SMTPConnection.<anonymous> (/Users/elvira/Downloads/pets-pr-1/node_modules/.pnpm/nodemailer@7.0.6/node_modules/nodemailer/lib/smtp-connection/index.js:556:26)
          at SMTPConnection._processResponse (/Users/elvira/Downloads/pets-pr-1/node_modules/.pnpm/nodemailer@7.0.6/node_modules/nodemailer/lib/smtp-connection/index.js:993:20)
          at SMTPConnection._onData (/Users/elvira/Downloads/pets-pr-1/node_modules/.pnpm/nodemailer@7.0.6/node_modules/nodemailer/lib/smtp-connection/index.js:774:14)
          at TLSSocket.SMTPConnection._onSocketData (/Users/elvira/Downloads/pets-pr-1/node_modules/.pnpm/nodemailer@7.0.6/node_modules/nodemailer/lib/smtp-connection/index.js:195:44)
          at TLSSocket.emit (node:events:508:28)
          at addChunk (node:internal/streams/readable:559:12)
          at readableAddChunkPushByteMode (node:internal/streams/readable:510:3)
          at TLSSocket.Readable.push (node:internal/streams/readable:390:5)
          at TLSWrap.onStreamRead (node:internal/stream_base_commons:189:23) {
        code: 'EAUTH',
        response: '535-5.7.8 Username and Password not accepted. For more information, go to\n' +
          '535 5.7.8  https://support.google.com/mail/?p=BadCredentials ffacd0b85a97d-4255d8a6bbesm4310754f8f.12 - gsmtp',
        responseCode: 535,
        command: 'AUTH PLAIN'
      }

      81 |       });
      82 |     } catch (emailError) {
    > 83 |       console.error('Email sending error:', emailError);
         |               ^
      84 |       // Don't fail registration if email fails
      85 |     }
      86 |

      at error (src/controllers/authController.js:83:15)

    console.error
      Email sending error: Error: Invalid login: 535-5.7.8 Username and Password not accepted. For more information, go to
      535 5.7.8  https://support.google.com/mail/?p=BadCredentials ffacd0b85a97d-4255d8e9780sm4285059f8f.29 - gsmtp
          at SMTPConnection._formatError (/Users/elvira/Downloads/pets-pr-1/node_modules/.pnpm/nodemailer@7.0.6/node_modules/nodemailer/lib/smtp-connection/index.js:809:19)
          at SMTPConnection._actionAUTHComplete (/Users/elvira/Downloads/pets-pr-1/node_modules/.pnpm/nodemailer@7.0.6/node_modules/nodemailer/lib/smtp-connection/index.js:1588:34)
          at SMTPConnection.<anonymous> (/Users/elvira/Downloads/pets-pr-1/node_modules/.pnpm/nodemailer@7.0.6/node_modules/nodemailer/lib/smtp-connection/index.js:556:26)
          at SMTPConnection._processResponse (/Users/elvira/Downloads/pets-pr-1/node_modules/.pnpm/nodemailer@7.0.6/node_modules/nodemailer/lib/smtp-connection/index.js:993:20)
          at SMTPConnection._onData (/Users/elvira/Downloads/pets-pr-1/node_modules/.pnpm/nodemailer@7.0.6/node_modules/nodemailer/lib/smtp-connection/index.js:774:14)
          at TLSSocket.SMTPConnection._onSocketData (/Users/elvira/Downloads/pets-pr-1/node_modules/.pnpm/nodemailer@7.0.6/node_modules/nodemailer/lib/smtp-connection/index.js:195:44)
          at TLSSocket.emit (node:events:508:28)
          at addChunk (node:internal/streams/readable:559:12)
          at readableAddChunkPushByteMode (node:internal/streams/readable:510:3)
          at TLSSocket.Readable.push (node:internal/streams/readable:390:5)
          at TLSWrap.onStreamRead (node:internal/stream_base_commons:189:23) {
        code: 'EAUTH',
        response: '535-5.7.8 Username and Password not accepted. For more information, go to\n' +
          '535 5.7.8  https://support.google.com/mail/?p=BadCredentials ffacd0b85a97d-4255d8e9780sm4285059f8f.29 - gsmtp',
        responseCode: 535,
        command: 'AUTH PLAIN'
      }

      216 |
      217 |   } catch (error) {
    > 218 |     console.error('Email sending error:', error);
          |             ^
      219 |     throw error;
      220 |   }
      221 | };

      at error (src/services/emailService.js:218:13)
      at register (src/controllers/authController.js:73:7)

    console.error
      Email sending error: Error: Invalid login: 535-5.7.8 Username and Password not accepted. For more information, go to
      535 5.7.8  https://support.google.com/mail/?p=BadCredentials ffacd0b85a97d-4255d8e9780sm4285059f8f.29 - gsmtp
          at SMTPConnection._formatError (/Users/elvira/Downloads/pets-pr-1/node_modules/.pnpm/nodemailer@7.0.6/node_modules/nodemailer/lib/smtp-connection/index.js:809:19)
          at SMTPConnection._actionAUTHComplete (/Users/elvira/Downloads/pets-pr-1/node_modules/.pnpm/nodemailer@7.0.6/node_modules/nodemailer/lib/smtp-connection/index.js:1588:34)
          at SMTPConnection.<anonymous> (/Users/elvira/Downloads/pets-pr-1/node_modules/.pnpm/nodemailer@7.0.6/node_modules/nodemailer/lib/smtp-connection/index.js:556:26)
          at SMTPConnection._processResponse (/Users/elvira/Downloads/pets-pr-1/node_modules/.pnpm/nodemailer@7.0.6/node_modules/nodemailer/lib/smtp-connection/index.js:993:20)
          at SMTPConnection._onData (/Users/elvira/Downloads/pets-pr-1/node_modules/.pnpm/nodemailer@7.0.6/node_modules/nodemailer/lib/smtp-connection/index.js:774:14)
          at TLSSocket.SMTPConnection._onSocketData (/Users/elvira/Downloads/pets-pr-1/node_modules/.pnpm/nodemailer@7.0.6/node_modules/nodemailer/lib/smtp-connection/index.js:195:44)
          at TLSSocket.emit (node:events:508:28)
          at addChunk (node:internal/streams/readable:559:12)
          at readableAddChunkPushByteMode (node:internal/streams/readable:510:3)
          at TLSSocket.Readable.push (node:internal/streams/readable:390:5)
          at TLSWrap.onStreamRead (node:internal/stream_base_commons:189:23) {
        code: 'EAUTH',
        response: '535-5.7.8 Username and Password not accepted. For more information, go to\n' +
          '535 5.7.8  https://support.google.com/mail/?p=BadCredentials ffacd0b85a97d-4255d8e9780sm4285059f8f.29 - gsmtp',
        responseCode: 535,
        command: 'AUTH PLAIN'
      }

      81 |       });
      82 |     } catch (emailError) {
    > 83 |       console.error('Email sending error:', emailError);
         |               ^
      84 |       // Don't fail registration if email fails
      85 |     }
      86 |

      at error (src/controllers/authController.js:83:15)

    console.error
      Email sending error: Error: Invalid login: 535-5.7.8 Username and Password not accepted. For more information, go to
      535 5.7.8  https://support.google.com/mail/?p=BadCredentials 5b1f17b1804b1-46e61a0204fsm91591915e9.14 - gsmtp
          at SMTPConnection._formatError (/Users/elvira/Downloads/pets-pr-1/node_modules/.pnpm/nodemailer@7.0.6/node_modules/nodemailer/lib/smtp-connection/index.js:809:19)
          at SMTPConnection._actionAUTHComplete (/Users/elvira/Downloads/pets-pr-1/node_modules/.pnpm/nodemailer@7.0.6/node_modules/nodemailer/lib/smtp-connection/index.js:1588:34)
          at SMTPConnection.<anonymous> (/Users/elvira/Downloads/pets-pr-1/node_modules/.pnpm/nodemailer@7.0.6/node_modules/nodemailer/lib/smtp-connection/index.js:556:26)
          at SMTPConnection._processResponse (/Users/elvira/Downloads/pets-pr-1/node_modules/.pnpm/nodemailer@7.0.6/node_modules/nodemailer/lib/smtp-connection/index.js:993:20)
          at SMTPConnection._onData (/Users/elvira/Downloads/pets-pr-1/node_modules/.pnpm/nodemailer@7.0.6/node_modules/nodemailer/lib/smtp-connection/index.js:774:14)
          at TLSSocket.SMTPConnection._onSocketData (/Users/elvira/Downloads/pets-pr-1/node_modules/.pnpm/nodemailer@7.0.6/node_modules/nodemailer/lib/smtp-connection/index.js:195:44)
          at TLSSocket.emit (node:events:508:28)
          at addChunk (node:internal/streams/readable:559:12)
          at readableAddChunkPushByteMode (node:internal/streams/readable:510:3)
          at TLSSocket.Readable.push (node:internal/streams/readable:390:5)
          at TLSWrap.onStreamRead (node:internal/stream_base_commons:189:23) {
        code: 'EAUTH',
        response: '535-5.7.8 Username and Password not accepted. For more information, go to\n' +
          '535 5.7.8  https://support.google.com/mail/?p=BadCredentials 5b1f17b1804b1-46e61a0204fsm91591915e9.14 - gsmtp',
        responseCode: 535,
        command: 'AUTH PLAIN'
      }

      216 |
      217 |   } catch (error) {
    > 218 |     console.error('Email sending error:', error);
          |             ^
      219 |     throw error;
      220 |   }
      221 | };

      at error (src/services/emailService.js:218:13)
      at register (src/controllers/authController.js:73:7)

    console.error
      Email sending error: Error: Invalid login: 535-5.7.8 Username and Password not accepted. For more information, go to
      535 5.7.8  https://support.google.com/mail/?p=BadCredentials 5b1f17b1804b1-46e61a0204fsm91591915e9.14 - gsmtp
          at SMTPConnection._formatError (/Users/elvira/Downloads/pets-pr-1/node_modules/.pnpm/nodemailer@7.0.6/node_modules/nodemailer/lib/smtp-connection/index.js:809:19)
          at SMTPConnection._actionAUTHComplete (/Users/elvira/Downloads/pets-pr-1/node_modules/.pnpm/nodemailer@7.0.6/node_modules/nodemailer/lib/smtp-connection/index.js:1588:34)
          at SMTPConnection.<anonymous> (/Users/elvira/Downloads/pets-pr-1/node_modules/.pnpm/nodemailer@7.0.6/node_modules/nodemailer/lib/smtp-connection/index.js:556:26)
          at SMTPConnection._processResponse (/Users/elvira/Downloads/pets-pr-1/node_modules/.pnpm/nodemailer@7.0.6/node_modules/nodemailer/lib/smtp-connection/index.js:993:20)
          at SMTPConnection._onData (/Users/elvira/Downloads/pets-pr-1/node_modules/.pnpm/nodemailer@7.0.6/node_modules/nodemailer/lib/smtp-connection/index.js:774:14)
          at TLSSocket.SMTPConnection._onSocketData (/Users/elvira/Downloads/pets-pr-1/node_modules/.pnpm/nodemailer@7.0.6/node_modules/nodemailer/lib/smtp-connection/index.js:195:44)
          at TLSSocket.emit (node:events:508:28)
          at addChunk (node:internal/streams/readable:559:12)
          at readableAddChunkPushByteMode (node:internal/streams/readable:510:3)
          at TLSSocket.Readable.push (node:internal/streams/readable:390:5)
          at TLSWrap.onStreamRead (node:internal/stream_base_commons:189:23) {
        code: 'EAUTH',
        response: '535-5.7.8 Username and Password not accepted. For more information, go to\n' +
          '535 5.7.8  https://support.google.com/mail/?p=BadCredentials 5b1f17b1804b1-46e61a0204fsm91591915e9.14 - gsmtp',
        responseCode: 535,
        command: 'AUTH PLAIN'
      }

      81 |       });
      82 |     } catch (emailError) {
    > 83 |       console.error('Email sending error:', emailError);
         |               ^
      84 |       // Don't fail registration if email fails
      85 |     }
      86 |

      at error (src/controllers/authController.js:83:15)

    console.error
      Email sending error: Error: Invalid login: 535-5.7.8 Username and Password not accepted. For more information, go to
      535 5.7.8  https://support.google.com/mail/?p=BadCredentials 5b1f17b1804b1-46e693c9ca3sm41705555e9.22 - gsmtp
          at SMTPConnection._formatError (/Users/elvira/Downloads/pets-pr-1/node_modules/.pnpm/nodemailer@7.0.6/node_modules/nodemailer/lib/smtp-connection/index.js:809:19)
          at SMTPConnection._actionAUTHComplete (/Users/elvira/Downloads/pets-pr-1/node_modules/.pnpm/nodemailer@7.0.6/node_modules/nodemailer/lib/smtp-connection/index.js:1588:34)
          at SMTPConnection.<anonymous> (/Users/elvira/Downloads/pets-pr-1/node_modules/.pnpm/nodemailer@7.0.6/node_modules/nodemailer/lib/smtp-connection/index.js:556:26)
          at SMTPConnection._processResponse (/Users/elvira/Downloads/pets-pr-1/node_modules/.pnpm/nodemailer@7.0.6/node_modules/nodemailer/lib/smtp-connection/index.js:993:20)
          at SMTPConnection._onData (/Users/elvira/Downloads/pets-pr-1/node_modules/.pnpm/nodemailer@7.0.6/node_modules/nodemailer/lib/smtp-connection/index.js:774:14)
          at TLSSocket.SMTPConnection._onSocketData (/Users/elvira/Downloads/pets-pr-1/node_modules/.pnpm/nodemailer@7.0.6/node_modules/nodemailer/lib/smtp-connection/index.js:195:44)
          at TLSSocket.emit (node:events:508:28)
          at addChunk (node:internal/streams/readable:559:12)
          at readableAddChunkPushByteMode (node:internal/streams/readable:510:3)
          at TLSSocket.Readable.push (node:internal/streams/readable:390:5)
          at TLSWrap.onStreamRead (node:internal/stream_base_commons:189:23) {
        code: 'EAUTH',
        response: '535-5.7.8 Username and Password not accepted. For more information, go to\n' +
          '535 5.7.8  https://support.google.com/mail/?p=BadCredentials 5b1f17b1804b1-46e693c9ca3sm41705555e9.22 - gsmtp',
        responseCode: 535,
        command: 'AUTH PLAIN'
      }

      216 |
      217 |   } catch (error) {
    > 218 |     console.error('Email sending error:', error);
          |             ^
      219 |     throw error;
      220 |   }
      221 | };

      at error (src/services/emailService.js:218:13)
      at register (src/controllers/authController.js:73:7)

    console.error
      Email sending error: Error: Invalid login: 535-5.7.8 Username and Password not accepted. For more information, go to
      535 5.7.8  https://support.google.com/mail/?p=BadCredentials 5b1f17b1804b1-46e693c9ca3sm41705555e9.22 - gsmtp
          at SMTPConnection._formatError (/Users/elvira/Downloads/pets-pr-1/node_modules/.pnpm/nodemailer@7.0.6/node_modules/nodemailer/lib/smtp-connection/index.js:809:19)
          at SMTPConnection._actionAUTHComplete (/Users/elvira/Downloads/pets-pr-1/node_modules/.pnpm/nodemailer@7.0.6/node_modules/nodemailer/lib/smtp-connection/index.js:1588:34)
          at SMTPConnection.<anonymous> (/Users/elvira/Downloads/pets-pr-1/node_modules/.pnpm/nodemailer@7.0.6/node_modules/nodemailer/lib/smtp-connection/index.js:556:26)
          at SMTPConnection._processResponse (/Users/elvira/Downloads/pets-pr-1/node_modules/.pnpm/nodemailer@7.0.6/node_modules/nodemailer/lib/smtp-connection/index.js:993:20)
          at SMTPConnection._onData (/Users/elvira/Downloads/pets-pr-1/node_modules/.pnpm/nodemailer@7.0.6/node_modules/nodemailer/lib/smtp-connection/index.js:774:14)
          at TLSSocket.SMTPConnection._onSocketData (/Users/elvira/Downloads/pets-pr-1/node_modules/.pnpm/nodemailer@7.0.6/node_modules/nodemailer/lib/smtp-connection/index.js:195:44)
          at TLSSocket.emit (node:events:508:28)
          at addChunk (node:internal/streams/readable:559:12)
          at readableAddChunkPushByteMode (node:internal/streams/readable:510:3)
          at TLSSocket.Readable.push (node:internal/streams/readable:390:5)
          at TLSWrap.onStreamRead (node:internal/stream_base_commons:189:23) {
        code: 'EAUTH',
        response: '535-5.7.8 Username and Password not accepted. For more information, go to\n' +
          '535 5.7.8  https://support.google.com/mail/?p=BadCredentials 5b1f17b1804b1-46e693c9ca3sm41705555e9.22 - gsmtp',
        responseCode: 535,
        command: 'AUTH PLAIN'
      }

      81 |       });
      82 |     } catch (emailError) {
    > 83 |       console.error('Email sending error:', emailError);
         |               ^
      84 |       // Don't fail registration if email fails
      85 |     }
      86 |

      at error (src/controllers/authController.js:83:15)

    console.error
      Email sending error: Error: Invalid login: 535-5.7.8 Username and Password not accepted. For more information, go to
      535 5.7.8  https://support.google.com/mail/?p=BadCredentials ffacd0b85a97d-4255d8a6b8bsm4327705f8f.4 - gsmtp
          at SMTPConnection._formatError (/Users/elvira/Downloads/pets-pr-1/node_modules/.pnpm/nodemailer@7.0.6/node_modules/nodemailer/lib/smtp-connection/index.js:809:19)
          at SMTPConnection._actionAUTHComplete (/Users/elvira/Downloads/pets-pr-1/node_modules/.pnpm/nodemailer@7.0.6/node_modules/nodemailer/lib/smtp-connection/index.js:1588:34)
          at SMTPConnection.<anonymous> (/Users/elvira/Downloads/pets-pr-1/node_modules/.pnpm/nodemailer@7.0.6/node_modules/nodemailer/lib/smtp-connection/index.js:556:26)
          at SMTPConnection._processResponse (/Users/elvira/Downloads/pets-pr-1/node_modules/.pnpm/nodemailer@7.0.6/node_modules/nodemailer/lib/smtp-connection/index.js:993:20)
          at SMTPConnection._onData (/Users/elvira/Downloads/pets-pr-1/node_modules/.pnpm/nodemailer@7.0.6/node_modules/nodemailer/lib/smtp-connection/index.js:774:14)
          at TLSSocket.SMTPConnection._onSocketData (/Users/elvira/Downloads/pets-pr-1/node_modules/.pnpm/nodemailer@7.0.6/node_modules/nodemailer/lib/smtp-connection/index.js:195:44)
          at TLSSocket.emit (node:events:508:28)
          at addChunk (node:internal/streams/readable:559:12)
          at readableAddChunkPushByteMode (node:internal/streams/readable:510:3)
          at TLSSocket.Readable.push (node:internal/streams/readable:390:5)
          at TLSWrap.onStreamRead (node:internal/stream_base_commons:189:23) {
        code: 'EAUTH',
        response: '535-5.7.8 Username and Password not accepted. For more information, go to\n' +
          '535 5.7.8  https://support.google.com/mail/?p=BadCredentials ffacd0b85a97d-4255d8a6b8bsm4327705f8f.4 - gsmtp',
        responseCode: 535,
        command: 'AUTH PLAIN'
      }

      216 |
      217 |   } catch (error) {
    > 218 |     console.error('Email sending error:', error);
          |             ^
      219 |     throw error;
      220 |   }
      221 | };

      at error (src/services/emailService.js:218:13)
      at register (src/controllers/authController.js:73:7)

    console.error
      Email sending error: Error: Invalid login: 535-5.7.8 Username and Password not accepted. For more information, go to
      535 5.7.8  https://support.google.com/mail/?p=BadCredentials ffacd0b85a97d-4255d8a6b8bsm4327705f8f.4 - gsmtp
          at SMTPConnection._formatError (/Users/elvira/Downloads/pets-pr-1/node_modules/.pnpm/nodemailer@7.0.6/node_modules/nodemailer/lib/smtp-connection/index.js:809:19)
          at SMTPConnection._actionAUTHComplete (/Users/elvira/Downloads/pets-pr-1/node_modules/.pnpm/nodemailer@7.0.6/node_modules/nodemailer/lib/smtp-connection/index.js:1588:34)
          at SMTPConnection.<anonymous> (/Users/elvira/Downloads/pets-pr-1/node_modules/.pnpm/nodemailer@7.0.6/node_modules/nodemailer/lib/smtp-connection/index.js:556:26)
          at SMTPConnection._processResponse (/Users/elvira/Downloads/pets-pr-1/node_modules/.pnpm/nodemailer@7.0.6/node_modules/nodemailer/lib/smtp-connection/index.js:993:20)
          at SMTPConnection._onData (/Users/elvira/Downloads/pets-pr-1/node_modules/.pnpm/nodemailer@7.0.6/node_modules/nodemailer/lib/smtp-connection/index.js:774:14)
          at TLSSocket.SMTPConnection._onSocketData (/Users/elvira/Downloads/pets-pr-1/node_modules/.pnpm/nodemailer@7.0.6/node_modules/nodemailer/lib/smtp-connection/index.js:195:44)
          at TLSSocket.emit (node:events:508:28)
          at addChunk (node:internal/streams/readable:559:12)
          at readableAddChunkPushByteMode (node:internal/streams/readable:510:3)
          at TLSSocket.Readable.push (node:internal/streams/readable:390:5)
          at TLSWrap.onStreamRead (node:internal/stream_base_commons:189:23) {
        code: 'EAUTH',
        response: '535-5.7.8 Username and Password not accepted. For more information, go to\n' +
          '535 5.7.8  https://support.google.com/mail/?p=BadCredentials ffacd0b85a97d-4255d8a6b8bsm4327705f8f.4 - gsmtp',
        responseCode: 535,
        command: 'AUTH PLAIN'
      }

      81 |       });
      82 |     } catch (emailError) {
    > 83 |       console.error('Email sending error:', emailError);
         |               ^
      84 |       // Don't fail registration if email fails
      85 |     }
      86 |

      at error (src/controllers/authController.js:83:15)

    console.error
      Email sending error: Error: Invalid login: 535-5.7.8 Username and Password not accepted. For more information, go to
      535 5.7.8  https://support.google.com/mail/?p=BadCredentials ffacd0b85a97d-4255d8abe9bsm4386129f8f.22 - gsmtp
          at SMTPConnection._formatError (/Users/elvira/Downloads/pets-pr-1/node_modules/.pnpm/nodemailer@7.0.6/node_modules/nodemailer/lib/smtp-connection/index.js:809:19)
          at SMTPConnection._actionAUTHComplete (/Users/elvira/Downloads/pets-pr-1/node_modules/.pnpm/nodemailer@7.0.6/node_modules/nodemailer/lib/smtp-connection/index.js:1588:34)
          at SMTPConnection.<anonymous> (/Users/elvira/Downloads/pets-pr-1/node_modules/.pnpm/nodemailer@7.0.6/node_modules/nodemailer/lib/smtp-connection/index.js:556:26)
          at SMTPConnection._processResponse (/Users/elvira/Downloads/pets-pr-1/node_modules/.pnpm/nodemailer@7.0.6/node_modules/nodemailer/lib/smtp-connection/index.js:993:20)
          at SMTPConnection._onData (/Users/elvira/Downloads/pets-pr-1/node_modules/.pnpm/nodemailer@7.0.6/node_modules/nodemailer/lib/smtp-connection/index.js:774:14)
          at TLSSocket.SMTPConnection._onSocketData (/Users/elvira/Downloads/pets-pr-1/node_modules/.pnpm/nodemailer@7.0.6/node_modules/nodemailer/lib/smtp-connection/index.js:195:44)
          at TLSSocket.emit (node:events:508:28)
          at addChunk (node:internal/streams/readable:559:12)
          at readableAddChunkPushByteMode (node:internal/streams/readable:510:3)
          at TLSSocket.Readable.push (node:internal/streams/readable:390:5)
          at TLSWrap.onStreamRead (node:internal/stream_base_commons:189:23) {
        code: 'EAUTH',
        response: '535-5.7.8 Username and Password not accepted. For more information, go to\n' +
          '535 5.7.8  https://support.google.com/mail/?p=BadCredentials ffacd0b85a97d-4255d8abe9bsm4386129f8f.22 - gsmtp',
        responseCode: 535,
        command: 'AUTH PLAIN'
      }

      216 |
      217 |   } catch (error) {
    > 218 |     console.error('Email sending error:', error);
          |             ^
      219 |     throw error;
      220 |   }
      221 | };

      at error (src/services/emailService.js:218:13)
      at register (src/controllers/authController.js:73:7)

    console.error
      Email sending error: Error: Invalid login: 535-5.7.8 Username and Password not accepted. For more information, go to
      535 5.7.8  https://support.google.com/mail/?p=BadCredentials ffacd0b85a97d-4255d8abe9bsm4386129f8f.22 - gsmtp
          at SMTPConnection._formatError (/Users/elvira/Downloads/pets-pr-1/node_modules/.pnpm/nodemailer@7.0.6/node_modules/nodemailer/lib/smtp-connection/index.js:809:19)
          at SMTPConnection._actionAUTHComplete (/Users/elvira/Downloads/pets-pr-1/node_modules/.pnpm/nodemailer@7.0.6/node_modules/nodemailer/lib/smtp-connection/index.js:1588:34)
          at SMTPConnection.<anonymous> (/Users/elvira/Downloads/pets-pr-1/node_modules/.pnpm/nodemailer@7.0.6/node_modules/nodemailer/lib/smtp-connection/index.js:556:26)
          at SMTPConnection._processResponse (/Users/elvira/Downloads/pets-pr-1/node_modules/.pnpm/nodemailer@7.0.6/node_modules/nodemailer/lib/smtp-connection/index.js:993:20)
          at SMTPConnection._onData (/Users/elvira/Downloads/pets-pr-1/node_modules/.pnpm/nodemailer@7.0.6/node_modules/nodemailer/lib/smtp-connection/index.js:774:14)
          at TLSSocket.SMTPConnection._onSocketData (/Users/elvira/Downloads/pets-pr-1/node_modules/.pnpm/nodemailer@7.0.6/node_modules/nodemailer/lib/smtp-connection/index.js:195:44)
          at TLSSocket.emit (node:events:508:28)
          at addChunk (node:internal/streams/readable:559:12)
          at readableAddChunkPushByteMode (node:internal/streams/readable:510:3)
          at TLSSocket.Readable.push (node:internal/streams/readable:390:5)
          at TLSWrap.onStreamRead (node:internal/stream_base_commons:189:23) {
        code: 'EAUTH',
        response: '535-5.7.8 Username and Password not accepted. For more information, go to\n' +
          '535 5.7.8  https://support.google.com/mail/?p=BadCredentials ffacd0b85a97d-4255d8abe9bsm4386129f8f.22 - gsmtp',
        responseCode: 535,
        command: 'AUTH PLAIN'
      }

      81 |       });
      82 |     } catch (emailError) {
    > 83 |       console.error('Email sending error:', emailError);
         |               ^
      84 |       // Don't fail registration if email fails
      85 |     }
      86 |

      at error (src/controllers/authController.js:83:15)

    console.error
      Email sending error: Error: Invalid login: 535-5.7.8 Username and Password not accepted. For more information, go to
      535 5.7.8  https://support.google.com/mail/?p=BadCredentials ffacd0b85a97d-4255d8ab8b0sm4339271f8f.18 - gsmtp
          at SMTPConnection._formatError (/Users/elvira/Downloads/pets-pr-1/node_modules/.pnpm/nodemailer@7.0.6/node_modules/nodemailer/lib/smtp-connection/index.js:809:19)
          at SMTPConnection._actionAUTHComplete (/Users/elvira/Downloads/pets-pr-1/node_modules/.pnpm/nodemailer@7.0.6/node_modules/nodemailer/lib/smtp-connection/index.js:1588:34)
          at SMTPConnection.<anonymous> (/Users/elvira/Downloads/pets-pr-1/node_modules/.pnpm/nodemailer@7.0.6/node_modules/nodemailer/lib/smtp-connection/index.js:556:26)
          at SMTPConnection._processResponse (/Users/elvira/Downloads/pets-pr-1/node_modules/.pnpm/nodemailer@7.0.6/node_modules/nodemailer/lib/smtp-connection/index.js:993:20)
          at SMTPConnection._onData (/Users/elvira/Downloads/pets-pr-1/node_modules/.pnpm/nodemailer@7.0.6/node_modules/nodemailer/lib/smtp-connection/index.js:774:14)
          at TLSSocket.SMTPConnection._onSocketData (/Users/elvira/Downloads/pets-pr-1/node_modules/.pnpm/nodemailer@7.0.6/node_modules/nodemailer/lib/smtp-connection/index.js:195:44)
          at TLSSocket.emit (node:events:508:28)
          at addChunk (node:internal/streams/readable:559:12)
          at readableAddChunkPushByteMode (node:internal/streams/readable:510:3)
          at TLSSocket.Readable.push (node:internal/streams/readable:390:5)
          at TLSWrap.onStreamRead (node:internal/stream_base_commons:189:23) {
        code: 'EAUTH',
        response: '535-5.7.8 Username and Password not accepted. For more information, go to\n' +
          '535 5.7.8  https://support.google.com/mail/?p=BadCredentials ffacd0b85a97d-4255d8ab8b0sm4339271f8f.18 - gsmtp',
        responseCode: 535,
        command: 'AUTH PLAIN'
      }

      216 |
      217 |   } catch (error) {
    > 218 |     console.error('Email sending error:', error);
          |             ^
      219 |     throw error;
      220 |   }
      221 | };

      at error (src/services/emailService.js:218:13)
      at register (src/controllers/authController.js:73:7)

    console.error
      Email sending error: Error: Invalid login: 535-5.7.8 Username and Password not accepted. For more information, go to
      535 5.7.8  https://support.google.com/mail/?p=BadCredentials ffacd0b85a97d-4255d8ab8b0sm4339271f8f.18 - gsmtp
          at SMTPConnection._formatError (/Users/elvira/Downloads/pets-pr-1/node_modules/.pnpm/nodemailer@7.0.6/node_modules/nodemailer/lib/smtp-connection/index.js:809:19)
          at SMTPConnection._actionAUTHComplete (/Users/elvira/Downloads/pets-pr-1/node_modules/.pnpm/nodemailer@7.0.6/node_modules/nodemailer/lib/smtp-connection/index.js:1588:34)
          at SMTPConnection.<anonymous> (/Users/elvira/Downloads/pets-pr-1/node_modules/.pnpm/nodemailer@7.0.6/node_modules/nodemailer/lib/smtp-connection/index.js:556:26)
          at SMTPConnection._processResponse (/Users/elvira/Downloads/pets-pr-1/node_modules/.pnpm/nodemailer@7.0.6/node_modules/nodemailer/lib/smtp-connection/index.js:993:20)
          at SMTPConnection._onData (/Users/elvira/Downloads/pets-pr-1/node_modules/.pnpm/nodemailer@7.0.6/node_modules/nodemailer/lib/smtp-connection/index.js:774:14)
          at TLSSocket.SMTPConnection._onSocketData (/Users/elvira/Downloads/pets-pr-1/node_modules/.pnpm/nodemailer@7.0.6/node_modules/nodemailer/lib/smtp-connection/index.js:195:44)
          at TLSSocket.emit (node:events:508:28)
          at addChunk (node:internal/streams/readable:559:12)
          at readableAddChunkPushByteMode (node:internal/streams/readable:510:3)
          at TLSSocket.Readable.push (node:internal/streams/readable:390:5)
          at TLSWrap.onStreamRead (node:internal/stream_base_commons:189:23) {
        code: 'EAUTH',
        response: '535-5.7.8 Username and Password not accepted. For more information, go to\n' +
          '535 5.7.8  https://support.google.com/mail/?p=BadCredentials ffacd0b85a97d-4255d8ab8b0sm4339271f8f.18 - gsmtp',
        responseCode: 535,
        command: 'AUTH PLAIN'
      }

      81 |       });
      82 |     } catch (emailError) {
    > 83 |       console.error('Email sending error:', emailError);
         |               ^
      84 |       // Don't fail registration if email fails
      85 |     }
      86 |

      at error (src/controllers/authController.js:83:15)

    console.error
      Email sending error: Error: Invalid login: 535-5.7.8 Username and Password not accepted. For more information, go to
      535 5.7.8  https://support.google.com/mail/?p=BadCredentials 5b1f17b1804b1-46e693bcc93sm42342165e9.13 - gsmtp
          at SMTPConnection._formatError (/Users/elvira/Downloads/pets-pr-1/node_modules/.pnpm/nodemailer@7.0.6/node_modules/nodemailer/lib/smtp-connection/index.js:809:19)
          at SMTPConnection._actionAUTHComplete (/Users/elvira/Downloads/pets-pr-1/node_modules/.pnpm/nodemailer@7.0.6/node_modules/nodemailer/lib/smtp-connection/index.js:1588:34)
          at SMTPConnection.<anonymous> (/Users/elvira/Downloads/pets-pr-1/node_modules/.pnpm/nodemailer@7.0.6/node_modules/nodemailer/lib/smtp-connection/index.js:556:26)
          at SMTPConnection._processResponse (/Users/elvira/Downloads/pets-pr-1/node_modules/.pnpm/nodemailer@7.0.6/node_modules/nodemailer/lib/smtp-connection/index.js:993:20)
          at SMTPConnection._onData (/Users/elvira/Downloads/pets-pr-1/node_modules/.pnpm/nodemailer@7.0.6/node_modules/nodemailer/lib/smtp-connection/index.js:774:14)
          at TLSSocket.SMTPConnection._onSocketData (/Users/elvira/Downloads/pets-pr-1/node_modules/.pnpm/nodemailer@7.0.6/node_modules/nodemailer/lib/smtp-connection/index.js:195:44)
          at TLSSocket.emit (node:events:508:28)
          at addChunk (node:internal/streams/readable:559:12)
          at readableAddChunkPushByteMode (node:internal/streams/readable:510:3)
          at TLSSocket.Readable.push (node:internal/streams/readable:390:5)
          at TLSWrap.onStreamRead (node:internal/stream_base_commons:189:23) {
        code: 'EAUTH',
        response: '535-5.7.8 Username and Password not accepted. For more information, go to\n' +
          '535 5.7.8  https://support.google.com/mail/?p=BadCredentials 5b1f17b1804b1-46e693bcc93sm42342165e9.13 - gsmtp',
        responseCode: 535,
        command: 'AUTH PLAIN'
      }

      216 |
      217 |   } catch (error) {
    > 218 |     console.error('Email sending error:', error);
          |             ^
      219 |     throw error;
      220 |   }
      221 | };

      at error (src/services/emailService.js:218:13)
      at register (src/controllers/authController.js:73:7)

    console.error
      Email sending error: Error: Invalid login: 535-5.7.8 Username and Password not accepted. For more information, go to
      535 5.7.8  https://support.google.com/mail/?p=BadCredentials 5b1f17b1804b1-46e693bcc93sm42342165e9.13 - gsmtp
          at SMTPConnection._formatError (/Users/elvira/Downloads/pets-pr-1/node_modules/.pnpm/nodemailer@7.0.6/node_modules/nodemailer/lib/smtp-connection/index.js:809:19)
          at SMTPConnection._actionAUTHComplete (/Users/elvira/Downloads/pets-pr-1/node_modules/.pnpm/nodemailer@7.0.6/node_modules/nodemailer/lib/smtp-connection/index.js:1588:34)
          at SMTPConnection.<anonymous> (/Users/elvira/Downloads/pets-pr-1/node_modules/.pnpm/nodemailer@7.0.6/node_modules/nodemailer/lib/smtp-connection/index.js:556:26)
          at SMTPConnection._processResponse (/Users/elvira/Downloads/pets-pr-1/node_modules/.pnpm/nodemailer@7.0.6/node_modules/nodemailer/lib/smtp-connection/index.js:993:20)
          at SMTPConnection._onData (/Users/elvira/Downloads/pets-pr-1/node_modules/.pnpm/nodemailer@7.0.6/node_modules/nodemailer/lib/smtp-connection/index.js:774:14)
          at TLSSocket.SMTPConnection._onSocketData (/Users/elvira/Downloads/pets-pr-1/node_modules/.pnpm/nodemailer@7.0.6/node_modules/nodemailer/lib/smtp-connection/index.js:195:44)
          at TLSSocket.emit (node:events:508:28)
          at addChunk (node:internal/streams/readable:559:12)
          at readableAddChunkPushByteMode (node:internal/streams/readable:510:3)
          at TLSSocket.Readable.push (node:internal/streams/readable:390:5)
          at TLSWrap.onStreamRead (node:internal/stream_base_commons:189:23) {
        code: 'EAUTH',
        response: '535-5.7.8 Username and Password not accepted. For more information, go to\n' +
          '535 5.7.8  https://support.google.com/mail/?p=BadCredentials 5b1f17b1804b1-46e693bcc93sm42342165e9.13 - gsmtp',
        responseCode: 535,
        command: 'AUTH PLAIN'
      }

      81 |       });
      82 |     } catch (emailError) {
    > 83 |       console.error('Email sending error:', emailError);
         |               ^
      84 |       // Don't fail registration if email fails
      85 |     }
      86 |

      at error (src/controllers/authController.js:83:15)

    console.error
      Email sending error: Error: Invalid login: 535-5.7.8 Username and Password not accepted. For more information, go to
      535 5.7.8  https://support.google.com/mail/?p=BadCredentials 5b1f17b1804b1-46e5b6b4cc0sm60239265e9.4 - gsmtp
          at SMTPConnection._formatError (/Users/elvira/Downloads/pets-pr-1/node_modules/.pnpm/nodemailer@7.0.6/node_modules/nodemailer/lib/smtp-connection/index.js:809:19)
          at SMTPConnection._actionAUTHComplete (/Users/elvira/Downloads/pets-pr-1/node_modules/.pnpm/nodemailer@7.0.6/node_modules/nodemailer/lib/smtp-connection/index.js:1588:34)
          at SMTPConnection.<anonymous> (/Users/elvira/Downloads/pets-pr-1/node_modules/.pnpm/nodemailer@7.0.6/node_modules/nodemailer/lib/smtp-connection/index.js:556:26)
          at SMTPConnection._processResponse (/Users/elvira/Downloads/pets-pr-1/node_modules/.pnpm/nodemailer@7.0.6/node_modules/nodemailer/lib/smtp-connection/index.js:993:20)
          at SMTPConnection._onData (/Users/elvira/Downloads/pets-pr-1/node_modules/.pnpm/nodemailer@7.0.6/node_modules/nodemailer/lib/smtp-connection/index.js:774:14)
          at TLSSocket.SMTPConnection._onSocketData (/Users/elvira/Downloads/pets-pr-1/node_modules/.pnpm/nodemailer@7.0.6/node_modules/nodemailer/lib/smtp-connection/index.js:195:44)
          at TLSSocket.emit (node:events:508:28)
          at addChunk (node:internal/streams/readable:559:12)
          at readableAddChunkPushByteMode (node:internal/streams/readable:510:3)
          at TLSSocket.Readable.push (node:internal/streams/readable:390:5)
          at TLSWrap.onStreamRead (node:internal/stream_base_commons:189:23) {
        code: 'EAUTH',
        response: '535-5.7.8 Username and Password not accepted. For more information, go to\n' +
          '535 5.7.8  https://support.google.com/mail/?p=BadCredentials 5b1f17b1804b1-46e5b6b4cc0sm60239265e9.4 - gsmtp',
        responseCode: 535,
        command: 'AUTH PLAIN'
      }

      216 |
      217 |   } catch (error) {
    > 218 |     console.error('Email sending error:', error);
          |             ^
      219 |     throw error;
      220 |   }
      221 | };

      at error (src/services/emailService.js:218:13)
      at register (src/controllers/authController.js:73:7)

    console.error
      Email sending error: Error: Invalid login: 535-5.7.8 Username and Password not accepted. For more information, go to
      535 5.7.8  https://support.google.com/mail/?p=BadCredentials 5b1f17b1804b1-46e5b6b4cc0sm60239265e9.4 - gsmtp
          at SMTPConnection._formatError (/Users/elvira/Downloads/pets-pr-1/node_modules/.pnpm/nodemailer@7.0.6/node_modules/nodemailer/lib/smtp-connection/index.js:809:19)
          at SMTPConnection._actionAUTHComplete (/Users/elvira/Downloads/pets-pr-1/node_modules/.pnpm/nodemailer@7.0.6/node_modules/nodemailer/lib/smtp-connection/index.js:1588:34)
          at SMTPConnection.<anonymous> (/Users/elvira/Downloads/pets-pr-1/node_modules/.pnpm/nodemailer@7.0.6/node_modules/nodemailer/lib/smtp-connection/index.js:556:26)
          at SMTPConnection._processResponse (/Users/elvira/Downloads/pets-pr-1/node_modules/.pnpm/nodemailer@7.0.6/node_modules/nodemailer/lib/smtp-connection/index.js:993:20)
          at SMTPConnection._onData (/Users/elvira/Downloads/pets-pr-1/node_modules/.pnpm/nodemailer@7.0.6/node_modules/nodemailer/lib/smtp-connection/index.js:774:14)
          at TLSSocket.SMTPConnection._onSocketData (/Users/elvira/Downloads/pets-pr-1/node_modules/.pnpm/nodemailer@7.0.6/node_modules/nodemailer/lib/smtp-connection/index.js:195:44)
          at TLSSocket.emit (node:events:508:28)
          at addChunk (node:internal/streams/readable:559:12)
          at readableAddChunkPushByteMode (node:internal/streams/readable:510:3)
          at TLSSocket.Readable.push (node:internal/streams/readable:390:5)
          at TLSWrap.onStreamRead (node:internal/stream_base_commons:189:23) {
        code: 'EAUTH',
        response: '535-5.7.8 Username and Password not accepted. For more information, go to\n' +
          '535 5.7.8  https://support.google.com/mail/?p=BadCredentials 5b1f17b1804b1-46e5b6b4cc0sm60239265e9.4 - gsmtp',
        responseCode: 535,
        command: 'AUTH PLAIN'
      }

      81 |       });
      82 |     } catch (emailError) {
    > 83 |       console.error('Email sending error:', emailError);
         |               ^
      84 |       // Don't fail registration if email fails
      85 |     }
      86 |

      at error (src/controllers/authController.js:83:15)

    console.error
      Email sending error: Error: Invalid login: 535-5.7.8 Username and Password not accepted. For more information, go to
      535 5.7.8  https://support.google.com/mail/?p=BadCredentials ffacd0b85a97d-4255d8a6bbesm4311023f8f.12 - gsmtp
          at SMTPConnection._formatError (/Users/elvira/Downloads/pets-pr-1/node_modules/.pnpm/nodemailer@7.0.6/node_modules/nodemailer/lib/smtp-connection/index.js:809:19)
          at SMTPConnection._actionAUTHComplete (/Users/elvira/Downloads/pets-pr-1/node_modules/.pnpm/nodemailer@7.0.6/node_modules/nodemailer/lib/smtp-connection/index.js:1588:34)
          at SMTPConnection.<anonymous> (/Users/elvira/Downloads/pets-pr-1/node_modules/.pnpm/nodemailer@7.0.6/node_modules/nodemailer/lib/smtp-connection/index.js:556:26)
          at SMTPConnection._processResponse (/Users/elvira/Downloads/pets-pr-1/node_modules/.pnpm/nodemailer@7.0.6/node_modules/nodemailer/lib/smtp-connection/index.js:993:20)
          at SMTPConnection._onData (/Users/elvira/Downloads/pets-pr-1/node_modules/.pnpm/nodemailer@7.0.6/node_modules/nodemailer/lib/smtp-connection/index.js:774:14)
          at TLSSocket.SMTPConnection._onSocketData (/Users/elvira/Downloads/pets-pr-1/node_modules/.pnpm/nodemailer@7.0.6/node_modules/nodemailer/lib/smtp-connection/index.js:195:44)
          at TLSSocket.emit (node:events:508:28)
          at addChunk (node:internal/streams/readable:559:12)
          at readableAddChunkPushByteMode (node:internal/streams/readable:510:3)
          at TLSSocket.Readable.push (node:internal/streams/readable:390:5)
          at TLSWrap.onStreamRead (node:internal/stream_base_commons:189:23) {
        code: 'EAUTH',
        response: '535-5.7.8 Username and Password not accepted. For more information, go to\n' +
          '535 5.7.8  https://support.google.com/mail/?p=BadCredentials ffacd0b85a97d-4255d8a6bbesm4311023f8f.12 - gsmtp',
        responseCode: 535,
        command: 'AUTH PLAIN'
      }

      216 |
      217 |   } catch (error) {
    > 218 |     console.error('Email sending error:', error);
          |             ^
      219 |     throw error;
      220 |   }
      221 | };

      at error (src/services/emailService.js:218:13)
      at register (src/controllers/authController.js:73:7)

    console.error
      Email sending error: Error: Invalid login: 535-5.7.8 Username and Password not accepted. For more information, go to
      535 5.7.8  https://support.google.com/mail/?p=BadCredentials ffacd0b85a97d-4255d8a6bbesm4311023f8f.12 - gsmtp
          at SMTPConnection._formatError (/Users/elvira/Downloads/pets-pr-1/node_modules/.pnpm/nodemailer@7.0.6/node_modules/nodemailer/lib/smtp-connection/index.js:809:19)
          at SMTPConnection._actionAUTHComplete (/Users/elvira/Downloads/pets-pr-1/node_modules/.pnpm/nodemailer@7.0.6/node_modules/nodemailer/lib/smtp-connection/index.js:1588:34)
          at SMTPConnection.<anonymous> (/Users/elvira/Downloads/pets-pr-1/node_modules/.pnpm/nodemailer@7.0.6/node_modules/nodemailer/lib/smtp-connection/index.js:556:26)
          at SMTPConnection._processResponse (/Users/elvira/Downloads/pets-pr-1/node_modules/.pnpm/nodemailer@7.0.6/node_modules/nodemailer/lib/smtp-connection/index.js:993:20)
          at SMTPConnection._onData (/Users/elvira/Downloads/pets-pr-1/node_modules/.pnpm/nodemailer@7.0.6/node_modules/nodemailer/lib/smtp-connection/index.js:774:14)
          at TLSSocket.SMTPConnection._onSocketData (/Users/elvira/Downloads/pets-pr-1/node_modules/.pnpm/nodemailer@7.0.6/node_modules/nodemailer/lib/smtp-connection/index.js:195:44)
          at TLSSocket.emit (node:events:508:28)
          at addChunk (node:internal/streams/readable:559:12)
          at readableAddChunkPushByteMode (node:internal/streams/readable:510:3)
          at TLSSocket.Readable.push (node:internal/streams/readable:390:5)
          at TLSWrap.onStreamRead (node:internal/stream_base_commons:189:23) {
        code: 'EAUTH',
        response: '535-5.7.8 Username and Password not accepted. For more information, go to\n' +
          '535 5.7.8  https://support.google.com/mail/?p=BadCredentials ffacd0b85a97d-4255d8a6bbesm4311023f8f.12 - gsmtp',
        responseCode: 535,
        command: 'AUTH PLAIN'
      }

      81 |       });
      82 |     } catch (emailError) {
    > 83 |       console.error('Email sending error:', emailError);
         |               ^
      84 |       // Don't fail registration if email fails
      85 |     }
      86 |

      at error (src/controllers/authController.js:83:15)

    console.error
      Email sending error: Error: Invalid login: 535-5.7.8 Username and Password not accepted. For more information, go to
      535 5.7.8  https://support.google.com/mail/?p=BadCredentials 5b1f17b1804b1-46e5b622f37sm61871355e9.1 - gsmtp
          at SMTPConnection._formatError (/Users/elvira/Downloads/pets-pr-1/node_modules/.pnpm/nodemailer@7.0.6/node_modules/nodemailer/lib/smtp-connection/index.js:809:19)
          at SMTPConnection._actionAUTHComplete (/Users/elvira/Downloads/pets-pr-1/node_modules/.pnpm/nodemailer@7.0.6/node_modules/nodemailer/lib/smtp-connection/index.js:1588:34)
          at SMTPConnection.<anonymous> (/Users/elvira/Downloads/pets-pr-1/node_modules/.pnpm/nodemailer@7.0.6/node_modules/nodemailer/lib/smtp-connection/index.js:556:26)
          at SMTPConnection._processResponse (/Users/elvira/Downloads/pets-pr-1/node_modules/.pnpm/nodemailer@7.0.6/node_modules/nodemailer/lib/smtp-connection/index.js:993:20)
          at SMTPConnection._onData (/Users/elvira/Downloads/pets-pr-1/node_modules/.pnpm/nodemailer@7.0.6/node_modules/nodemailer/lib/smtp-connection/index.js:774:14)
          at TLSSocket.SMTPConnection._onSocketData (/Users/elvira/Downloads/pets-pr-1/node_modules/.pnpm/nodemailer@7.0.6/node_modules/nodemailer/lib/smtp-connection/index.js:195:44)
          at TLSSocket.emit (node:events:508:28)
          at addChunk (node:internal/streams/readable:559:12)
          at readableAddChunkPushByteMode (node:internal/streams/readable:510:3)
          at TLSSocket.Readable.push (node:internal/streams/readable:390:5)
          at TLSWrap.onStreamRead (node:internal/stream_base_commons:189:23) {
        code: 'EAUTH',
        response: '535-5.7.8 Username and Password not accepted. For more information, go to\n' +
          '535 5.7.8  https://support.google.com/mail/?p=BadCredentials 5b1f17b1804b1-46e5b622f37sm61871355e9.1 - gsmtp',
        responseCode: 535,
        command: 'AUTH PLAIN'
      }

      216 |
      217 |   } catch (error) {
    > 218 |     console.error('Email sending error:', error);
          |             ^
      219 |     throw error;
      220 |   }
      221 | };

      at error (src/services/emailService.js:218:13)
      at register (src/controllers/authController.js:73:7)

    console.error
      Email sending error: Error: Invalid login: 535-5.7.8 Username and Password not accepted. For more information, go to
      535 5.7.8  https://support.google.com/mail/?p=BadCredentials 5b1f17b1804b1-46e5b622f37sm61871355e9.1 - gsmtp
          at SMTPConnection._formatError (/Users/elvira/Downloads/pets-pr-1/node_modules/.pnpm/nodemailer@7.0.6/node_modules/nodemailer/lib/smtp-connection/index.js:809:19)
          at SMTPConnection._actionAUTHComplete (/Users/elvira/Downloads/pets-pr-1/node_modules/.pnpm/nodemailer@7.0.6/node_modules/nodemailer/lib/smtp-connection/index.js:1588:34)
          at SMTPConnection.<anonymous> (/Users/elvira/Downloads/pets-pr-1/node_modules/.pnpm/nodemailer@7.0.6/node_modules/nodemailer/lib/smtp-connection/index.js:556:26)
          at SMTPConnection._processResponse (/Users/elvira/Downloads/pets-pr-1/node_modules/.pnpm/nodemailer@7.0.6/node_modules/nodemailer/lib/smtp-connection/index.js:993:20)
          at SMTPConnection._onData (/Users/elvira/Downloads/pets-pr-1/node_modules/.pnpm/nodemailer@7.0.6/node_modules/nodemailer/lib/smtp-connection/index.js:774:14)
          at TLSSocket.SMTPConnection._onSocketData (/Users/elvira/Downloads/pets-pr-1/node_modules/.pnpm/nodemailer@7.0.6/node_modules/nodemailer/lib/smtp-connection/index.js:195:44)
          at TLSSocket.emit (node:events:508:28)
          at addChunk (node:internal/streams/readable:559:12)
          at readableAddChunkPushByteMode (node:internal/streams/readable:510:3)
          at TLSSocket.Readable.push (node:internal/streams/readable:390:5)
          at TLSWrap.onStreamRead (node:internal/stream_base_commons:189:23) {
        code: 'EAUTH',
        response: '535-5.7.8 Username and Password not accepted. For more information, go to\n' +
          '535 5.7.8  https://support.google.com/mail/?p=BadCredentials 5b1f17b1804b1-46e5b622f37sm61871355e9.1 - gsmtp',
        responseCode: 535,
        command: 'AUTH PLAIN'
      }

      81 |       });
      82 |     } catch (emailError) {
    > 83 |       console.error('Email sending error:', emailError);
         |               ^
      84 |       // Don't fail registration if email fails
      85 |     }
      86 |

      at error (src/controllers/authController.js:83:15)

    console.error
      Email sending error: Error: Invalid login: 535-5.7.8 Username and Password not accepted. For more information, go to
      535 5.7.8  https://support.google.com/mail/?p=BadCredentials 5b1f17b1804b1-46e619b8343sm89947385e9.2 - gsmtp
          at SMTPConnection._formatError (/Users/elvira/Downloads/pets-pr-1/node_modules/.pnpm/nodemailer@7.0.6/node_modules/nodemailer/lib/smtp-connection/index.js:809:19)
          at SMTPConnection._actionAUTHComplete (/Users/elvira/Downloads/pets-pr-1/node_modules/.pnpm/nodemailer@7.0.6/node_modules/nodemailer/lib/smtp-connection/index.js:1588:34)
          at SMTPConnection.<anonymous> (/Users/elvira/Downloads/pets-pr-1/node_modules/.pnpm/nodemailer@7.0.6/node_modules/nodemailer/lib/smtp-connection/index.js:556:26)
          at SMTPConnection._processResponse (/Users/elvira/Downloads/pets-pr-1/node_modules/.pnpm/nodemailer@7.0.6/node_modules/nodemailer/lib/smtp-connection/index.js:993:20)
          at SMTPConnection._onData (/Users/elvira/Downloads/pets-pr-1/node_modules/.pnpm/nodemailer@7.0.6/node_modules/nodemailer/lib/smtp-connection/index.js:774:14)
          at TLSSocket.SMTPConnection._onSocketData (/Users/elvira/Downloads/pets-pr-1/node_modules/.pnpm/nodemailer@7.0.6/node_modules/nodemailer/lib/smtp-connection/index.js:195:44)
          at TLSSocket.emit (node:events:508:28)
          at addChunk (node:internal/streams/readable:559:12)
          at readableAddChunkPushByteMode (node:internal/streams/readable:510:3)
          at TLSSocket.Readable.push (node:internal/streams/readable:390:5)
          at TLSWrap.onStreamRead (node:internal/stream_base_commons:189:23) {
        code: 'EAUTH',
        response: '535-5.7.8 Username and Password not accepted. For more information, go to\n' +
          '535 5.7.8  https://support.google.com/mail/?p=BadCredentials 5b1f17b1804b1-46e619b8343sm89947385e9.2 - gsmtp',
        responseCode: 535,
        command: 'AUTH PLAIN'
      }

      216 |
      217 |   } catch (error) {
    > 218 |     console.error('Email sending error:', error);
          |             ^
      219 |     throw error;
      220 |   }
      221 | };

      at error (src/services/emailService.js:218:13)
      at register (src/controllers/authController.js:73:7)

    console.error
      Email sending error: Error: Invalid login: 535-5.7.8 Username and Password not accepted. For more information, go to
      535 5.7.8  https://support.google.com/mail/?p=BadCredentials 5b1f17b1804b1-46e619b8343sm89947385e9.2 - gsmtp
          at SMTPConnection._formatError (/Users/elvira/Downloads/pets-pr-1/node_modules/.pnpm/nodemailer@7.0.6/node_modules/nodemailer/lib/smtp-connection/index.js:809:19)
          at SMTPConnection._actionAUTHComplete (/Users/elvira/Downloads/pets-pr-1/node_modules/.pnpm/nodemailer@7.0.6/node_modules/nodemailer/lib/smtp-connection/index.js:1588:34)
          at SMTPConnection.<anonymous> (/Users/elvira/Downloads/pets-pr-1/node_modules/.pnpm/nodemailer@7.0.6/node_modules/nodemailer/lib/smtp-connection/index.js:556:26)
          at SMTPConnection._processResponse (/Users/elvira/Downloads/pets-pr-1/node_modules/.pnpm/nodemailer@7.0.6/node_modules/nodemailer/lib/smtp-connection/index.js:993:20)
          at SMTPConnection._onData (/Users/elvira/Downloads/pets-pr-1/node_modules/.pnpm/nodemailer@7.0.6/node_modules/nodemailer/lib/smtp-connection/index.js:774:14)
          at TLSSocket.SMTPConnection._onSocketData (/Users/elvira/Downloads/pets-pr-1/node_modules/.pnpm/nodemailer@7.0.6/node_modules/nodemailer/lib/smtp-connection/index.js:195:44)
          at TLSSocket.emit (node:events:508:28)
          at addChunk (node:internal/streams/readable:559:12)
          at readableAddChunkPushByteMode (node:internal/streams/readable:510:3)
          at TLSSocket.Readable.push (node:internal/streams/readable:390:5)
          at TLSWrap.onStreamRead (node:internal/stream_base_commons:189:23) {
        code: 'EAUTH',
        response: '535-5.7.8 Username and Password not accepted. For more information, go to\n' +
          '535 5.7.8  https://support.google.com/mail/?p=BadCredentials 5b1f17b1804b1-46e619b8343sm89947385e9.2 - gsmtp',
        responseCode: 535,
        command: 'AUTH PLAIN'
      }

      81 |       });
      82 |     } catch (emailError) {
    > 83 |       console.error('Email sending error:', emailError);
         |               ^
      84 |       // Don't fail registration if email fails
      85 |     }
      86 |

      at error (src/controllers/authController.js:83:15)

    console.error
      Email sending error: Error: Invalid login: 535-5.7.8 Username and Password not accepted. For more information, go to
      535 5.7.8  https://support.google.com/mail/?p=BadCredentials ffacd0b85a97d-4255d8abe90sm4368886f8f.23 - gsmtp
          at SMTPConnection._formatError (/Users/elvira/Downloads/pets-pr-1/node_modules/.pnpm/nodemailer@7.0.6/node_modules/nodemailer/lib/smtp-connection/index.js:809:19)
          at SMTPConnection._actionAUTHComplete (/Users/elvira/Downloads/pets-pr-1/node_modules/.pnpm/nodemailer@7.0.6/node_modules/nodemailer/lib/smtp-connection/index.js:1588:34)
          at SMTPConnection.<anonymous> (/Users/elvira/Downloads/pets-pr-1/node_modules/.pnpm/nodemailer@7.0.6/node_modules/nodemailer/lib/smtp-connection/index.js:556:26)
          at SMTPConnection._processResponse (/Users/elvira/Downloads/pets-pr-1/node_modules/.pnpm/nodemailer@7.0.6/node_modules/nodemailer/lib/smtp-connection/index.js:993:20)
          at SMTPConnection._onData (/Users/elvira/Downloads/pets-pr-1/node_modules/.pnpm/nodemailer@7.0.6/node_modules/nodemailer/lib/smtp-connection/index.js:774:14)
          at TLSSocket.SMTPConnection._onSocketData (/Users/elvira/Downloads/pets-pr-1/node_modules/.pnpm/nodemailer@7.0.6/node_modules/nodemailer/lib/smtp-connection/index.js:195:44)
          at TLSSocket.emit (node:events:508:28)
          at addChunk (node:internal/streams/readable:559:12)
          at readableAddChunkPushByteMode (node:internal/streams/readable:510:3)
          at TLSSocket.Readable.push (node:internal/streams/readable:390:5)
          at TLSWrap.onStreamRead (node:internal/stream_base_commons:189:23) {
        code: 'EAUTH',
        response: '535-5.7.8 Username and Password not accepted. For more information, go to\n' +
          '535 5.7.8  https://support.google.com/mail/?p=BadCredentials ffacd0b85a97d-4255d8abe90sm4368886f8f.23 - gsmtp',
        responseCode: 535,
        command: 'AUTH PLAIN'
      }

      216 |
      217 |   } catch (error) {
    > 218 |     console.error('Email sending error:', error);
          |             ^
      219 |     throw error;
      220 |   }
      221 | };

      at error (src/services/emailService.js:218:13)
      at register (src/controllers/authController.js:73:7)

    console.error
      Email sending error: Error: Invalid login: 535-5.7.8 Username and Password not accepted. For more information, go to
      535 5.7.8  https://support.google.com/mail/?p=BadCredentials ffacd0b85a97d-4255d8abe90sm4368886f8f.23 - gsmtp
          at SMTPConnection._formatError (/Users/elvira/Downloads/pets-pr-1/node_modules/.pnpm/nodemailer@7.0.6/node_modules/nodemailer/lib/smtp-connection/index.js:809:19)
          at SMTPConnection._actionAUTHComplete (/Users/elvira/Downloads/pets-pr-1/node_modules/.pnpm/nodemailer@7.0.6/node_modules/nodemailer/lib/smtp-connection/index.js:1588:34)
          at SMTPConnection.<anonymous> (/Users/elvira/Downloads/pets-pr-1/node_modules/.pnpm/nodemailer@7.0.6/node_modules/nodemailer/lib/smtp-connection/index.js:556:26)
          at SMTPConnection._processResponse (/Users/elvira/Downloads/pets-pr-1/node_modules/.pnpm/nodemailer@7.0.6/node_modules/nodemailer/lib/smtp-connection/index.js:993:20)
          at SMTPConnection._onData (/Users/elvira/Downloads/pets-pr-1/node_modules/.pnpm/nodemailer@7.0.6/node_modules/nodemailer/lib/smtp-connection/index.js:774:14)
          at TLSSocket.SMTPConnection._onSocketData (/Users/elvira/Downloads/pets-pr-1/node_modules/.pnpm/nodemailer@7.0.6/node_modules/nodemailer/lib/smtp-connection/index.js:195:44)
          at TLSSocket.emit (node:events:508:28)
          at addChunk (node:internal/streams/readable:559:12)
          at readableAddChunkPushByteMode (node:internal/streams/readable:510:3)
          at TLSSocket.Readable.push (node:internal/streams/readable:390:5)
          at TLSWrap.onStreamRead (node:internal/stream_base_commons:189:23) {
        code: 'EAUTH',
        response: '535-5.7.8 Username and Password not accepted. For more information, go to\n' +
          '535 5.7.8  https://support.google.com/mail/?p=BadCredentials ffacd0b85a97d-4255d8abe90sm4368886f8f.23 - gsmtp',
        responseCode: 535,
        command: 'AUTH PLAIN'
      }

      81 |       });
      82 |     } catch (emailError) {
    > 83 |       console.error('Email sending error:', emailError);
         |               ^
      84 |       // Don't fail registration if email fails
      85 |     }
      86 |

      at error (src/controllers/authController.js:83:15)

    console.error
      Email sending error: Error: Invalid login: 535-5.7.8 Username and Password not accepted. For more information, go to
      535 5.7.8  https://support.google.com/mail/?p=BadCredentials ffacd0b85a97d-4255d8e9762sm4273705f8f.38 - gsmtp
          at SMTPConnection._formatError (/Users/elvira/Downloads/pets-pr-1/node_modules/.pnpm/nodemailer@7.0.6/node_modules/nodemailer/lib/smtp-connection/index.js:809:19)
          at SMTPConnection._actionAUTHComplete (/Users/elvira/Downloads/pets-pr-1/node_modules/.pnpm/nodemailer@7.0.6/node_modules/nodemailer/lib/smtp-connection/index.js:1588:34)
          at SMTPConnection.<anonymous> (/Users/elvira/Downloads/pets-pr-1/node_modules/.pnpm/nodemailer@7.0.6/node_modules/nodemailer/lib/smtp-connection/index.js:556:26)
          at SMTPConnection._processResponse (/Users/elvira/Downloads/pets-pr-1/node_modules/.pnpm/nodemailer@7.0.6/node_modules/nodemailer/lib/smtp-connection/index.js:993:20)
          at SMTPConnection._onData (/Users/elvira/Downloads/pets-pr-1/node_modules/.pnpm/nodemailer@7.0.6/node_modules/nodemailer/lib/smtp-connection/index.js:774:14)
          at TLSSocket.SMTPConnection._onSocketData (/Users/elvira/Downloads/pets-pr-1/node_modules/.pnpm/nodemailer@7.0.6/node_modules/nodemailer/lib/smtp-connection/index.js:195:44)
          at TLSSocket.emit (node:events:508:28)
          at addChunk (node:internal/streams/readable:559:12)
          at readableAddChunkPushByteMode (node:internal/streams/readable:510:3)
          at TLSSocket.Readable.push (node:internal/streams/readable:390:5)
          at TLSWrap.onStreamRead (node:internal/stream_base_commons:189:23) {
        code: 'EAUTH',
        response: '535-5.7.8 Username and Password not accepted. For more information, go to\n' +
          '535 5.7.8  https://support.google.com/mail/?p=BadCredentials ffacd0b85a97d-4255d8e9762sm4273705f8f.38 - gsmtp',
        responseCode: 535,
        command: 'AUTH PLAIN'
      }

      216 |
      217 |   } catch (error) {
    > 218 |     console.error('Email sending error:', error);
          |             ^
      219 |     throw error;
      220 |   }
      221 | };

      at error (src/services/emailService.js:218:13)
      at register (src/controllers/authController.js:73:7)

    console.error
      Email sending error: Error: Invalid login: 535-5.7.8 Username and Password not accepted. For more information, go to
      535 5.7.8  https://support.google.com/mail/?p=BadCredentials ffacd0b85a97d-4255d8e9762sm4273705f8f.38 - gsmtp
          at SMTPConnection._formatError (/Users/elvira/Downloads/pets-pr-1/node_modules/.pnpm/nodemailer@7.0.6/node_modules/nodemailer/lib/smtp-connection/index.js:809:19)
          at SMTPConnection._actionAUTHComplete (/Users/elvira/Downloads/pets-pr-1/node_modules/.pnpm/nodemailer@7.0.6/node_modules/nodemailer/lib/smtp-connection/index.js:1588:34)
          at SMTPConnection.<anonymous> (/Users/elvira/Downloads/pets-pr-1/node_modules/.pnpm/nodemailer@7.0.6/node_modules/nodemailer/lib/smtp-connection/index.js:556:26)
          at SMTPConnection._processResponse (/Users/elvira/Downloads/pets-pr-1/node_modules/.pnpm/nodemailer@7.0.6/node_modules/nodemailer/lib/smtp-connection/index.js:993:20)
          at SMTPConnection._onData (/Users/elvira/Downloads/pets-pr-1/node_modules/.pnpm/nodemailer@7.0.6/node_modules/nodemailer/lib/smtp-connection/index.js:774:14)
          at TLSSocket.SMTPConnection._onSocketData (/Users/elvira/Downloads/pets-pr-1/node_modules/.pnpm/nodemailer@7.0.6/node_modules/nodemailer/lib/smtp-connection/index.js:195:44)
          at TLSSocket.emit (node:events:508:28)
          at addChunk (node:internal/streams/readable:559:12)
          at readableAddChunkPushByteMode (node:internal/streams/readable:510:3)
          at TLSSocket.Readable.push (node:internal/streams/readable:390:5)
          at TLSWrap.onStreamRead (node:internal/stream_base_commons:189:23) {
        code: 'EAUTH',
        response: '535-5.7.8 Username and Password not accepted. For more information, go to\n' +
          '535 5.7.8  https://support.google.com/mail/?p=BadCredentials ffacd0b85a97d-4255d8e9762sm4273705f8f.38 - gsmtp',
        responseCode: 535,
        command: 'AUTH PLAIN'
      }

      81 |       });
      82 |     } catch (emailError) {
    > 83 |       console.error('Email sending error:', emailError);
         |               ^
      84 |       // Don't fail registration if email fails
      85 |     }
      86 |

      at error (src/controllers/authController.js:83:15)

    console.error
      Email sending error: Error: Invalid login: 535-5.7.8 Username and Password not accepted. For more information, go to
      535 5.7.8  https://support.google.com/mail/?p=BadCredentials ffacd0b85a97d-4255d8abe49sm4413910f8f.21 - gsmtp
          at SMTPConnection._formatError (/Users/elvira/Downloads/pets-pr-1/node_modules/.pnpm/nodemailer@7.0.6/node_modules/nodemailer/lib/smtp-connection/index.js:809:19)
          at SMTPConnection._actionAUTHComplete (/Users/elvira/Downloads/pets-pr-1/node_modules/.pnpm/nodemailer@7.0.6/node_modules/nodemailer/lib/smtp-connection/index.js:1588:34)
          at SMTPConnection.<anonymous> (/Users/elvira/Downloads/pets-pr-1/node_modules/.pnpm/nodemailer@7.0.6/node_modules/nodemailer/lib/smtp-connection/index.js:556:26)
          at SMTPConnection._processResponse (/Users/elvira/Downloads/pets-pr-1/node_modules/.pnpm/nodemailer@7.0.6/node_modules/nodemailer/lib/smtp-connection/index.js:993:20)
          at SMTPConnection._onData (/Users/elvira/Downloads/pets-pr-1/node_modules/.pnpm/nodemailer@7.0.6/node_modules/nodemailer/lib/smtp-connection/index.js:774:14)
          at TLSSocket.SMTPConnection._onSocketData (/Users/elvira/Downloads/pets-pr-1/node_modules/.pnpm/nodemailer@7.0.6/node_modules/nodemailer/lib/smtp-connection/index.js:195:44)
          at TLSSocket.emit (node:events:508:28)
          at addChunk (node:internal/streams/readable:559:12)
          at readableAddChunkPushByteMode (node:internal/streams/readable:510:3)
          at TLSSocket.Readable.push (node:internal/streams/readable:390:5)
          at TLSWrap.onStreamRead (node:internal/stream_base_commons:189:23) {
        code: 'EAUTH',
        response: '535-5.7.8 Username and Password not accepted. For more information, go to\n' +
          '535 5.7.8  https://support.google.com/mail/?p=BadCredentials ffacd0b85a97d-4255d8abe49sm4413910f8f.21 - gsmtp',
        responseCode: 535,
        command: 'AUTH PLAIN'
      }

      216 |
      217 |   } catch (error) {
    > 218 |     console.error('Email sending error:', error);
          |             ^
      219 |     throw error;
      220 |   }
      221 | };

      at error (src/services/emailService.js:218:13)
      at register (src/controllers/authController.js:73:7)

    console.error
      Email sending error: Error: Invalid login: 535-5.7.8 Username and Password not accepted. For more information, go to
      535 5.7.8  https://support.google.com/mail/?p=BadCredentials ffacd0b85a97d-4255d8abe49sm4413910f8f.21 - gsmtp
          at SMTPConnection._formatError (/Users/elvira/Downloads/pets-pr-1/node_modules/.pnpm/nodemailer@7.0.6/node_modules/nodemailer/lib/smtp-connection/index.js:809:19)
          at SMTPConnection._actionAUTHComplete (/Users/elvira/Downloads/pets-pr-1/node_modules/.pnpm/nodemailer@7.0.6/node_modules/nodemailer/lib/smtp-connection/index.js:1588:34)
          at SMTPConnection.<anonymous> (/Users/elvira/Downloads/pets-pr-1/node_modules/.pnpm/nodemailer@7.0.6/node_modules/nodemailer/lib/smtp-connection/index.js:556:26)
          at SMTPConnection._processResponse (/Users/elvira/Downloads/pets-pr-1/node_modules/.pnpm/nodemailer@7.0.6/node_modules/nodemailer/lib/smtp-connection/index.js:993:20)
          at SMTPConnection._onData (/Users/elvira/Downloads/pets-pr-1/node_modules/.pnpm/nodemailer@7.0.6/node_modules/nodemailer/lib/smtp-connection/index.js:774:14)
          at TLSSocket.SMTPConnection._onSocketData (/Users/elvira/Downloads/pets-pr-1/node_modules/.pnpm/nodemailer@7.0.6/node_modules/nodemailer/lib/smtp-connection/index.js:195:44)
          at TLSSocket.emit (node:events:508:28)
          at addChunk (node:internal/streams/readable:559:12)
          at readableAddChunkPushByteMode (node:internal/streams/readable:510:3)
          at TLSSocket.Readable.push (node:internal/streams/readable:390:5)
          at TLSWrap.onStreamRead (node:internal/stream_base_commons:189:23) {
        code: 'EAUTH',
        response: '535-5.7.8 Username and Password not accepted. For more information, go to\n' +
          '535 5.7.8  https://support.google.com/mail/?p=BadCredentials ffacd0b85a97d-4255d8abe49sm4413910f8f.21 - gsmtp',
        responseCode: 535,
        command: 'AUTH PLAIN'
      }

      81 |       });
      82 |     } catch (emailError) {
    > 83 |       console.error('Email sending error:', emailError);
         |               ^
      84 |       // Don't fail registration if email fails
      85 |     }
      86 |

      at error (src/controllers/authController.js:83:15)

    console.error
      Email sending error: Error: Invalid login: 535-5.7.8 Username and Password not accepted. For more information, go to
      535 5.7.8  https://support.google.com/mail/?p=BadCredentials 5b1f17b1804b1-46e6917a867sm41954935e9.5 - gsmtp
          at SMTPConnection._formatError (/Users/elvira/Downloads/pets-pr-1/node_modules/.pnpm/nodemailer@7.0.6/node_modules/nodemailer/lib/smtp-connection/index.js:809:19)
          at SMTPConnection._actionAUTHComplete (/Users/elvira/Downloads/pets-pr-1/node_modules/.pnpm/nodemailer@7.0.6/node_modules/nodemailer/lib/smtp-connection/index.js:1588:34)
          at SMTPConnection.<anonymous> (/Users/elvira/Downloads/pets-pr-1/node_modules/.pnpm/nodemailer@7.0.6/node_modules/nodemailer/lib/smtp-connection/index.js:556:26)
          at SMTPConnection._processResponse (/Users/elvira/Downloads/pets-pr-1/node_modules/.pnpm/nodemailer@7.0.6/node_modules/nodemailer/lib/smtp-connection/index.js:993:20)
          at SMTPConnection._onData (/Users/elvira/Downloads/pets-pr-1/node_modules/.pnpm/nodemailer@7.0.6/node_modules/nodemailer/lib/smtp-connection/index.js:774:14)
          at TLSSocket.SMTPConnection._onSocketData (/Users/elvira/Downloads/pets-pr-1/node_modules/.pnpm/nodemailer@7.0.6/node_modules/nodemailer/lib/smtp-connection/index.js:195:44)
          at TLSSocket.emit (node:events:508:28)
          at addChunk (node:internal/streams/readable:559:12)
          at readableAddChunkPushByteMode (node:internal/streams/readable:510:3)
          at TLSSocket.Readable.push (node:internal/streams/readable:390:5)
          at TLSWrap.onStreamRead (node:internal/stream_base_commons:189:23) {
        code: 'EAUTH',
        response: '535-5.7.8 Username and Password not accepted. For more information, go to\n' +
          '535 5.7.8  https://support.google.com/mail/?p=BadCredentials 5b1f17b1804b1-46e6917a867sm41954935e9.5 - gsmtp',
        responseCode: 535,
        command: 'AUTH PLAIN'
      }

      216 |
      217 |   } catch (error) {
    > 218 |     console.error('Email sending error:', error);
          |             ^
      219 |     throw error;
      220 |   }
      221 | };

      at error (src/services/emailService.js:218:13)
      at register (src/controllers/authController.js:73:7)

    console.error
      Email sending error: Error: Invalid login: 535-5.7.8 Username and Password not accepted. For more information, go to
      535 5.7.8  https://support.google.com/mail/?p=BadCredentials 5b1f17b1804b1-46e6917a867sm41954935e9.5 - gsmtp
          at SMTPConnection._formatError (/Users/elvira/Downloads/pets-pr-1/node_modules/.pnpm/nodemailer@7.0.6/node_modules/nodemailer/lib/smtp-connection/index.js:809:19)
          at SMTPConnection._actionAUTHComplete (/Users/elvira/Downloads/pets-pr-1/node_modules/.pnpm/nodemailer@7.0.6/node_modules/nodemailer/lib/smtp-connection/index.js:1588:34)
          at SMTPConnection.<anonymous> (/Users/elvira/Downloads/pets-pr-1/node_modules/.pnpm/nodemailer@7.0.6/node_modules/nodemailer/lib/smtp-connection/index.js:556:26)
          at SMTPConnection._processResponse (/Users/elvira/Downloads/pets-pr-1/node_modules/.pnpm/nodemailer@7.0.6/node_modules/nodemailer/lib/smtp-connection/index.js:993:20)
          at SMTPConnection._onData (/Users/elvira/Downloads/pets-pr-1/node_modules/.pnpm/nodemailer@7.0.6/node_modules/nodemailer/lib/smtp-connection/index.js:774:14)
          at TLSSocket.SMTPConnection._onSocketData (/Users/elvira/Downloads/pets-pr-1/node_modules/.pnpm/nodemailer@7.0.6/node_modules/nodemailer/lib/smtp-connection/index.js:195:44)
          at TLSSocket.emit (node:events:508:28)
          at addChunk (node:internal/streams/readable:559:12)
          at readableAddChunkPushByteMode (node:internal/streams/readable:510:3)
          at TLSSocket.Readable.push (node:internal/streams/readable:390:5)
          at TLSWrap.onStreamRead (node:internal/stream_base_commons:189:23) {
        code: 'EAUTH',
        response: '535-5.7.8 Username and Password not accepted. For more information, go to\n' +
          '535 5.7.8  https://support.google.com/mail/?p=BadCredentials 5b1f17b1804b1-46e6917a867sm41954935e9.5 - gsmtp',
        responseCode: 535,
        command: 'AUTH PLAIN'
      }

      81 |       });
      82 |     } catch (emailError) {
    > 83 |       console.error('Email sending error:', emailError);
         |               ^
      84 |       // Don't fail registration if email fails
      85 |     }
      86 |

      at error (src/controllers/authController.js:83:15)

    console.error
      Email sending error: Error: Invalid login: 535-5.7.8 Username and Password not accepted. For more information, go to
      535 5.7.8  https://support.google.com/mail/?p=BadCredentials 5b1f17b1804b1-46e693bd92asm41090655e9.10 - gsmtp
          at SMTPConnection._formatError (/Users/elvira/Downloads/pets-pr-1/node_modules/.pnpm/nodemailer@7.0.6/node_modules/nodemailer/lib/smtp-connection/index.js:809:19)
          at SMTPConnection._actionAUTHComplete (/Users/elvira/Downloads/pets-pr-1/node_modules/.pnpm/nodemailer@7.0.6/node_modules/nodemailer/lib/smtp-connection/index.js:1588:34)
          at SMTPConnection.<anonymous> (/Users/elvira/Downloads/pets-pr-1/node_modules/.pnpm/nodemailer@7.0.6/node_modules/nodemailer/lib/smtp-connection/index.js:556:26)
          at SMTPConnection._processResponse (/Users/elvira/Downloads/pets-pr-1/node_modules/.pnpm/nodemailer@7.0.6/node_modules/nodemailer/lib/smtp-connection/index.js:993:20)
          at SMTPConnection._onData (/Users/elvira/Downloads/pets-pr-1/node_modules/.pnpm/nodemailer@7.0.6/node_modules/nodemailer/lib/smtp-connection/index.js:774:14)
          at TLSSocket.SMTPConnection._onSocketData (/Users/elvira/Downloads/pets-pr-1/node_modules/.pnpm/nodemailer@7.0.6/node_modules/nodemailer/lib/smtp-connection/index.js:195:44)
          at TLSSocket.emit (node:events:508:28)
          at addChunk (node:internal/streams/readable:559:12)
          at readableAddChunkPushByteMode (node:internal/streams/readable:510:3)
          at TLSSocket.Readable.push (node:internal/streams/readable:390:5)
          at TLSWrap.onStreamRead (node:internal/stream_base_commons:189:23) {
        code: 'EAUTH',
        response: '535-5.7.8 Username and Password not accepted. For more information, go to\n' +
          '535 5.7.8  https://support.google.com/mail/?p=BadCredentials 5b1f17b1804b1-46e693bd92asm41090655e9.10 - gsmtp',
        responseCode: 535,
        command: 'AUTH PLAIN'
      }

      216 |
      217 |   } catch (error) {
    > 218 |     console.error('Email sending error:', error);
          |             ^
      219 |     throw error;
      220 |   }
      221 | };

      at error (src/services/emailService.js:218:13)
      at register (src/controllers/authController.js:73:7)

    console.error
      Email sending error: Error: Invalid login: 535-5.7.8 Username and Password not accepted. For more information, go to
      535 5.7.8  https://support.google.com/mail/?p=BadCredentials 5b1f17b1804b1-46e693bd92asm41090655e9.10 - gsmtp
          at SMTPConnection._formatError (/Users/elvira/Downloads/pets-pr-1/node_modules/.pnpm/nodemailer@7.0.6/node_modules/nodemailer/lib/smtp-connection/index.js:809:19)
          at SMTPConnection._actionAUTHComplete (/Users/elvira/Downloads/pets-pr-1/node_modules/.pnpm/nodemailer@7.0.6/node_modules/nodemailer/lib/smtp-connection/index.js:1588:34)
          at SMTPConnection.<anonymous> (/Users/elvira/Downloads/pets-pr-1/node_modules/.pnpm/nodemailer@7.0.6/node_modules/nodemailer/lib/smtp-connection/index.js:556:26)
          at SMTPConnection._processResponse (/Users/elvira/Downloads/pets-pr-1/node_modules/.pnpm/nodemailer@7.0.6/node_modules/nodemailer/lib/smtp-connection/index.js:993:20)
          at SMTPConnection._onData (/Users/elvira/Downloads/pets-pr-1/node_modules/.pnpm/nodemailer@7.0.6/node_modules/nodemailer/lib/smtp-connection/index.js:774:14)
          at TLSSocket.SMTPConnection._onSocketData (/Users/elvira/Downloads/pets-pr-1/node_modules/.pnpm/nodemailer@7.0.6/node_modules/nodemailer/lib/smtp-connection/index.js:195:44)
          at TLSSocket.emit (node:events:508:28)
          at addChunk (node:internal/streams/readable:559:12)
          at readableAddChunkPushByteMode (node:internal/streams/readable:510:3)
          at TLSSocket.Readable.push (node:internal/streams/readable:390:5)
          at TLSWrap.onStreamRead (node:internal/stream_base_commons:189:23) {
        code: 'EAUTH',
        response: '535-5.7.8 Username and Password not accepted. For more information, go to\n' +
          '535 5.7.8  https://support.google.com/mail/?p=BadCredentials 5b1f17b1804b1-46e693bd92asm41090655e9.10 - gsmtp',
        responseCode: 535,
        command: 'AUTH PLAIN'
      }

      81 |       });
      82 |     } catch (emailError) {
    > 83 |       console.error('Email sending error:', emailError);
         |               ^
      84 |       // Don't fail registration if email fails
      85 |     }
      86 |

      at error (src/controllers/authController.js:83:15)

    console.error
      Email sending error: Error: Invalid login: 535-5.7.8 Username and Password not accepted. For more information, go to
      535 5.7.8  https://support.google.com/mail/?p=BadCredentials 5b1f17b1804b1-46e675b557fsm68275905e9.0 - gsmtp
          at SMTPConnection._formatError (/Users/elvira/Downloads/pets-pr-1/node_modules/.pnpm/nodemailer@7.0.6/node_modules/nodemailer/lib/smtp-connection/index.js:809:19)
          at SMTPConnection._actionAUTHComplete (/Users/elvira/Downloads/pets-pr-1/node_modules/.pnpm/nodemailer@7.0.6/node_modules/nodemailer/lib/smtp-connection/index.js:1588:34)
          at SMTPConnection.<anonymous> (/Users/elvira/Downloads/pets-pr-1/node_modules/.pnpm/nodemailer@7.0.6/node_modules/nodemailer/lib/smtp-connection/index.js:556:26)
          at SMTPConnection._processResponse (/Users/elvira/Downloads/pets-pr-1/node_modules/.pnpm/nodemailer@7.0.6/node_modules/nodemailer/lib/smtp-connection/index.js:993:20)
          at SMTPConnection._onData (/Users/elvira/Downloads/pets-pr-1/node_modules/.pnpm/nodemailer@7.0.6/node_modules/nodemailer/lib/smtp-connection/index.js:774:14)
          at TLSSocket.SMTPConnection._onSocketData (/Users/elvira/Downloads/pets-pr-1/node_modules/.pnpm/nodemailer@7.0.6/node_modules/nodemailer/lib/smtp-connection/index.js:195:44)
          at TLSSocket.emit (node:events:508:28)
          at addChunk (node:internal/streams/readable:559:12)
          at readableAddChunkPushByteMode (node:internal/streams/readable:510:3)
          at TLSSocket.Readable.push (node:internal/streams/readable:390:5)
          at TLSWrap.onStreamRead (node:internal/stream_base_commons:189:23) {
        code: 'EAUTH',
        response: '535-5.7.8 Username and Password not accepted. For more information, go to\n' +
          '535 5.7.8  https://support.google.com/mail/?p=BadCredentials 5b1f17b1804b1-46e675b557fsm68275905e9.0 - gsmtp',
        responseCode: 535,
        command: 'AUTH PLAIN'
      }

      216 |
      217 |   } catch (error) {
    > 218 |     console.error('Email sending error:', error);
          |             ^
      219 |     throw error;
      220 |   }
      221 | };

      at error (src/services/emailService.js:218:13)
      at register (src/controllers/authController.js:73:7)

    console.error
      Email sending error: Error: Invalid login: 535-5.7.8 Username and Password not accepted. For more information, go to
      535 5.7.8  https://support.google.com/mail/?p=BadCredentials 5b1f17b1804b1-46e675b557fsm68275905e9.0 - gsmtp
          at SMTPConnection._formatError (/Users/elvira/Downloads/pets-pr-1/node_modules/.pnpm/nodemailer@7.0.6/node_modules/nodemailer/lib/smtp-connection/index.js:809:19)
          at SMTPConnection._actionAUTHComplete (/Users/elvira/Downloads/pets-pr-1/node_modules/.pnpm/nodemailer@7.0.6/node_modules/nodemailer/lib/smtp-connection/index.js:1588:34)
          at SMTPConnection.<anonymous> (/Users/elvira/Downloads/pets-pr-1/node_modules/.pnpm/nodemailer@7.0.6/node_modules/nodemailer/lib/smtp-connection/index.js:556:26)
          at SMTPConnection._processResponse (/Users/elvira/Downloads/pets-pr-1/node_modules/.pnpm/nodemailer@7.0.6/node_modules/nodemailer/lib/smtp-connection/index.js:993:20)
          at SMTPConnection._onData (/Users/elvira/Downloads/pets-pr-1/node_modules/.pnpm/nodemailer@7.0.6/node_modules/nodemailer/lib/smtp-connection/index.js:774:14)
          at TLSSocket.SMTPConnection._onSocketData (/Users/elvira/Downloads/pets-pr-1/node_modules/.pnpm/nodemailer@7.0.6/node_modules/nodemailer/lib/smtp-connection/index.js:195:44)
          at TLSSocket.emit (node:events:508:28)
          at addChunk (node:internal/streams/readable:559:12)
          at readableAddChunkPushByteMode (node:internal/streams/readable:510:3)
          at TLSSocket.Readable.push (node:internal/streams/readable:390:5)
          at TLSWrap.onStreamRead (node:internal/stream_base_commons:189:23) {
        code: 'EAUTH',
        response: '535-5.7.8 Username and Password not accepted. For more information, go to\n' +
          '535 5.7.8  https://support.google.com/mail/?p=BadCredentials 5b1f17b1804b1-46e675b557fsm68275905e9.0 - gsmtp',
        responseCode: 535,
        command: 'AUTH PLAIN'
      }

      81 |       });
      82 |     } catch (emailError) {
    > 83 |       console.error('Email sending error:', emailError);
         |               ^
      84 |       // Don't fail registration if email fails
      85 |     }
      86 |

      at error (src/controllers/authController.js:83:15)

    console.error
      Email sending error: Error: Invalid login: 535-5.7.8 Username and Password not accepted. For more information, go to
      535 5.7.8  https://support.google.com/mail/?p=BadCredentials ffacd0b85a97d-4255d8f4bdcsm4420287f8f.54 - gsmtp
          at SMTPConnection._formatError (/Users/elvira/Downloads/pets-pr-1/node_modules/.pnpm/nodemailer@7.0.6/node_modules/nodemailer/lib/smtp-connection/index.js:809:19)
          at SMTPConnection._actionAUTHComplete (/Users/elvira/Downloads/pets-pr-1/node_modules/.pnpm/nodemailer@7.0.6/node_modules/nodemailer/lib/smtp-connection/index.js:1588:34)
          at SMTPConnection.<anonymous> (/Users/elvira/Downloads/pets-pr-1/node_modules/.pnpm/nodemailer@7.0.6/node_modules/nodemailer/lib/smtp-connection/index.js:556:26)
          at SMTPConnection._processResponse (/Users/elvira/Downloads/pets-pr-1/node_modules/.pnpm/nodemailer@7.0.6/node_modules/nodemailer/lib/smtp-connection/index.js:993:20)
          at SMTPConnection._onData (/Users/elvira/Downloads/pets-pr-1/node_modules/.pnpm/nodemailer@7.0.6/node_modules/nodemailer/lib/smtp-connection/index.js:774:14)
          at TLSSocket.SMTPConnection._onSocketData (/Users/elvira/Downloads/pets-pr-1/node_modules/.pnpm/nodemailer@7.0.6/node_modules/nodemailer/lib/smtp-connection/index.js:195:44)
          at TLSSocket.emit (node:events:508:28)
          at addChunk (node:internal/streams/readable:559:12)
          at readableAddChunkPushByteMode (node:internal/streams/readable:510:3)
          at TLSSocket.Readable.push (node:internal/streams/readable:390:5)
          at TLSWrap.onStreamRead (node:internal/stream_base_commons:189:23) {
        code: 'EAUTH',
        response: '535-5.7.8 Username and Password not accepted. For more information, go to\n' +
          '535 5.7.8  https://support.google.com/mail/?p=BadCredentials ffacd0b85a97d-4255d8f4bdcsm4420287f8f.54 - gsmtp',
        responseCode: 535,
        command: 'AUTH PLAIN'
      }

      216 |
      217 |   } catch (error) {
    > 218 |     console.error('Email sending error:', error);
          |             ^
      219 |     throw error;
      220 |   }
      221 | };

      at error (src/services/emailService.js:218:13)
      at register (src/controllers/authController.js:73:7)

    console.error
      Email sending error: Error: Invalid login: 535-5.7.8 Username and Password not accepted. For more information, go to
      535 5.7.8  https://support.google.com/mail/?p=BadCredentials ffacd0b85a97d-4255d8f4bdcsm4420287f8f.54 - gsmtp
          at SMTPConnection._formatError (/Users/elvira/Downloads/pets-pr-1/node_modules/.pnpm/nodemailer@7.0.6/node_modules/nodemailer/lib/smtp-connection/index.js:809:19)
          at SMTPConnection._actionAUTHComplete (/Users/elvira/Downloads/pets-pr-1/node_modules/.pnpm/nodemailer@7.0.6/node_modules/nodemailer/lib/smtp-connection/index.js:1588:34)
          at SMTPConnection.<anonymous> (/Users/elvira/Downloads/pets-pr-1/node_modules/.pnpm/nodemailer@7.0.6/node_modules/nodemailer/lib/smtp-connection/index.js:556:26)
          at SMTPConnection._processResponse (/Users/elvira/Downloads/pets-pr-1/node_modules/.pnpm/nodemailer@7.0.6/node_modules/nodemailer/lib/smtp-connection/index.js:993:20)
          at SMTPConnection._onData (/Users/elvira/Downloads/pets-pr-1/node_modules/.pnpm/nodemailer@7.0.6/node_modules/nodemailer/lib/smtp-connection/index.js:774:14)
          at TLSSocket.SMTPConnection._onSocketData (/Users/elvira/Downloads/pets-pr-1/node_modules/.pnpm/nodemailer@7.0.6/node_modules/nodemailer/lib/smtp-connection/index.js:195:44)
          at TLSSocket.emit (node:events:508:28)
          at addChunk (node:internal/streams/readable:559:12)
          at readableAddChunkPushByteMode (node:internal/streams/readable:510:3)
          at TLSSocket.Readable.push (node:internal/streams/readable:390:5)
          at TLSWrap.onStreamRead (node:internal/stream_base_commons:189:23) {
        code: 'EAUTH',
        response: '535-5.7.8 Username and Password not accepted. For more information, go to\n' +
          '535 5.7.8  https://support.google.com/mail/?p=BadCredentials ffacd0b85a97d-4255d8f4bdcsm4420287f8f.54 - gsmtp',
        responseCode: 535,
        command: 'AUTH PLAIN'
      }

      81 |       });
      82 |     } catch (emailError) {
    > 83 |       console.error('Email sending error:', emailError);
         |               ^
      84 |       // Don't fail registration if email fails
      85 |     }
      86 |

      at error (src/controllers/authController.js:83:15)

    console.error
      Email sending error: Error: Invalid login: 535-5.7.8 Username and Password not accepted. For more information, go to
      535 5.7.8  https://support.google.com/mail/?p=BadCredentials 5b1f17b1804b1-46e675b557fsm68276515e9.0 - gsmtp
          at SMTPConnection._formatError (/Users/elvira/Downloads/pets-pr-1/node_modules/.pnpm/nodemailer@7.0.6/node_modules/nodemailer/lib/smtp-connection/index.js:809:19)
          at SMTPConnection._actionAUTHComplete (/Users/elvira/Downloads/pets-pr-1/node_modules/.pnpm/nodemailer@7.0.6/node_modules/nodemailer/lib/smtp-connection/index.js:1588:34)
          at SMTPConnection.<anonymous> (/Users/elvira/Downloads/pets-pr-1/node_modules/.pnpm/nodemailer@7.0.6/node_modules/nodemailer/lib/smtp-connection/index.js:556:26)
          at SMTPConnection._processResponse (/Users/elvira/Downloads/pets-pr-1/node_modules/.pnpm/nodemailer@7.0.6/node_modules/nodemailer/lib/smtp-connection/index.js:993:20)
          at SMTPConnection._onData (/Users/elvira/Downloads/pets-pr-1/node_modules/.pnpm/nodemailer@7.0.6/node_modules/nodemailer/lib/smtp-connection/index.js:774:14)
          at TLSSocket.SMTPConnection._onSocketData (/Users/elvira/Downloads/pets-pr-1/node_modules/.pnpm/nodemailer@7.0.6/node_modules/nodemailer/lib/smtp-connection/index.js:195:44)
          at TLSSocket.emit (node:events:508:28)
          at addChunk (node:internal/streams/readable:559:12)
          at readableAddChunkPushByteMode (node:internal/streams/readable:510:3)
          at TLSSocket.Readable.push (node:internal/streams/readable:390:5)
          at TLSWrap.onStreamRead (node:internal/stream_base_commons:189:23) {
        code: 'EAUTH',
        response: '535-5.7.8 Username and Password not accepted. For more information, go to\n' +
          '535 5.7.8  https://support.google.com/mail/?p=BadCredentials 5b1f17b1804b1-46e675b557fsm68276515e9.0 - gsmtp',
        responseCode: 535,
        command: 'AUTH PLAIN'
      }

      216 |
      217 |   } catch (error) {
    > 218 |     console.error('Email sending error:', error);
          |             ^
      219 |     throw error;
      220 |   }
      221 | };

      at error (src/services/emailService.js:218:13)
      at register (src/controllers/authController.js:73:7)

    console.error
      Email sending error: Error: Invalid login: 535-5.7.8 Username and Password not accepted. For more information, go to
      535 5.7.8  https://support.google.com/mail/?p=BadCredentials 5b1f17b1804b1-46e675b557fsm68276515e9.0 - gsmtp
          at SMTPConnection._formatError (/Users/elvira/Downloads/pets-pr-1/node_modules/.pnpm/nodemailer@7.0.6/node_modules/nodemailer/lib/smtp-connection/index.js:809:19)
          at SMTPConnection._actionAUTHComplete (/Users/elvira/Downloads/pets-pr-1/node_modules/.pnpm/nodemailer@7.0.6/node_modules/nodemailer/lib/smtp-connection/index.js:1588:34)
          at SMTPConnection.<anonymous> (/Users/elvira/Downloads/pets-pr-1/node_modules/.pnpm/nodemailer@7.0.6/node_modules/nodemailer/lib/smtp-connection/index.js:556:26)
          at SMTPConnection._processResponse (/Users/elvira/Downloads/pets-pr-1/node_modules/.pnpm/nodemailer@7.0.6/node_modules/nodemailer/lib/smtp-connection/index.js:993:20)
          at SMTPConnection._onData (/Users/elvira/Downloads/pets-pr-1/node_modules/.pnpm/nodemailer@7.0.6/node_modules/nodemailer/lib/smtp-connection/index.js:774:14)
          at TLSSocket.SMTPConnection._onSocketData (/Users/elvira/Downloads/pets-pr-1/node_modules/.pnpm/nodemailer@7.0.6/node_modules/nodemailer/lib/smtp-connection/index.js:195:44)
          at TLSSocket.emit (node:events:508:28)
          at addChunk (node:internal/streams/readable:559:12)
          at readableAddChunkPushByteMode (node:internal/streams/readable:510:3)
          at TLSSocket.Readable.push (node:internal/streams/readable:390:5)
          at TLSWrap.onStreamRead (node:internal/stream_base_commons:189:23) {
        code: 'EAUTH',
        response: '535-5.7.8 Username and Password not accepted. For more information, go to\n' +
          '535 5.7.8  https://support.google.com/mail/?p=BadCredentials 5b1f17b1804b1-46e675b557fsm68276515e9.0 - gsmtp',
        responseCode: 535,
        command: 'AUTH PLAIN'
      }

      81 |       });
      82 |     } catch (emailError) {
    > 83 |       console.error('Email sending error:', emailError);
         |               ^
      84 |       // Don't fail registration if email fails
      85 |     }
      86 |

      at error (src/controllers/authController.js:83:15)

    console.error
      Email sending error: Error: Invalid login: 535-5.7.8 Username and Password not accepted. For more information, go to
      535 5.7.8  https://support.google.com/mail/?p=BadCredentials ffacd0b85a97d-4255d8f01absm4269957f8f.44 - gsmtp
          at SMTPConnection._formatError (/Users/elvira/Downloads/pets-pr-1/node_modules/.pnpm/nodemailer@7.0.6/node_modules/nodemailer/lib/smtp-connection/index.js:809:19)
          at SMTPConnection._actionAUTHComplete (/Users/elvira/Downloads/pets-pr-1/node_modules/.pnpm/nodemailer@7.0.6/node_modules/nodemailer/lib/smtp-connection/index.js:1588:34)
          at SMTPConnection.<anonymous> (/Users/elvira/Downloads/pets-pr-1/node_modules/.pnpm/nodemailer@7.0.6/node_modules/nodemailer/lib/smtp-connection/index.js:556:26)
          at SMTPConnection._processResponse (/Users/elvira/Downloads/pets-pr-1/node_modules/.pnpm/nodemailer@7.0.6/node_modules/nodemailer/lib/smtp-connection/index.js:993:20)
          at SMTPConnection._onData (/Users/elvira/Downloads/pets-pr-1/node_modules/.pnpm/nodemailer@7.0.6/node_modules/nodemailer/lib/smtp-connection/index.js:774:14)
          at TLSSocket.SMTPConnection._onSocketData (/Users/elvira/Downloads/pets-pr-1/node_modules/.pnpm/nodemailer@7.0.6/node_modules/nodemailer/lib/smtp-connection/index.js:195:44)
          at TLSSocket.emit (node:events:508:28)
          at addChunk (node:internal/streams/readable:559:12)
          at readableAddChunkPushByteMode (node:internal/streams/readable:510:3)
          at TLSSocket.Readable.push (node:internal/streams/readable:390:5)
          at TLSWrap.onStreamRead (node:internal/stream_base_commons:189:23) {
        code: 'EAUTH',
        response: '535-5.7.8 Username and Password not accepted. For more information, go to\n' +
          '535 5.7.8  https://support.google.com/mail/?p=BadCredentials ffacd0b85a97d-4255d8f01absm4269957f8f.44 - gsmtp',
        responseCode: 535,
        command: 'AUTH PLAIN'
      }

      216 |
      217 |   } catch (error) {
    > 218 |     console.error('Email sending error:', error);
          |             ^
      219 |     throw error;
      220 |   }
      221 | };

      at error (src/services/emailService.js:218:13)
      at register (src/controllers/authController.js:73:7)

    console.error
      Email sending error: Error: Invalid login: 535-5.7.8 Username and Password not accepted. For more information, go to
      535 5.7.8  https://support.google.com/mail/?p=BadCredentials ffacd0b85a97d-4255d8f01absm4269957f8f.44 - gsmtp
          at SMTPConnection._formatError (/Users/elvira/Downloads/pets-pr-1/node_modules/.pnpm/nodemailer@7.0.6/node_modules/nodemailer/lib/smtp-connection/index.js:809:19)
          at SMTPConnection._actionAUTHComplete (/Users/elvira/Downloads/pets-pr-1/node_modules/.pnpm/nodemailer@7.0.6/node_modules/nodemailer/lib/smtp-connection/index.js:1588:34)
          at SMTPConnection.<anonymous> (/Users/elvira/Downloads/pets-pr-1/node_modules/.pnpm/nodemailer@7.0.6/node_modules/nodemailer/lib/smtp-connection/index.js:556:26)
          at SMTPConnection._processResponse (/Users/elvira/Downloads/pets-pr-1/node_modules/.pnpm/nodemailer@7.0.6/node_modules/nodemailer/lib/smtp-connection/index.js:993:20)
          at SMTPConnection._onData (/Users/elvira/Downloads/pets-pr-1/node_modules/.pnpm/nodemailer@7.0.6/node_modules/nodemailer/lib/smtp-connection/index.js:774:14)
          at TLSSocket.SMTPConnection._onSocketData (/Users/elvira/Downloads/pets-pr-1/node_modules/.pnpm/nodemailer@7.0.6/node_modules/nodemailer/lib/smtp-connection/index.js:195:44)
          at TLSSocket.emit (node:events:508:28)
          at addChunk (node:internal/streams/readable:559:12)
          at readableAddChunkPushByteMode (node:internal/streams/readable:510:3)
          at TLSSocket.Readable.push (node:internal/streams/readable:390:5)
          at TLSWrap.onStreamRead (node:internal/stream_base_commons:189:23) {
        code: 'EAUTH',
        response: '535-5.7.8 Username and Password not accepted. For more information, go to\n' +
          '535 5.7.8  https://support.google.com/mail/?p=BadCredentials ffacd0b85a97d-4255d8f01absm4269957f8f.44 - gsmtp',
        responseCode: 535,
        command: 'AUTH PLAIN'
      }

      81 |       });
      82 |     } catch (emailError) {
    > 83 |       console.error('Email sending error:', emailError);
         |               ^
      84 |       // Don't fail registration if email fails
      85 |     }
      86 |

      at error (src/controllers/authController.js:83:15)

    console.error
      Email sending error: Error: Invalid login: 535-5.7.8 Username and Password not accepted. For more information, go to
      535 5.7.8  https://support.google.com/mail/?p=BadCredentials ffacd0b85a97d-4255d8b0068sm4314491f8f.26 - gsmtp
          at SMTPConnection._formatError (/Users/elvira/Downloads/pets-pr-1/node_modules/.pnpm/nodemailer@7.0.6/node_modules/nodemailer/lib/smtp-connection/index.js:809:19)
          at SMTPConnection._actionAUTHComplete (/Users/elvira/Downloads/pets-pr-1/node_modules/.pnpm/nodemailer@7.0.6/node_modules/nodemailer/lib/smtp-connection/index.js:1588:34)
          at SMTPConnection.<anonymous> (/Users/elvira/Downloads/pets-pr-1/node_modules/.pnpm/nodemailer@7.0.6/node_modules/nodemailer/lib/smtp-connection/index.js:556:26)
          at SMTPConnection._processResponse (/Users/elvira/Downloads/pets-pr-1/node_modules/.pnpm/nodemailer@7.0.6/node_modules/nodemailer/lib/smtp-connection/index.js:993:20)
          at SMTPConnection._onData (/Users/elvira/Downloads/pets-pr-1/node_modules/.pnpm/nodemailer@7.0.6/node_modules/nodemailer/lib/smtp-connection/index.js:774:14)
          at TLSSocket.SMTPConnection._onSocketData (/Users/elvira/Downloads/pets-pr-1/node_modules/.pnpm/nodemailer@7.0.6/node_modules/nodemailer/lib/smtp-connection/index.js:195:44)
          at TLSSocket.emit (node:events:508:28)
          at addChunk (node:internal/streams/readable:559:12)
          at readableAddChunkPushByteMode (node:internal/streams/readable:510:3)
          at TLSSocket.Readable.push (node:internal/streams/readable:390:5)
          at TLSWrap.onStreamRead (node:internal/stream_base_commons:189:23) {
        code: 'EAUTH',
        response: '535-5.7.8 Username and Password not accepted. For more information, go to\n' +
          '535 5.7.8  https://support.google.com/mail/?p=BadCredentials ffacd0b85a97d-4255d8b0068sm4314491f8f.26 - gsmtp',
        responseCode: 535,
        command: 'AUTH PLAIN'
      }

      216 |
      217 |   } catch (error) {
    > 218 |     console.error('Email sending error:', error);
          |             ^
      219 |     throw error;
      220 |   }
      221 | };

      at error (src/services/emailService.js:218:13)
      at register (src/controllers/authController.js:73:7)

    console.error
      Email sending error: Error: Invalid login: 535-5.7.8 Username and Password not accepted. For more information, go to
      535 5.7.8  https://support.google.com/mail/?p=BadCredentials ffacd0b85a97d-4255d8b0068sm4314491f8f.26 - gsmtp
          at SMTPConnection._formatError (/Users/elvira/Downloads/pets-pr-1/node_modules/.pnpm/nodemailer@7.0.6/node_modules/nodemailer/lib/smtp-connection/index.js:809:19)
          at SMTPConnection._actionAUTHComplete (/Users/elvira/Downloads/pets-pr-1/node_modules/.pnpm/nodemailer@7.0.6/node_modules/nodemailer/lib/smtp-connection/index.js:1588:34)
          at SMTPConnection.<anonymous> (/Users/elvira/Downloads/pets-pr-1/node_modules/.pnpm/nodemailer@7.0.6/node_modules/nodemailer/lib/smtp-connection/index.js:556:26)
          at SMTPConnection._processResponse (/Users/elvira/Downloads/pets-pr-1/node_modules/.pnpm/nodemailer@7.0.6/node_modules/nodemailer/lib/smtp-connection/index.js:993:20)
          at SMTPConnection._onData (/Users/elvira/Downloads/pets-pr-1/node_modules/.pnpm/nodemailer@7.0.6/node_modules/nodemailer/lib/smtp-connection/index.js:774:14)
          at TLSSocket.SMTPConnection._onSocketData (/Users/elvira/Downloads/pets-pr-1/node_modules/.pnpm/nodemailer@7.0.6/node_modules/nodemailer/lib/smtp-connection/index.js:195:44)
          at TLSSocket.emit (node:events:508:28)
          at addChunk (node:internal/streams/readable:559:12)
          at readableAddChunkPushByteMode (node:internal/streams/readable:510:3)
          at TLSSocket.Readable.push (node:internal/streams/readable:390:5)
          at TLSWrap.onStreamRead (node:internal/stream_base_commons:189:23) {
        code: 'EAUTH',
        response: '535-5.7.8 Username and Password not accepted. For more information, go to\n' +
          '535 5.7.8  https://support.google.com/mail/?p=BadCredentials ffacd0b85a97d-4255d8b0068sm4314491f8f.26 - gsmtp',
        responseCode: 535,
        command: 'AUTH PLAIN'
      }

      81 |       });
      82 |     } catch (emailError) {
    > 83 |       console.error('Email sending error:', emailError);
         |               ^
      84 |       // Don't fail registration if email fails
      85 |     }
      86 |

      at error (src/controllers/authController.js:83:15)

    console.error
      Email sending error: Error: Invalid login: 535-5.7.8 Username and Password not accepted. For more information, go to
      535 5.7.8  https://support.google.com/mail/?p=BadCredentials ffacd0b85a97d-4255d8a6c49sm4335118f8f.3 - gsmtp
          at SMTPConnection._formatError (/Users/elvira/Downloads/pets-pr-1/node_modules/.pnpm/nodemailer@7.0.6/node_modules/nodemailer/lib/smtp-connection/index.js:809:19)
          at SMTPConnection._actionAUTHComplete (/Users/elvira/Downloads/pets-pr-1/node_modules/.pnpm/nodemailer@7.0.6/node_modules/nodemailer/lib/smtp-connection/index.js:1588:34)
          at SMTPConnection.<anonymous> (/Users/elvira/Downloads/pets-pr-1/node_modules/.pnpm/nodemailer@7.0.6/node_modules/nodemailer/lib/smtp-connection/index.js:556:26)
          at SMTPConnection._processResponse (/Users/elvira/Downloads/pets-pr-1/node_modules/.pnpm/nodemailer@7.0.6/node_modules/nodemailer/lib/smtp-connection/index.js:993:20)
          at SMTPConnection._onData (/Users/elvira/Downloads/pets-pr-1/node_modules/.pnpm/nodemailer@7.0.6/node_modules/nodemailer/lib/smtp-connection/index.js:774:14)
          at TLSSocket.SMTPConnection._onSocketData (/Users/elvira/Downloads/pets-pr-1/node_modules/.pnpm/nodemailer@7.0.6/node_modules/nodemailer/lib/smtp-connection/index.js:195:44)
          at TLSSocket.emit (node:events:508:28)
          at addChunk (node:internal/streams/readable:559:12)
          at readableAddChunkPushByteMode (node:internal/streams/readable:510:3)
          at TLSSocket.Readable.push (node:internal/streams/readable:390:5)
          at TLSWrap.onStreamRead (node:internal/stream_base_commons:189:23) {
        code: 'EAUTH',
        response: '535-5.7.8 Username and Password not accepted. For more information, go to\n' +
          '535 5.7.8  https://support.google.com/mail/?p=BadCredentials ffacd0b85a97d-4255d8a6c49sm4335118f8f.3 - gsmtp',
        responseCode: 535,
        command: 'AUTH PLAIN'
      }

      216 |
      217 |   } catch (error) {
    > 218 |     console.error('Email sending error:', error);
          |             ^
      219 |     throw error;
      220 |   }
      221 | };

      at error (src/services/emailService.js:218:13)
      at register (src/controllers/authController.js:73:7)

    console.error
      Email sending error: Error: Invalid login: 535-5.7.8 Username and Password not accepted. For more information, go to
      535 5.7.8  https://support.google.com/mail/?p=BadCredentials ffacd0b85a97d-4255d8a6c49sm4335118f8f.3 - gsmtp
          at SMTPConnection._formatError (/Users/elvira/Downloads/pets-pr-1/node_modules/.pnpm/nodemailer@7.0.6/node_modules/nodemailer/lib/smtp-connection/index.js:809:19)
          at SMTPConnection._actionAUTHComplete (/Users/elvira/Downloads/pets-pr-1/node_modules/.pnpm/nodemailer@7.0.6/node_modules/nodemailer/lib/smtp-connection/index.js:1588:34)
          at SMTPConnection.<anonymous> (/Users/elvira/Downloads/pets-pr-1/node_modules/.pnpm/nodemailer@7.0.6/node_modules/nodemailer/lib/smtp-connection/index.js:556:26)
          at SMTPConnection._processResponse (/Users/elvira/Downloads/pets-pr-1/node_modules/.pnpm/nodemailer@7.0.6/node_modules/nodemailer/lib/smtp-connection/index.js:993:20)
          at SMTPConnection._onData (/Users/elvira/Downloads/pets-pr-1/node_modules/.pnpm/nodemailer@7.0.6/node_modules/nodemailer/lib/smtp-connection/index.js:774:14)
          at TLSSocket.SMTPConnection._onSocketData (/Users/elvira/Downloads/pets-pr-1/node_modules/.pnpm/nodemailer@7.0.6/node_modules/nodemailer/lib/smtp-connection/index.js:195:44)
          at TLSSocket.emit (node:events:508:28)
          at addChunk (node:internal/streams/readable:559:12)
          at readableAddChunkPushByteMode (node:internal/streams/readable:510:3)
          at TLSSocket.Readable.push (node:internal/streams/readable:390:5)
          at TLSWrap.onStreamRead (node:internal/stream_base_commons:189:23) {
        code: 'EAUTH',
        response: '535-5.7.8 Username and Password not accepted. For more information, go to\n' +
          '535 5.7.8  https://support.google.com/mail/?p=BadCredentials ffacd0b85a97d-4255d8a6c49sm4335118f8f.3 - gsmtp',
        responseCode: 535,
        command: 'AUTH PLAIN'
      }

      81 |       });
      82 |     } catch (emailError) {
    > 83 |       console.error('Email sending error:', emailError);
         |               ^
      84 |       // Don't fail registration if email fails
      85 |     }
      86 |

      at error (src/controllers/authController.js:83:15)

    console.error
      Email sending error: Error: Invalid login: 535-5.7.8 Username and Password not accepted. For more information, go to
      535 5.7.8  https://support.google.com/mail/?p=BadCredentials 5b1f17b1804b1-46e619b8507sm89334185e9.3 - gsmtp
          at SMTPConnection._formatError (/Users/elvira/Downloads/pets-pr-1/node_modules/.pnpm/nodemailer@7.0.6/node_modules/nodemailer/lib/smtp-connection/index.js:809:19)
          at SMTPConnection._actionAUTHComplete (/Users/elvira/Downloads/pets-pr-1/node_modules/.pnpm/nodemailer@7.0.6/node_modules/nodemailer/lib/smtp-connection/index.js:1588:34)
          at SMTPConnection.<anonymous> (/Users/elvira/Downloads/pets-pr-1/node_modules/.pnpm/nodemailer@7.0.6/node_modules/nodemailer/lib/smtp-connection/index.js:556:26)
          at SMTPConnection._processResponse (/Users/elvira/Downloads/pets-pr-1/node_modules/.pnpm/nodemailer@7.0.6/node_modules/nodemailer/lib/smtp-connection/index.js:993:20)
          at SMTPConnection._onData (/Users/elvira/Downloads/pets-pr-1/node_modules/.pnpm/nodemailer@7.0.6/node_modules/nodemailer/lib/smtp-connection/index.js:774:14)
          at TLSSocket.SMTPConnection._onSocketData (/Users/elvira/Downloads/pets-pr-1/node_modules/.pnpm/nodemailer@7.0.6/node_modules/nodemailer/lib/smtp-connection/index.js:195:44)
          at TLSSocket.emit (node:events:508:28)
          at addChunk (node:internal/streams/readable:559:12)
          at readableAddChunkPushByteMode (node:internal/streams/readable:510:3)
          at TLSSocket.Readable.push (node:internal/streams/readable:390:5)
          at TLSWrap.onStreamRead (node:internal/stream_base_commons:189:23) {
        code: 'EAUTH',
        response: '535-5.7.8 Username and Password not accepted. For more information, go to\n' +
          '535 5.7.8  https://support.google.com/mail/?p=BadCredentials 5b1f17b1804b1-46e619b8507sm89334185e9.3 - gsmtp',
        responseCode: 535,
        command: 'AUTH PLAIN'
      }

      216 |
      217 |   } catch (error) {
    > 218 |     console.error('Email sending error:', error);
          |             ^
      219 |     throw error;
      220 |   }
      221 | };

      at error (src/services/emailService.js:218:13)
      at register (src/controllers/authController.js:73:7)

    console.error
      Email sending error: Error: Invalid login: 535-5.7.8 Username and Password not accepted. For more information, go to
      535 5.7.8  https://support.google.com/mail/?p=BadCredentials 5b1f17b1804b1-46e619b8507sm89334185e9.3 - gsmtp
          at SMTPConnection._formatError (/Users/elvira/Downloads/pets-pr-1/node_modules/.pnpm/nodemailer@7.0.6/node_modules/nodemailer/lib/smtp-connection/index.js:809:19)
          at SMTPConnection._actionAUTHComplete (/Users/elvira/Downloads/pets-pr-1/node_modules/.pnpm/nodemailer@7.0.6/node_modules/nodemailer/lib/smtp-connection/index.js:1588:34)
          at SMTPConnection.<anonymous> (/Users/elvira/Downloads/pets-pr-1/node_modules/.pnpm/nodemailer@7.0.6/node_modules/nodemailer/lib/smtp-connection/index.js:556:26)
          at SMTPConnection._processResponse (/Users/elvira/Downloads/pets-pr-1/node_modules/.pnpm/nodemailer@7.0.6/node_modules/nodemailer/lib/smtp-connection/index.js:993:20)
          at SMTPConnection._onData (/Users/elvira/Downloads/pets-pr-1/node_modules/.pnpm/nodemailer@7.0.6/node_modules/nodemailer/lib/smtp-connection/index.js:774:14)
          at TLSSocket.SMTPConnection._onSocketData (/Users/elvira/Downloads/pets-pr-1/node_modules/.pnpm/nodemailer@7.0.6/node_modules/nodemailer/lib/smtp-connection/index.js:195:44)
          at TLSSocket.emit (node:events:508:28)
          at addChunk (node:internal/streams/readable:559:12)
          at readableAddChunkPushByteMode (node:internal/streams/readable:510:3)
          at TLSSocket.Readable.push (node:internal/streams/readable:390:5)
          at TLSWrap.onStreamRead (node:internal/stream_base_commons:189:23) {
        code: 'EAUTH',
        response: '535-5.7.8 Username and Password not accepted. For more information, go to\n' +
          '535 5.7.8  https://support.google.com/mail/?p=BadCredentials 5b1f17b1804b1-46e619b8507sm89334185e9.3 - gsmtp',
        responseCode: 535,
        command: 'AUTH PLAIN'
      }

      81 |       });
      82 |     } catch (emailError) {
    > 83 |       console.error('Email sending error:', emailError);
         |               ^
      84 |       // Don't fail registration if email fails
      85 |     }
      86 |

      at error (src/controllers/authController.js:83:15)

    console.error
      Email sending error: Error: Invalid login: 535-5.7.8 Username and Password not accepted. For more information, go to
      535 5.7.8  https://support.google.com/mail/?p=BadCredentials 5b1f17b1804b1-46e5c4dd9e4sm58728485e9.10 - gsmtp
          at SMTPConnection._formatError (/Users/elvira/Downloads/pets-pr-1/node_modules/.pnpm/nodemailer@7.0.6/node_modules/nodemailer/lib/smtp-connection/index.js:809:19)
          at SMTPConnection._actionAUTHComplete (/Users/elvira/Downloads/pets-pr-1/node_modules/.pnpm/nodemailer@7.0.6/node_modules/nodemailer/lib/smtp-connection/index.js:1588:34)
          at SMTPConnection.<anonymous> (/Users/elvira/Downloads/pets-pr-1/node_modules/.pnpm/nodemailer@7.0.6/node_modules/nodemailer/lib/smtp-connection/index.js:556:26)
          at SMTPConnection._processResponse (/Users/elvira/Downloads/pets-pr-1/node_modules/.pnpm/nodemailer@7.0.6/node_modules/nodemailer/lib/smtp-connection/index.js:993:20)
          at SMTPConnection._onData (/Users/elvira/Downloads/pets-pr-1/node_modules/.pnpm/nodemailer@7.0.6/node_modules/nodemailer/lib/smtp-connection/index.js:774:14)
          at TLSSocket.SMTPConnection._onSocketData (/Users/elvira/Downloads/pets-pr-1/node_modules/.pnpm/nodemailer@7.0.6/node_modules/nodemailer/lib/smtp-connection/index.js:195:44)
          at TLSSocket.emit (node:events:508:28)
          at addChunk (node:internal/streams/readable:559:12)
          at readableAddChunkPushByteMode (node:internal/streams/readable:510:3)
          at TLSSocket.Readable.push (node:internal/streams/readable:390:5)
          at TLSWrap.onStreamRead (node:internal/stream_base_commons:189:23) {
        code: 'EAUTH',
        response: '535-5.7.8 Username and Password not accepted. For more information, go to\n' +
          '535 5.7.8  https://support.google.com/mail/?p=BadCredentials 5b1f17b1804b1-46e5c4dd9e4sm58728485e9.10 - gsmtp',
        responseCode: 535,
        command: 'AUTH PLAIN'
      }

      216 |
      217 |   } catch (error) {
    > 218 |     console.error('Email sending error:', error);
          |             ^
      219 |     throw error;
      220 |   }
      221 | };

      at error (src/services/emailService.js:218:13)
      at register (src/controllers/authController.js:73:7)

    console.error
      Email sending error: Error: Invalid login: 535-5.7.8 Username and Password not accepted. For more information, go to
      535 5.7.8  https://support.google.com/mail/?p=BadCredentials 5b1f17b1804b1-46e5c4dd9e4sm58728485e9.10 - gsmtp
          at SMTPConnection._formatError (/Users/elvira/Downloads/pets-pr-1/node_modules/.pnpm/nodemailer@7.0.6/node_modules/nodemailer/lib/smtp-connection/index.js:809:19)
          at SMTPConnection._actionAUTHComplete (/Users/elvira/Downloads/pets-pr-1/node_modules/.pnpm/nodemailer@7.0.6/node_modules/nodemailer/lib/smtp-connection/index.js:1588:34)
          at SMTPConnection.<anonymous> (/Users/elvira/Downloads/pets-pr-1/node_modules/.pnpm/nodemailer@7.0.6/node_modules/nodemailer/lib/smtp-connection/index.js:556:26)
          at SMTPConnection._processResponse (/Users/elvira/Downloads/pets-pr-1/node_modules/.pnpm/nodemailer@7.0.6/node_modules/nodemailer/lib/smtp-connection/index.js:993:20)
          at SMTPConnection._onData (/Users/elvira/Downloads/pets-pr-1/node_modules/.pnpm/nodemailer@7.0.6/node_modules/nodemailer/lib/smtp-connection/index.js:774:14)
          at TLSSocket.SMTPConnection._onSocketData (/Users/elvira/Downloads/pets-pr-1/node_modules/.pnpm/nodemailer@7.0.6/node_modules/nodemailer/lib/smtp-connection/index.js:195:44)
          at TLSSocket.emit (node:events:508:28)
          at addChunk (node:internal/streams/readable:559:12)
          at readableAddChunkPushByteMode (node:internal/streams/readable:510:3)
          at TLSSocket.Readable.push (node:internal/streams/readable:390:5)
          at TLSWrap.onStreamRead (node:internal/stream_base_commons:189:23) {
        code: 'EAUTH',
        response: '535-5.7.8 Username and Password not accepted. For more information, go to\n' +
          '535 5.7.8  https://support.google.com/mail/?p=BadCredentials 5b1f17b1804b1-46e5c4dd9e4sm58728485e9.10 - gsmtp',
        responseCode: 535,
        command: 'AUTH PLAIN'
      }

      81 |       });
      82 |     } catch (emailError) {
    > 83 |       console.error('Email sending error:', emailError);
         |               ^
      84 |       // Don't fail registration if email fails
      85 |     }
      86 |

      at error (src/controllers/authController.js:83:15)

    console.error
      Email sending error: Error: Invalid login: 535-5.7.8 Username and Password not accepted. For more information, go to
      535 5.7.8  https://support.google.com/mail/?p=BadCredentials ffacd0b85a97d-4255d8efffasm4270390f8f.41 - gsmtp
          at SMTPConnection._formatError (/Users/elvira/Downloads/pets-pr-1/node_modules/.pnpm/nodemailer@7.0.6/node_modules/nodemailer/lib/smtp-connection/index.js:809:19)
          at SMTPConnection._actionAUTHComplete (/Users/elvira/Downloads/pets-pr-1/node_modules/.pnpm/nodemailer@7.0.6/node_modules/nodemailer/lib/smtp-connection/index.js:1588:34)
          at SMTPConnection.<anonymous> (/Users/elvira/Downloads/pets-pr-1/node_modules/.pnpm/nodemailer@7.0.6/node_modules/nodemailer/lib/smtp-connection/index.js:556:26)
          at SMTPConnection._processResponse (/Users/elvira/Downloads/pets-pr-1/node_modules/.pnpm/nodemailer@7.0.6/node_modules/nodemailer/lib/smtp-connection/index.js:993:20)
          at SMTPConnection._onData (/Users/elvira/Downloads/pets-pr-1/node_modules/.pnpm/nodemailer@7.0.6/node_modules/nodemailer/lib/smtp-connection/index.js:774:14)
          at TLSSocket.SMTPConnection._onSocketData (/Users/elvira/Downloads/pets-pr-1/node_modules/.pnpm/nodemailer@7.0.6/node_modules/nodemailer/lib/smtp-connection/index.js:195:44)
          at TLSSocket.emit (node:events:508:28)
          at addChunk (node:internal/streams/readable:559:12)
          at readableAddChunkPushByteMode (node:internal/streams/readable:510:3)
          at TLSSocket.Readable.push (node:internal/streams/readable:390:5)
          at TLSWrap.onStreamRead (node:internal/stream_base_commons:189:23) {
        code: 'EAUTH',
        response: '535-5.7.8 Username and Password not accepted. For more information, go to\n' +
          '535 5.7.8  https://support.google.com/mail/?p=BadCredentials ffacd0b85a97d-4255d8efffasm4270390f8f.41 - gsmtp',
        responseCode: 535,
        command: 'AUTH PLAIN'
      }

      216 |
      217 |   } catch (error) {
    > 218 |     console.error('Email sending error:', error);
          |             ^
      219 |     throw error;
      220 |   }
      221 | };

      at error (src/services/emailService.js:218:13)
      at register (src/controllers/authController.js:73:7)

    console.error
      Email sending error: Error: Invalid login: 535-5.7.8 Username and Password not accepted. For more information, go to
      535 5.7.8  https://support.google.com/mail/?p=BadCredentials ffacd0b85a97d-4255d8efffasm4270390f8f.41 - gsmtp
          at SMTPConnection._formatError (/Users/elvira/Downloads/pets-pr-1/node_modules/.pnpm/nodemailer@7.0.6/node_modules/nodemailer/lib/smtp-connection/index.js:809:19)
          at SMTPConnection._actionAUTHComplete (/Users/elvira/Downloads/pets-pr-1/node_modules/.pnpm/nodemailer@7.0.6/node_modules/nodemailer/lib/smtp-connection/index.js:1588:34)
          at SMTPConnection.<anonymous> (/Users/elvira/Downloads/pets-pr-1/node_modules/.pnpm/nodemailer@7.0.6/node_modules/nodemailer/lib/smtp-connection/index.js:556:26)
          at SMTPConnection._processResponse (/Users/elvira/Downloads/pets-pr-1/node_modules/.pnpm/nodemailer@7.0.6/node_modules/nodemailer/lib/smtp-connection/index.js:993:20)
          at SMTPConnection._onData (/Users/elvira/Downloads/pets-pr-1/node_modules/.pnpm/nodemailer@7.0.6/node_modules/nodemailer/lib/smtp-connection/index.js:774:14)
          at TLSSocket.SMTPConnection._onSocketData (/Users/elvira/Downloads/pets-pr-1/node_modules/.pnpm/nodemailer@7.0.6/node_modules/nodemailer/lib/smtp-connection/index.js:195:44)
          at TLSSocket.emit (node:events:508:28)
          at addChunk (node:internal/streams/readable:559:12)
          at readableAddChunkPushByteMode (node:internal/streams/readable:510:3)
          at TLSSocket.Readable.push (node:internal/streams/readable:390:5)
          at TLSWrap.onStreamRead (node:internal/stream_base_commons:189:23) {
        code: 'EAUTH',
        response: '535-5.7.8 Username and Password not accepted. For more information, go to\n' +
          '535 5.7.8  https://support.google.com/mail/?p=BadCredentials ffacd0b85a97d-4255d8efffasm4270390f8f.41 - gsmtp',
        responseCode: 535,
        command: 'AUTH PLAIN'
      }

      81 |       });
      82 |     } catch (emailError) {
    > 83 |       console.error('Email sending error:', emailError);
         |               ^
      84 |       // Don't fail registration if email fails
      85 |     }
      86 |

      at error (src/controllers/authController.js:83:15)

    console.error
      Email sending error: Error: Invalid login: 535-5.7.8 Username and Password not accepted. For more information, go to
      535 5.7.8  https://support.google.com/mail/?p=BadCredentials 5b1f17b1804b1-46e6918bb06sm46723785e9.8 - gsmtp
          at SMTPConnection._formatError (/Users/elvira/Downloads/pets-pr-1/node_modules/.pnpm/nodemailer@7.0.6/node_modules/nodemailer/lib/smtp-connection/index.js:809:19)
          at SMTPConnection._actionAUTHComplete (/Users/elvira/Downloads/pets-pr-1/node_modules/.pnpm/nodemailer@7.0.6/node_modules/nodemailer/lib/smtp-connection/index.js:1588:34)
          at SMTPConnection.<anonymous> (/Users/elvira/Downloads/pets-pr-1/node_modules/.pnpm/nodemailer@7.0.6/node_modules/nodemailer/lib/smtp-connection/index.js:556:26)
          at SMTPConnection._processResponse (/Users/elvira/Downloads/pets-pr-1/node_modules/.pnpm/nodemailer@7.0.6/node_modules/nodemailer/lib/smtp-connection/index.js:993:20)
          at SMTPConnection._onData (/Users/elvira/Downloads/pets-pr-1/node_modules/.pnpm/nodemailer@7.0.6/node_modules/nodemailer/lib/smtp-connection/index.js:774:14)
          at TLSSocket.SMTPConnection._onSocketData (/Users/elvira/Downloads/pets-pr-1/node_modules/.pnpm/nodemailer@7.0.6/node_modules/nodemailer/lib/smtp-connection/index.js:195:44)
          at TLSSocket.emit (node:events:508:28)
          at addChunk (node:internal/streams/readable:559:12)
          at readableAddChunkPushByteMode (node:internal/streams/readable:510:3)
          at TLSSocket.Readable.push (node:internal/streams/readable:390:5)
          at TLSWrap.onStreamRead (node:internal/stream_base_commons:189:23) {
        code: 'EAUTH',
        response: '535-5.7.8 Username and Password not accepted. For more information, go to\n' +
          '535 5.7.8  https://support.google.com/mail/?p=BadCredentials 5b1f17b1804b1-46e6918bb06sm46723785e9.8 - gsmtp',
        responseCode: 535,
        command: 'AUTH PLAIN'
      }

      216 |
      217 |   } catch (error) {
    > 218 |     console.error('Email sending error:', error);
          |             ^
      219 |     throw error;
      220 |   }
      221 | };

      at error (src/services/emailService.js:218:13)
      at register (src/controllers/authController.js:73:7)

    console.error
      Email sending error: Error: Invalid login: 535-5.7.8 Username and Password not accepted. For more information, go to
      535 5.7.8  https://support.google.com/mail/?p=BadCredentials 5b1f17b1804b1-46e6918bb06sm46723785e9.8 - gsmtp
          at SMTPConnection._formatError (/Users/elvira/Downloads/pets-pr-1/node_modules/.pnpm/nodemailer@7.0.6/node_modules/nodemailer/lib/smtp-connection/index.js:809:19)
          at SMTPConnection._actionAUTHComplete (/Users/elvira/Downloads/pets-pr-1/node_modules/.pnpm/nodemailer@7.0.6/node_modules/nodemailer/lib/smtp-connection/index.js:1588:34)
          at SMTPConnection.<anonymous> (/Users/elvira/Downloads/pets-pr-1/node_modules/.pnpm/nodemailer@7.0.6/node_modules/nodemailer/lib/smtp-connection/index.js:556:26)
          at SMTPConnection._processResponse (/Users/elvira/Downloads/pets-pr-1/node_modules/.pnpm/nodemailer@7.0.6/node_modules/nodemailer/lib/smtp-connection/index.js:993:20)
          at SMTPConnection._onData (/Users/elvira/Downloads/pets-pr-1/node_modules/.pnpm/nodemailer@7.0.6/node_modules/nodemailer/lib/smtp-connection/index.js:774:14)
          at TLSSocket.SMTPConnection._onSocketData (/Users/elvira/Downloads/pets-pr-1/node_modules/.pnpm/nodemailer@7.0.6/node_modules/nodemailer/lib/smtp-connection/index.js:195:44)
          at TLSSocket.emit (node:events:508:28)
          at addChunk (node:internal/streams/readable:559:12)
          at readableAddChunkPushByteMode (node:internal/streams/readable:510:3)
          at TLSSocket.Readable.push (node:internal/streams/readable:390:5)
          at TLSWrap.onStreamRead (node:internal/stream_base_commons:189:23) {
        code: 'EAUTH',
        response: '535-5.7.8 Username and Password not accepted. For more information, go to\n' +
          '535 5.7.8  https://support.google.com/mail/?p=BadCredentials 5b1f17b1804b1-46e6918bb06sm46723785e9.8 - gsmtp',
        responseCode: 535,
        command: 'AUTH PLAIN'
      }

      81 |       });
      82 |     } catch (emailError) {
    > 83 |       console.error('Email sending error:', emailError);
         |               ^
      84 |       // Don't fail registration if email fails
      85 |     }
      86 |

      at error (src/controllers/authController.js:83:15)

    console.error
      Email sending error: Error: Invalid login: 535-5.7.8 Username and Password not accepted. For more information, go to
      535 5.7.8  https://support.google.com/mail/?p=BadCredentials ffacd0b85a97d-4255d8e9780sm4285806f8f.29 - gsmtp
          at SMTPConnection._formatError (/Users/elvira/Downloads/pets-pr-1/node_modules/.pnpm/nodemailer@7.0.6/node_modules/nodemailer/lib/smtp-connection/index.js:809:19)
          at SMTPConnection._actionAUTHComplete (/Users/elvira/Downloads/pets-pr-1/node_modules/.pnpm/nodemailer@7.0.6/node_modules/nodemailer/lib/smtp-connection/index.js:1588:34)
          at SMTPConnection.<anonymous> (/Users/elvira/Downloads/pets-pr-1/node_modules/.pnpm/nodemailer@7.0.6/node_modules/nodemailer/lib/smtp-connection/index.js:556:26)
          at SMTPConnection._processResponse (/Users/elvira/Downloads/pets-pr-1/node_modules/.pnpm/nodemailer@7.0.6/node_modules/nodemailer/lib/smtp-connection/index.js:993:20)
          at SMTPConnection._onData (/Users/elvira/Downloads/pets-pr-1/node_modules/.pnpm/nodemailer@7.0.6/node_modules/nodemailer/lib/smtp-connection/index.js:774:14)
          at TLSSocket.SMTPConnection._onSocketData (/Users/elvira/Downloads/pets-pr-1/node_modules/.pnpm/nodemailer@7.0.6/node_modules/nodemailer/lib/smtp-connection/index.js:195:44)
          at TLSSocket.emit (node:events:508:28)
          at addChunk (node:internal/streams/readable:559:12)
          at readableAddChunkPushByteMode (node:internal/streams/readable:510:3)
          at TLSSocket.Readable.push (node:internal/streams/readable:390:5)
          at TLSWrap.onStreamRead (node:internal/stream_base_commons:189:23) {
        code: 'EAUTH',
        response: '535-5.7.8 Username and Password not accepted. For more information, go to\n' +
          '535 5.7.8  https://support.google.com/mail/?p=BadCredentials ffacd0b85a97d-4255d8e9780sm4285806f8f.29 - gsmtp',
        responseCode: 535,
        command: 'AUTH PLAIN'
      }

      216 |
      217 |   } catch (error) {
    > 218 |     console.error('Email sending error:', error);
          |             ^
      219 |     throw error;
      220 |   }
      221 | };

      at error (src/services/emailService.js:218:13)
      at register (src/controllers/authController.js:73:7)

    console.error
      Email sending error: Error: Invalid login: 535-5.7.8 Username and Password not accepted. For more information, go to
      535 5.7.8  https://support.google.com/mail/?p=BadCredentials ffacd0b85a97d-4255d8e9780sm4285806f8f.29 - gsmtp
          at SMTPConnection._formatError (/Users/elvira/Downloads/pets-pr-1/node_modules/.pnpm/nodemailer@7.0.6/node_modules/nodemailer/lib/smtp-connection/index.js:809:19)
          at SMTPConnection._actionAUTHComplete (/Users/elvira/Downloads/pets-pr-1/node_modules/.pnpm/nodemailer@7.0.6/node_modules/nodemailer/lib/smtp-connection/index.js:1588:34)
          at SMTPConnection.<anonymous> (/Users/elvira/Downloads/pets-pr-1/node_modules/.pnpm/nodemailer@7.0.6/node_modules/nodemailer/lib/smtp-connection/index.js:556:26)
          at SMTPConnection._processResponse (/Users/elvira/Downloads/pets-pr-1/node_modules/.pnpm/nodemailer@7.0.6/node_modules/nodemailer/lib/smtp-connection/index.js:993:20)
          at SMTPConnection._onData (/Users/elvira/Downloads/pets-pr-1/node_modules/.pnpm/nodemailer@7.0.6/node_modules/nodemailer/lib/smtp-connection/index.js:774:14)
          at TLSSocket.SMTPConnection._onSocketData (/Users/elvira/Downloads/pets-pr-1/node_modules/.pnpm/nodemailer@7.0.6/node_modules/nodemailer/lib/smtp-connection/index.js:195:44)
          at TLSSocket.emit (node:events:508:28)
          at addChunk (node:internal/streams/readable:559:12)
          at readableAddChunkPushByteMode (node:internal/streams/readable:510:3)
          at TLSSocket.Readable.push (node:internal/streams/readable:390:5)
          at TLSWrap.onStreamRead (node:internal/stream_base_commons:189:23) {
        code: 'EAUTH',
        response: '535-5.7.8 Username and Password not accepted. For more information, go to\n' +
          '535 5.7.8  https://support.google.com/mail/?p=BadCredentials ffacd0b85a97d-4255d8e9780sm4285806f8f.29 - gsmtp',
        responseCode: 535,
        command: 'AUTH PLAIN'
      }

      81 |       });
      82 |     } catch (emailError) {
    > 83 |       console.error('Email sending error:', emailError);
         |               ^
      84 |       // Don't fail registration if email fails
      85 |     }
      86 |

      at error (src/controllers/authController.js:83:15)

    console.error
      Email sending error: Error: Invalid login: 535-5.7.8 Username and Password not accepted. For more information, go to
      535 5.7.8  https://support.google.com/mail/?p=BadCredentials ffacd0b85a97d-4255d8efffasm4270479f8f.41 - gsmtp
          at SMTPConnection._formatError (/Users/elvira/Downloads/pets-pr-1/node_modules/.pnpm/nodemailer@7.0.6/node_modules/nodemailer/lib/smtp-connection/index.js:809:19)
          at SMTPConnection._actionAUTHComplete (/Users/elvira/Downloads/pets-pr-1/node_modules/.pnpm/nodemailer@7.0.6/node_modules/nodemailer/lib/smtp-connection/index.js:1588:34)
          at SMTPConnection.<anonymous> (/Users/elvira/Downloads/pets-pr-1/node_modules/.pnpm/nodemailer@7.0.6/node_modules/nodemailer/lib/smtp-connection/index.js:556:26)
          at SMTPConnection._processResponse (/Users/elvira/Downloads/pets-pr-1/node_modules/.pnpm/nodemailer@7.0.6/node_modules/nodemailer/lib/smtp-connection/index.js:993:20)
          at SMTPConnection._onData (/Users/elvira/Downloads/pets-pr-1/node_modules/.pnpm/nodemailer@7.0.6/node_modules/nodemailer/lib/smtp-connection/index.js:774:14)
          at TLSSocket.SMTPConnection._onSocketData (/Users/elvira/Downloads/pets-pr-1/node_modules/.pnpm/nodemailer@7.0.6/node_modules/nodemailer/lib/smtp-connection/index.js:195:44)
          at TLSSocket.emit (node:events:508:28)
          at addChunk (node:internal/streams/readable:559:12)
          at readableAddChunkPushByteMode (node:internal/streams/readable:510:3)
          at TLSSocket.Readable.push (node:internal/streams/readable:390:5)
          at TLSWrap.onStreamRead (node:internal/stream_base_commons:189:23) {
        code: 'EAUTH',
        response: '535-5.7.8 Username and Password not accepted. For more information, go to\n' +
          '535 5.7.8  https://support.google.com/mail/?p=BadCredentials ffacd0b85a97d-4255d8efffasm4270479f8f.41 - gsmtp',
        responseCode: 535,
        command: 'AUTH PLAIN'
      }

      216 |
      217 |   } catch (error) {
    > 218 |     console.error('Email sending error:', error);
          |             ^
      219 |     throw error;
      220 |   }
      221 | };

      at error (src/services/emailService.js:218:13)
      at register (src/controllers/authController.js:73:7)

    console.error
      Email sending error: Error: Invalid login: 535-5.7.8 Username and Password not accepted. For more information, go to
      535 5.7.8  https://support.google.com/mail/?p=BadCredentials ffacd0b85a97d-4255d8efffasm4270479f8f.41 - gsmtp
          at SMTPConnection._formatError (/Users/elvira/Downloads/pets-pr-1/node_modules/.pnpm/nodemailer@7.0.6/node_modules/nodemailer/lib/smtp-connection/index.js:809:19)
          at SMTPConnection._actionAUTHComplete (/Users/elvira/Downloads/pets-pr-1/node_modules/.pnpm/nodemailer@7.0.6/node_modules/nodemailer/lib/smtp-connection/index.js:1588:34)
          at SMTPConnection.<anonymous> (/Users/elvira/Downloads/pets-pr-1/node_modules/.pnpm/nodemailer@7.0.6/node_modules/nodemailer/lib/smtp-connection/index.js:556:26)
          at SMTPConnection._processResponse (/Users/elvira/Downloads/pets-pr-1/node_modules/.pnpm/nodemailer@7.0.6/node_modules/nodemailer/lib/smtp-connection/index.js:993:20)
          at SMTPConnection._onData (/Users/elvira/Downloads/pets-pr-1/node_modules/.pnpm/nodemailer@7.0.6/node_modules/nodemailer/lib/smtp-connection/index.js:774:14)
          at TLSSocket.SMTPConnection._onSocketData (/Users/elvira/Downloads/pets-pr-1/node_modules/.pnpm/nodemailer@7.0.6/node_modules/nodemailer/lib/smtp-connection/index.js:195:44)
          at TLSSocket.emit (node:events:508:28)
          at addChunk (node:internal/streams/readable:559:12)
          at readableAddChunkPushByteMode (node:internal/streams/readable:510:3)
          at TLSSocket.Readable.push (node:internal/streams/readable:390:5)
          at TLSWrap.onStreamRead (node:internal/stream_base_commons:189:23) {
        code: 'EAUTH',
        response: '535-5.7.8 Username and Password not accepted. For more information, go to\n' +
          '535 5.7.8  https://support.google.com/mail/?p=BadCredentials ffacd0b85a97d-4255d8efffasm4270479f8f.41 - gsmtp',
        responseCode: 535,
        command: 'AUTH PLAIN'
      }

      81 |       });
      82 |     } catch (emailError) {
    > 83 |       console.error('Email sending error:', emailError);
         |               ^
      84 |       // Don't fail registration if email fails
      85 |     }
      86 |

      at error (src/controllers/authController.js:83:15)

    console.error
      Email sending error: Error: Invalid login: 535-5.7.8 Username and Password not accepted. For more information, go to
      535 5.7.8  https://support.google.com/mail/?p=BadCredentials 5b1f17b1804b1-46e6917a73csm42113085e9.2 - gsmtp
          at SMTPConnection._formatError (/Users/elvira/Downloads/pets-pr-1/node_modules/.pnpm/nodemailer@7.0.6/node_modules/nodemailer/lib/smtp-connection/index.js:809:19)
          at SMTPConnection._actionAUTHComplete (/Users/elvira/Downloads/pets-pr-1/node_modules/.pnpm/nodemailer@7.0.6/node_modules/nodemailer/lib/smtp-connection/index.js:1588:34)
          at SMTPConnection.<anonymous> (/Users/elvira/Downloads/pets-pr-1/node_modules/.pnpm/nodemailer@7.0.6/node_modules/nodemailer/lib/smtp-connection/index.js:556:26)
          at SMTPConnection._processResponse (/Users/elvira/Downloads/pets-pr-1/node_modules/.pnpm/nodemailer@7.0.6/node_modules/nodemailer/lib/smtp-connection/index.js:993:20)
          at SMTPConnection._onData (/Users/elvira/Downloads/pets-pr-1/node_modules/.pnpm/nodemailer@7.0.6/node_modules/nodemailer/lib/smtp-connection/index.js:774:14)
          at TLSSocket.SMTPConnection._onSocketData (/Users/elvira/Downloads/pets-pr-1/node_modules/.pnpm/nodemailer@7.0.6/node_modules/nodemailer/lib/smtp-connection/index.js:195:44)
          at TLSSocket.emit (node:events:508:28)
          at addChunk (node:internal/streams/readable:559:12)
          at readableAddChunkPushByteMode (node:internal/streams/readable:510:3)
          at TLSSocket.Readable.push (node:internal/streams/readable:390:5)
          at TLSWrap.onStreamRead (node:internal/stream_base_commons:189:23) {
        code: 'EAUTH',
        response: '535-5.7.8 Username and Password not accepted. For more information, go to\n' +
          '535 5.7.8  https://support.google.com/mail/?p=BadCredentials 5b1f17b1804b1-46e6917a73csm42113085e9.2 - gsmtp',
        responseCode: 535,
        command: 'AUTH PLAIN'
      }

      216 |
      217 |   } catch (error) {
    > 218 |     console.error('Email sending error:', error);
          |             ^
      219 |     throw error;
      220 |   }
      221 | };

      at error (src/services/emailService.js:218:13)
      at register (src/controllers/authController.js:73:7)

    console.error
      Email sending error: Error: Invalid login: 535-5.7.8 Username and Password not accepted. For more information, go to
      535 5.7.8  https://support.google.com/mail/?p=BadCredentials 5b1f17b1804b1-46e6917a73csm42113085e9.2 - gsmtp
          at SMTPConnection._formatError (/Users/elvira/Downloads/pets-pr-1/node_modules/.pnpm/nodemailer@7.0.6/node_modules/nodemailer/lib/smtp-connection/index.js:809:19)
          at SMTPConnection._actionAUTHComplete (/Users/elvira/Downloads/pets-pr-1/node_modules/.pnpm/nodemailer@7.0.6/node_modules/nodemailer/lib/smtp-connection/index.js:1588:34)
          at SMTPConnection.<anonymous> (/Users/elvira/Downloads/pets-pr-1/node_modules/.pnpm/nodemailer@7.0.6/node_modules/nodemailer/lib/smtp-connection/index.js:556:26)
          at SMTPConnection._processResponse (/Users/elvira/Downloads/pets-pr-1/node_modules/.pnpm/nodemailer@7.0.6/node_modules/nodemailer/lib/smtp-connection/index.js:993:20)
          at SMTPConnection._onData (/Users/elvira/Downloads/pets-pr-1/node_modules/.pnpm/nodemailer@7.0.6/node_modules/nodemailer/lib/smtp-connection/index.js:774:14)
          at TLSSocket.SMTPConnection._onSocketData (/Users/elvira/Downloads/pets-pr-1/node_modules/.pnpm/nodemailer@7.0.6/node_modules/nodemailer/lib/smtp-connection/index.js:195:44)
          at TLSSocket.emit (node:events:508:28)
          at addChunk (node:internal/streams/readable:559:12)
          at readableAddChunkPushByteMode (node:internal/streams/readable:510:3)
          at TLSSocket.Readable.push (node:internal/streams/readable:390:5)
          at TLSWrap.onStreamRead (node:internal/stream_base_commons:189:23) {
        code: 'EAUTH',
        response: '535-5.7.8 Username and Password not accepted. For more information, go to\n' +
          '535 5.7.8  https://support.google.com/mail/?p=BadCredentials 5b1f17b1804b1-46e6917a73csm42113085e9.2 - gsmtp',
        responseCode: 535,
        command: 'AUTH PLAIN'
      }

      81 |       });
      82 |     } catch (emailError) {
    > 83 |       console.error('Email sending error:', emailError);
         |               ^
      84 |       // Don't fail registration if email fails
      85 |     }
      86 |

      at error (src/controllers/authController.js:83:15)

    console.error
      Email sending error: Error: Invalid login: 535-5.7.8 Username and Password not accepted. For more information, go to
      535 5.7.8  https://support.google.com/mail/?p=BadCredentials ffacd0b85a97d-4255d8f4cc3sm4297093f8f.55 - gsmtp
          at SMTPConnection._formatError (/Users/elvira/Downloads/pets-pr-1/node_modules/.pnpm/nodemailer@7.0.6/node_modules/nodemailer/lib/smtp-connection/index.js:809:19)
          at SMTPConnection._actionAUTHComplete (/Users/elvira/Downloads/pets-pr-1/node_modules/.pnpm/nodemailer@7.0.6/node_modules/nodemailer/lib/smtp-connection/index.js:1588:34)
          at SMTPConnection.<anonymous> (/Users/elvira/Downloads/pets-pr-1/node_modules/.pnpm/nodemailer@7.0.6/node_modules/nodemailer/lib/smtp-connection/index.js:556:26)
          at SMTPConnection._processResponse (/Users/elvira/Downloads/pets-pr-1/node_modules/.pnpm/nodemailer@7.0.6/node_modules/nodemailer/lib/smtp-connection/index.js:993:20)
          at SMTPConnection._onData (/Users/elvira/Downloads/pets-pr-1/node_modules/.pnpm/nodemailer@7.0.6/node_modules/nodemailer/lib/smtp-connection/index.js:774:14)
          at TLSSocket.SMTPConnection._onSocketData (/Users/elvira/Downloads/pets-pr-1/node_modules/.pnpm/nodemailer@7.0.6/node_modules/nodemailer/lib/smtp-connection/index.js:195:44)
          at TLSSocket.emit (node:events:508:28)
          at addChunk (node:internal/streams/readable:559:12)
          at readableAddChunkPushByteMode (node:internal/streams/readable:510:3)
          at TLSSocket.Readable.push (node:internal/streams/readable:390:5)
          at TLSWrap.onStreamRead (node:internal/stream_base_commons:189:23) {
        code: 'EAUTH',
        response: '535-5.7.8 Username and Password not accepted. For more information, go to\n' +
          '535 5.7.8  https://support.google.com/mail/?p=BadCredentials ffacd0b85a97d-4255d8f4cc3sm4297093f8f.55 - gsmtp',
        responseCode: 535,
        command: 'AUTH PLAIN'
      }

      216 |
      217 |   } catch (error) {
    > 218 |     console.error('Email sending error:', error);
          |             ^
      219 |     throw error;
      220 |   }
      221 | };

      at error (src/services/emailService.js:218:13)
      at register (src/controllers/authController.js:73:7)

    console.error
      Email sending error: Error: Invalid login: 535-5.7.8 Username and Password not accepted. For more information, go to
      535 5.7.8  https://support.google.com/mail/?p=BadCredentials ffacd0b85a97d-4255d8f4cc3sm4297093f8f.55 - gsmtp
          at SMTPConnection._formatError (/Users/elvira/Downloads/pets-pr-1/node_modules/.pnpm/nodemailer@7.0.6/node_modules/nodemailer/lib/smtp-connection/index.js:809:19)
          at SMTPConnection._actionAUTHComplete (/Users/elvira/Downloads/pets-pr-1/node_modules/.pnpm/nodemailer@7.0.6/node_modules/nodemailer/lib/smtp-connection/index.js:1588:34)
          at SMTPConnection.<anonymous> (/Users/elvira/Downloads/pets-pr-1/node_modules/.pnpm/nodemailer@7.0.6/node_modules/nodemailer/lib/smtp-connection/index.js:556:26)
          at SMTPConnection._processResponse (/Users/elvira/Downloads/pets-pr-1/node_modules/.pnpm/nodemailer@7.0.6/node_modules/nodemailer/lib/smtp-connection/index.js:993:20)
          at SMTPConnection._onData (/Users/elvira/Downloads/pets-pr-1/node_modules/.pnpm/nodemailer@7.0.6/node_modules/nodemailer/lib/smtp-connection/index.js:774:14)
          at TLSSocket.SMTPConnection._onSocketData (/Users/elvira/Downloads/pets-pr-1/node_modules/.pnpm/nodemailer@7.0.6/node_modules/nodemailer/lib/smtp-connection/index.js:195:44)
          at TLSSocket.emit (node:events:508:28)
          at addChunk (node:internal/streams/readable:559:12)
          at readableAddChunkPushByteMode (node:internal/streams/readable:510:3)
          at TLSSocket.Readable.push (node:internal/streams/readable:390:5)
          at TLSWrap.onStreamRead (node:internal/stream_base_commons:189:23) {
        code: 'EAUTH',
        response: '535-5.7.8 Username and Password not accepted. For more information, go to\n' +
          '535 5.7.8  https://support.google.com/mail/?p=BadCredentials ffacd0b85a97d-4255d8f4cc3sm4297093f8f.55 - gsmtp',
        responseCode: 535,
        command: 'AUTH PLAIN'
      }

      81 |       });
      82 |     } catch (emailError) {
    > 83 |       console.error('Email sending error:', emailError);
         |               ^
      84 |       // Don't fail registration if email fails
      85 |     }
      86 |

      at error (src/controllers/authController.js:83:15)

    console.error
      Email sending error: Error: Invalid login: 535-5.7.8 Username and Password not accepted. For more information, go to
      535 5.7.8  https://support.google.com/mail/?p=BadCredentials 5b1f17b1804b1-46e6917a73csm42113745e9.2 - gsmtp
          at SMTPConnection._formatError (/Users/elvira/Downloads/pets-pr-1/node_modules/.pnpm/nodemailer@7.0.6/node_modules/nodemailer/lib/smtp-connection/index.js:809:19)
          at SMTPConnection._actionAUTHComplete (/Users/elvira/Downloads/pets-pr-1/node_modules/.pnpm/nodemailer@7.0.6/node_modules/nodemailer/lib/smtp-connection/index.js:1588:34)
          at SMTPConnection.<anonymous> (/Users/elvira/Downloads/pets-pr-1/node_modules/.pnpm/nodemailer@7.0.6/node_modules/nodemailer/lib/smtp-connection/index.js:556:26)
          at SMTPConnection._processResponse (/Users/elvira/Downloads/pets-pr-1/node_modules/.pnpm/nodemailer@7.0.6/node_modules/nodemailer/lib/smtp-connection/index.js:993:20)
          at SMTPConnection._onData (/Users/elvira/Downloads/pets-pr-1/node_modules/.pnpm/nodemailer@7.0.6/node_modules/nodemailer/lib/smtp-connection/index.js:774:14)
          at TLSSocket.SMTPConnection._onSocketData (/Users/elvira/Downloads/pets-pr-1/node_modules/.pnpm/nodemailer@7.0.6/node_modules/nodemailer/lib/smtp-connection/index.js:195:44)
          at TLSSocket.emit (node:events:508:28)
          at addChunk (node:internal/streams/readable:559:12)
          at readableAddChunkPushByteMode (node:internal/streams/readable:510:3)
          at TLSSocket.Readable.push (node:internal/streams/readable:390:5)
          at TLSWrap.onStreamRead (node:internal/stream_base_commons:189:23) {
        code: 'EAUTH',
        response: '535-5.7.8 Username and Password not accepted. For more information, go to\n' +
          '535 5.7.8  https://support.google.com/mail/?p=BadCredentials 5b1f17b1804b1-46e6917a73csm42113745e9.2 - gsmtp',
        responseCode: 535,
        command: 'AUTH PLAIN'
      }

      216 |
      217 |   } catch (error) {
    > 218 |     console.error('Email sending error:', error);
          |             ^
      219 |     throw error;
      220 |   }
      221 | };

      at error (src/services/emailService.js:218:13)
      at register (src/controllers/authController.js:73:7)

    console.error
      Email sending error: Error: Invalid login: 535-5.7.8 Username and Password not accepted. For more information, go to
      535 5.7.8  https://support.google.com/mail/?p=BadCredentials 5b1f17b1804b1-46e6917a73csm42113745e9.2 - gsmtp
          at SMTPConnection._formatError (/Users/elvira/Downloads/pets-pr-1/node_modules/.pnpm/nodemailer@7.0.6/node_modules/nodemailer/lib/smtp-connection/index.js:809:19)
          at SMTPConnection._actionAUTHComplete (/Users/elvira/Downloads/pets-pr-1/node_modules/.pnpm/nodemailer@7.0.6/node_modules/nodemailer/lib/smtp-connection/index.js:1588:34)
          at SMTPConnection.<anonymous> (/Users/elvira/Downloads/pets-pr-1/node_modules/.pnpm/nodemailer@7.0.6/node_modules/nodemailer/lib/smtp-connection/index.js:556:26)
          at SMTPConnection._processResponse (/Users/elvira/Downloads/pets-pr-1/node_modules/.pnpm/nodemailer@7.0.6/node_modules/nodemailer/lib/smtp-connection/index.js:993:20)
          at SMTPConnection._onData (/Users/elvira/Downloads/pets-pr-1/node_modules/.pnpm/nodemailer@7.0.6/node_modules/nodemailer/lib/smtp-connection/index.js:774:14)
          at TLSSocket.SMTPConnection._onSocketData (/Users/elvira/Downloads/pets-pr-1/node_modules/.pnpm/nodemailer@7.0.6/node_modules/nodemailer/lib/smtp-connection/index.js:195:44)
          at TLSSocket.emit (node:events:508:28)
          at addChunk (node:internal/streams/readable:559:12)
          at readableAddChunkPushByteMode (node:internal/streams/readable:510:3)
          at TLSSocket.Readable.push (node:internal/streams/readable:390:5)
          at TLSWrap.onStreamRead (node:internal/stream_base_commons:189:23) {
        code: 'EAUTH',
        response: '535-5.7.8 Username and Password not accepted. For more information, go to\n' +
          '535 5.7.8  https://support.google.com/mail/?p=BadCredentials 5b1f17b1804b1-46e6917a73csm42113745e9.2 - gsmtp',
        responseCode: 535,
        command: 'AUTH PLAIN'
      }

      81 |       });
      82 |     } catch (emailError) {
    > 83 |       console.error('Email sending error:', emailError);
         |               ^
      84 |       // Don't fail registration if email fails
      85 |     }
      86 |

      at error (src/controllers/authController.js:83:15)

    console.error
      Email sending error: Error: Invalid login: 535-5.7.8 Username and Password not accepted. For more information, go to
      535 5.7.8  https://support.google.com/mail/?p=BadCredentials 5b1f17b1804b1-46e637f7c00sm78252365e9.22 - gsmtp
          at SMTPConnection._formatError (/Users/elvira/Downloads/pets-pr-1/node_modules/.pnpm/nodemailer@7.0.6/node_modules/nodemailer/lib/smtp-connection/index.js:809:19)
          at SMTPConnection._actionAUTHComplete (/Users/elvira/Downloads/pets-pr-1/node_modules/.pnpm/nodemailer@7.0.6/node_modules/nodemailer/lib/smtp-connection/index.js:1588:34)
          at SMTPConnection.<anonymous> (/Users/elvira/Downloads/pets-pr-1/node_modules/.pnpm/nodemailer@7.0.6/node_modules/nodemailer/lib/smtp-connection/index.js:556:26)
          at SMTPConnection._processResponse (/Users/elvira/Downloads/pets-pr-1/node_modules/.pnpm/nodemailer@7.0.6/node_modules/nodemailer/lib/smtp-connection/index.js:993:20)
          at SMTPConnection._onData (/Users/elvira/Downloads/pets-pr-1/node_modules/.pnpm/nodemailer@7.0.6/node_modules/nodemailer/lib/smtp-connection/index.js:774:14)
          at TLSSocket.SMTPConnection._onSocketData (/Users/elvira/Downloads/pets-pr-1/node_modules/.pnpm/nodemailer@7.0.6/node_modules/nodemailer/lib/smtp-connection/index.js:195:44)
          at TLSSocket.emit (node:events:508:28)
          at addChunk (node:internal/streams/readable:559:12)
          at readableAddChunkPushByteMode (node:internal/streams/readable:510:3)
          at TLSSocket.Readable.push (node:internal/streams/readable:390:5)
          at TLSWrap.onStreamRead (node:internal/stream_base_commons:189:23) {
        code: 'EAUTH',
        response: '535-5.7.8 Username and Password not accepted. For more information, go to\n' +
          '535 5.7.8  https://support.google.com/mail/?p=BadCredentials 5b1f17b1804b1-46e637f7c00sm78252365e9.22 - gsmtp',
        responseCode: 535,
        command: 'AUTH PLAIN'
      }

      216 |
      217 |   } catch (error) {
    > 218 |     console.error('Email sending error:', error);
          |             ^
      219 |     throw error;
      220 |   }
      221 | };

      at error (src/services/emailService.js:218:13)
      at register (src/controllers/authController.js:73:7)

    console.error
      Email sending error: Error: Invalid login: 535-5.7.8 Username and Password not accepted. For more information, go to
      535 5.7.8  https://support.google.com/mail/?p=BadCredentials 5b1f17b1804b1-46e637f7c00sm78252365e9.22 - gsmtp
          at SMTPConnection._formatError (/Users/elvira/Downloads/pets-pr-1/node_modules/.pnpm/nodemailer@7.0.6/node_modules/nodemailer/lib/smtp-connection/index.js:809:19)
          at SMTPConnection._actionAUTHComplete (/Users/elvira/Downloads/pets-pr-1/node_modules/.pnpm/nodemailer@7.0.6/node_modules/nodemailer/lib/smtp-connection/index.js:1588:34)
          at SMTPConnection.<anonymous> (/Users/elvira/Downloads/pets-pr-1/node_modules/.pnpm/nodemailer@7.0.6/node_modules/nodemailer/lib/smtp-connection/index.js:556:26)
          at SMTPConnection._processResponse (/Users/elvira/Downloads/pets-pr-1/node_modules/.pnpm/nodemailer@7.0.6/node_modules/nodemailer/lib/smtp-connection/index.js:993:20)
          at SMTPConnection._onData (/Users/elvira/Downloads/pets-pr-1/node_modules/.pnpm/nodemailer@7.0.6/node_modules/nodemailer/lib/smtp-connection/index.js:774:14)
          at TLSSocket.SMTPConnection._onSocketData (/Users/elvira/Downloads/pets-pr-1/node_modules/.pnpm/nodemailer@7.0.6/node_modules/nodemailer/lib/smtp-connection/index.js:195:44)
          at TLSSocket.emit (node:events:508:28)
          at addChunk (node:internal/streams/readable:559:12)
          at readableAddChunkPushByteMode (node:internal/streams/readable:510:3)
          at TLSSocket.Readable.push (node:internal/streams/readable:390:5)
          at TLSWrap.onStreamRead (node:internal/stream_base_commons:189:23) {
        code: 'EAUTH',
        response: '535-5.7.8 Username and Password not accepted. For more information, go to\n' +
          '535 5.7.8  https://support.google.com/mail/?p=BadCredentials 5b1f17b1804b1-46e637f7c00sm78252365e9.22 - gsmtp',
        responseCode: 535,
        command: 'AUTH PLAIN'
      }

      81 |       });
      82 |     } catch (emailError) {
    > 83 |       console.error('Email sending error:', emailError);
         |               ^
      84 |       // Don't fail registration if email fails
      85 |     }
      86 |

      at error (src/controllers/authController.js:83:15)

    console.error
      Email sending error: Error: Invalid login: 535-5.7.8 Username and Password not accepted. For more information, go to
      535 5.7.8  https://support.google.com/mail/?p=BadCredentials ffacd0b85a97d-4255d8e960asm4239612f8f.37 - gsmtp
          at SMTPConnection._formatError (/Users/elvira/Downloads/pets-pr-1/node_modules/.pnpm/nodemailer@7.0.6/node_modules/nodemailer/lib/smtp-connection/index.js:809:19)
          at SMTPConnection._actionAUTHComplete (/Users/elvira/Downloads/pets-pr-1/node_modules/.pnpm/nodemailer@7.0.6/node_modules/nodemailer/lib/smtp-connection/index.js:1588:34)
          at SMTPConnection.<anonymous> (/Users/elvira/Downloads/pets-pr-1/node_modules/.pnpm/nodemailer@7.0.6/node_modules/nodemailer/lib/smtp-connection/index.js:556:26)
          at SMTPConnection._processResponse (/Users/elvira/Downloads/pets-pr-1/node_modules/.pnpm/nodemailer@7.0.6/node_modules/nodemailer/lib/smtp-connection/index.js:993:20)
          at SMTPConnection._onData (/Users/elvira/Downloads/pets-pr-1/node_modules/.pnpm/nodemailer@7.0.6/node_modules/nodemailer/lib/smtp-connection/index.js:774:14)
          at TLSSocket.SMTPConnection._onSocketData (/Users/elvira/Downloads/pets-pr-1/node_modules/.pnpm/nodemailer@7.0.6/node_modules/nodemailer/lib/smtp-connection/index.js:195:44)
          at TLSSocket.emit (node:events:508:28)
          at addChunk (node:internal/streams/readable:559:12)
          at readableAddChunkPushByteMode (node:internal/streams/readable:510:3)
          at TLSSocket.Readable.push (node:internal/streams/readable:390:5)
          at TLSWrap.onStreamRead (node:internal/stream_base_commons:189:23) {
        code: 'EAUTH',
        response: '535-5.7.8 Username and Password not accepted. For more information, go to\n' +
          '535 5.7.8  https://support.google.com/mail/?p=BadCredentials ffacd0b85a97d-4255d8e960asm4239612f8f.37 - gsmtp',
        responseCode: 535,
        command: 'AUTH PLAIN'
      }

      216 |
      217 |   } catch (error) {
    > 218 |     console.error('Email sending error:', error);
          |             ^
      219 |     throw error;
      220 |   }
      221 | };

      at error (src/services/emailService.js:218:13)
      at register (src/controllers/authController.js:73:7)

    console.error
      Email sending error: Error: Invalid login: 535-5.7.8 Username and Password not accepted. For more information, go to
      535 5.7.8  https://support.google.com/mail/?p=BadCredentials ffacd0b85a97d-4255d8e960asm4239612f8f.37 - gsmtp
          at SMTPConnection._formatError (/Users/elvira/Downloads/pets-pr-1/node_modules/.pnpm/nodemailer@7.0.6/node_modules/nodemailer/lib/smtp-connection/index.js:809:19)
          at SMTPConnection._actionAUTHComplete (/Users/elvira/Downloads/pets-pr-1/node_modules/.pnpm/nodemailer@7.0.6/node_modules/nodemailer/lib/smtp-connection/index.js:1588:34)
          at SMTPConnection.<anonymous> (/Users/elvira/Downloads/pets-pr-1/node_modules/.pnpm/nodemailer@7.0.6/node_modules/nodemailer/lib/smtp-connection/index.js:556:26)
          at SMTPConnection._processResponse (/Users/elvira/Downloads/pets-pr-1/node_modules/.pnpm/nodemailer@7.0.6/node_modules/nodemailer/lib/smtp-connection/index.js:993:20)
          at SMTPConnection._onData (/Users/elvira/Downloads/pets-pr-1/node_modules/.pnpm/nodemailer@7.0.6/node_modules/nodemailer/lib/smtp-connection/index.js:774:14)
          at TLSSocket.SMTPConnection._onSocketData (/Users/elvira/Downloads/pets-pr-1/node_modules/.pnpm/nodemailer@7.0.6/node_modules/nodemailer/lib/smtp-connection/index.js:195:44)
          at TLSSocket.emit (node:events:508:28)
          at addChunk (node:internal/streams/readable:559:12)
          at readableAddChunkPushByteMode (node:internal/streams/readable:510:3)
          at TLSSocket.Readable.push (node:internal/streams/readable:390:5)
          at TLSWrap.onStreamRead (node:internal/stream_base_commons:189:23) {
        code: 'EAUTH',
        response: '535-5.7.8 Username and Password not accepted. For more information, go to\n' +
          '535 5.7.8  https://support.google.com/mail/?p=BadCredentials ffacd0b85a97d-4255d8e960asm4239612f8f.37 - gsmtp',
        responseCode: 535,
        command: 'AUTH PLAIN'
      }

      81 |       });
      82 |     } catch (emailError) {
    > 83 |       console.error('Email sending error:', emailError);
         |               ^
      84 |       // Don't fail registration if email fails
      85 |     }
      86 |

      at error (src/controllers/authController.js:83:15)

    console.error
      Email sending error: Error: Invalid login: 535-5.7.8 Username and Password not accepted. For more information, go to
      535 5.7.8  https://support.google.com/mail/?p=BadCredentials 5b1f17b1804b1-46e619c3ac3sm91955865e9.9 - gsmtp
          at SMTPConnection._formatError (/Users/elvira/Downloads/pets-pr-1/node_modules/.pnpm/nodemailer@7.0.6/node_modules/nodemailer/lib/smtp-connection/index.js:809:19)
          at SMTPConnection._actionAUTHComplete (/Users/elvira/Downloads/pets-pr-1/node_modules/.pnpm/nodemailer@7.0.6/node_modules/nodemailer/lib/smtp-connection/index.js:1588:34)
          at SMTPConnection.<anonymous> (/Users/elvira/Downloads/pets-pr-1/node_modules/.pnpm/nodemailer@7.0.6/node_modules/nodemailer/lib/smtp-connection/index.js:556:26)
          at SMTPConnection._processResponse (/Users/elvira/Downloads/pets-pr-1/node_modules/.pnpm/nodemailer@7.0.6/node_modules/nodemailer/lib/smtp-connection/index.js:993:20)
          at SMTPConnection._onData (/Users/elvira/Downloads/pets-pr-1/node_modules/.pnpm/nodemailer@7.0.6/node_modules/nodemailer/lib/smtp-connection/index.js:774:14)
          at TLSSocket.SMTPConnection._onSocketData (/Users/elvira/Downloads/pets-pr-1/node_modules/.pnpm/nodemailer@7.0.6/node_modules/nodemailer/lib/smtp-connection/index.js:195:44)
          at TLSSocket.emit (node:events:508:28)
          at addChunk (node:internal/streams/readable:559:12)
          at readableAddChunkPushByteMode (node:internal/streams/readable:510:3)
          at TLSSocket.Readable.push (node:internal/streams/readable:390:5)
          at TLSWrap.onStreamRead (node:internal/stream_base_commons:189:23) {
        code: 'EAUTH',
        response: '535-5.7.8 Username and Password not accepted. For more information, go to\n' +
          '535 5.7.8  https://support.google.com/mail/?p=BadCredentials 5b1f17b1804b1-46e619c3ac3sm91955865e9.9 - gsmtp',
        responseCode: 535,
        command: 'AUTH PLAIN'
      }

      216 |
      217 |   } catch (error) {
    > 218 |     console.error('Email sending error:', error);
          |             ^
      219 |     throw error;
      220 |   }
      221 | };

      at error (src/services/emailService.js:218:13)
      at register (src/controllers/authController.js:73:7)

    console.error
      Email sending error: Error: Invalid login: 535-5.7.8 Username and Password not accepted. For more information, go to
      535 5.7.8  https://support.google.com/mail/?p=BadCredentials 5b1f17b1804b1-46e619c3ac3sm91955865e9.9 - gsmtp
          at SMTPConnection._formatError (/Users/elvira/Downloads/pets-pr-1/node_modules/.pnpm/nodemailer@7.0.6/node_modules/nodemailer/lib/smtp-connection/index.js:809:19)
          at SMTPConnection._actionAUTHComplete (/Users/elvira/Downloads/pets-pr-1/node_modules/.pnpm/nodemailer@7.0.6/node_modules/nodemailer/lib/smtp-connection/index.js:1588:34)
          at SMTPConnection.<anonymous> (/Users/elvira/Downloads/pets-pr-1/node_modules/.pnpm/nodemailer@7.0.6/node_modules/nodemailer/lib/smtp-connection/index.js:556:26)
          at SMTPConnection._processResponse (/Users/elvira/Downloads/pets-pr-1/node_modules/.pnpm/nodemailer@7.0.6/node_modules/nodemailer/lib/smtp-connection/index.js:993:20)
          at SMTPConnection._onData (/Users/elvira/Downloads/pets-pr-1/node_modules/.pnpm/nodemailer@7.0.6/node_modules/nodemailer/lib/smtp-connection/index.js:774:14)
          at TLSSocket.SMTPConnection._onSocketData (/Users/elvira/Downloads/pets-pr-1/node_modules/.pnpm/nodemailer@7.0.6/node_modules/nodemailer/lib/smtp-connection/index.js:195:44)
          at TLSSocket.emit (node:events:508:28)
          at addChunk (node:internal/streams/readable:559:12)
          at readableAddChunkPushByteMode (node:internal/streams/readable:510:3)
          at TLSSocket.Readable.push (node:internal/streams/readable:390:5)
          at TLSWrap.onStreamRead (node:internal/stream_base_commons:189:23) {
        code: 'EAUTH',
        response: '535-5.7.8 Username and Password not accepted. For more information, go to\n' +
          '535 5.7.8  https://support.google.com/mail/?p=BadCredentials 5b1f17b1804b1-46e619c3ac3sm91955865e9.9 - gsmtp',
        responseCode: 535,
        command: 'AUTH PLAIN'
      }

      81 |       });
      82 |     } catch (emailError) {
    > 83 |       console.error('Email sending error:', emailError);
         |               ^
      84 |       // Don't fail registration if email fails
      85 |     }
      86 |

      at error (src/controllers/authController.js:83:15)

    console.error
      Email sending error: Error: Invalid login: 535-5.7.8 Username and Password not accepted. For more information, go to
      535 5.7.8  https://support.google.com/mail/?p=BadCredentials ffacd0b85a97d-4255d8f45e9sm4423385f8f.51 - gsmtp
          at SMTPConnection._formatError (/Users/elvira/Downloads/pets-pr-1/node_modules/.pnpm/nodemailer@7.0.6/node_modules/nodemailer/lib/smtp-connection/index.js:809:19)
          at SMTPConnection._actionAUTHComplete (/Users/elvira/Downloads/pets-pr-1/node_modules/.pnpm/nodemailer@7.0.6/node_modules/nodemailer/lib/smtp-connection/index.js:1588:34)
          at SMTPConnection.<anonymous> (/Users/elvira/Downloads/pets-pr-1/node_modules/.pnpm/nodemailer@7.0.6/node_modules/nodemailer/lib/smtp-connection/index.js:556:26)
          at SMTPConnection._processResponse (/Users/elvira/Downloads/pets-pr-1/node_modules/.pnpm/nodemailer@7.0.6/node_modules/nodemailer/lib/smtp-connection/index.js:993:20)
          at SMTPConnection._onData (/Users/elvira/Downloads/pets-pr-1/node_modules/.pnpm/nodemailer@7.0.6/node_modules/nodemailer/lib/smtp-connection/index.js:774:14)
          at TLSSocket.SMTPConnection._onSocketData (/Users/elvira/Downloads/pets-pr-1/node_modules/.pnpm/nodemailer@7.0.6/node_modules/nodemailer/lib/smtp-connection/index.js:195:44)
          at TLSSocket.emit (node:events:508:28)
          at addChunk (node:internal/streams/readable:559:12)
          at readableAddChunkPushByteMode (node:internal/streams/readable:510:3)
          at TLSSocket.Readable.push (node:internal/streams/readable:390:5)
          at TLSWrap.onStreamRead (node:internal/stream_base_commons:189:23) {
        code: 'EAUTH',
        response: '535-5.7.8 Username and Password not accepted. For more information, go to\n' +
          '535 5.7.8  https://support.google.com/mail/?p=BadCredentials ffacd0b85a97d-4255d8f45e9sm4423385f8f.51 - gsmtp',
        responseCode: 535,
        command: 'AUTH PLAIN'
      }

      216 |
      217 |   } catch (error) {
    > 218 |     console.error('Email sending error:', error);
          |             ^
      219 |     throw error;
      220 |   }
      221 | };

      at error (src/services/emailService.js:218:13)
      at register (src/controllers/authController.js:73:7)

    console.error
      Email sending error: Error: Invalid login: 535-5.7.8 Username and Password not accepted. For more information, go to
      535 5.7.8  https://support.google.com/mail/?p=BadCredentials ffacd0b85a97d-4255d8f45e9sm4423385f8f.51 - gsmtp
          at SMTPConnection._formatError (/Users/elvira/Downloads/pets-pr-1/node_modules/.pnpm/nodemailer@7.0.6/node_modules/nodemailer/lib/smtp-connection/index.js:809:19)
          at SMTPConnection._actionAUTHComplete (/Users/elvira/Downloads/pets-pr-1/node_modules/.pnpm/nodemailer@7.0.6/node_modules/nodemailer/lib/smtp-connection/index.js:1588:34)
          at SMTPConnection.<anonymous> (/Users/elvira/Downloads/pets-pr-1/node_modules/.pnpm/nodemailer@7.0.6/node_modules/nodemailer/lib/smtp-connection/index.js:556:26)
          at SMTPConnection._processResponse (/Users/elvira/Downloads/pets-pr-1/node_modules/.pnpm/nodemailer@7.0.6/node_modules/nodemailer/lib/smtp-connection/index.js:993:20)
          at SMTPConnection._onData (/Users/elvira/Downloads/pets-pr-1/node_modules/.pnpm/nodemailer@7.0.6/node_modules/nodemailer/lib/smtp-connection/index.js:774:14)
          at TLSSocket.SMTPConnection._onSocketData (/Users/elvira/Downloads/pets-pr-1/node_modules/.pnpm/nodemailer@7.0.6/node_modules/nodemailer/lib/smtp-connection/index.js:195:44)
          at TLSSocket.emit (node:events:508:28)
          at addChunk (node:internal/streams/readable:559:12)
          at readableAddChunkPushByteMode (node:internal/streams/readable:510:3)
          at TLSSocket.Readable.push (node:internal/streams/readable:390:5)
          at TLSWrap.onStreamRead (node:internal/stream_base_commons:189:23) {
        code: 'EAUTH',
        response: '535-5.7.8 Username and Password not accepted. For more information, go to\n' +
          '535 5.7.8  https://support.google.com/mail/?p=BadCredentials ffacd0b85a97d-4255d8f45e9sm4423385f8f.51 - gsmtp',
        responseCode: 535,
        command: 'AUTH PLAIN'
      }

      81 |       });
      82 |     } catch (emailError) {
    > 83 |       console.error('Email sending error:', emailError);
         |               ^
      84 |       // Don't fail registration if email fails
      85 |     }
      86 |

      at error (src/controllers/authController.js:83:15)

    console.error
      Email sending error: Error: Invalid login: 535-5.7.8 Username and Password not accepted. For more information, go to
      535 5.7.8  https://support.google.com/mail/?p=BadCredentials 5b1f17b1804b1-46e5c4c0321sm58336995e9.8 - gsmtp
          at SMTPConnection._formatError (/Users/elvira/Downloads/pets-pr-1/node_modules/.pnpm/nodemailer@7.0.6/node_modules/nodemailer/lib/smtp-connection/index.js:809:19)
          at SMTPConnection._actionAUTHComplete (/Users/elvira/Downloads/pets-pr-1/node_modules/.pnpm/nodemailer@7.0.6/node_modules/nodemailer/lib/smtp-connection/index.js:1588:34)
          at SMTPConnection.<anonymous> (/Users/elvira/Downloads/pets-pr-1/node_modules/.pnpm/nodemailer@7.0.6/node_modules/nodemailer/lib/smtp-connection/index.js:556:26)
          at SMTPConnection._processResponse (/Users/elvira/Downloads/pets-pr-1/node_modules/.pnpm/nodemailer@7.0.6/node_modules/nodemailer/lib/smtp-connection/index.js:993:20)
          at SMTPConnection._onData (/Users/elvira/Downloads/pets-pr-1/node_modules/.pnpm/nodemailer@7.0.6/node_modules/nodemailer/lib/smtp-connection/index.js:774:14)
          at TLSSocket.SMTPConnection._onSocketData (/Users/elvira/Downloads/pets-pr-1/node_modules/.pnpm/nodemailer@7.0.6/node_modules/nodemailer/lib/smtp-connection/index.js:195:44)
          at TLSSocket.emit (node:events:508:28)
          at addChunk (node:internal/streams/readable:559:12)
          at readableAddChunkPushByteMode (node:internal/streams/readable:510:3)
          at TLSSocket.Readable.push (node:internal/streams/readable:390:5)
          at TLSWrap.onStreamRead (node:internal/stream_base_commons:189:23) {
        code: 'EAUTH',
        response: '535-5.7.8 Username and Password not accepted. For more information, go to\n' +
          '535 5.7.8  https://support.google.com/mail/?p=BadCredentials 5b1f17b1804b1-46e5c4c0321sm58336995e9.8 - gsmtp',
        responseCode: 535,
        command: 'AUTH PLAIN'
      }

      216 |
      217 |   } catch (error) {
    > 218 |     console.error('Email sending error:', error);
          |             ^
      219 |     throw error;
      220 |   }
      221 | };

      at error (src/services/emailService.js:218:13)
      at register (src/controllers/authController.js:73:7)

    console.error
      Email sending error: Error: Invalid login: 535-5.7.8 Username and Password not accepted. For more information, go to
      535 5.7.8  https://support.google.com/mail/?p=BadCredentials 5b1f17b1804b1-46e5c4c0321sm58336995e9.8 - gsmtp
          at SMTPConnection._formatError (/Users/elvira/Downloads/pets-pr-1/node_modules/.pnpm/nodemailer@7.0.6/node_modules/nodemailer/lib/smtp-connection/index.js:809:19)
          at SMTPConnection._actionAUTHComplete (/Users/elvira/Downloads/pets-pr-1/node_modules/.pnpm/nodemailer@7.0.6/node_modules/nodemailer/lib/smtp-connection/index.js:1588:34)
          at SMTPConnection.<anonymous> (/Users/elvira/Downloads/pets-pr-1/node_modules/.pnpm/nodemailer@7.0.6/node_modules/nodemailer/lib/smtp-connection/index.js:556:26)
          at SMTPConnection._processResponse (/Users/elvira/Downloads/pets-pr-1/node_modules/.pnpm/nodemailer@7.0.6/node_modules/nodemailer/lib/smtp-connection/index.js:993:20)
          at SMTPConnection._onData (/Users/elvira/Downloads/pets-pr-1/node_modules/.pnpm/nodemailer@7.0.6/node_modules/nodemailer/lib/smtp-connection/index.js:774:14)
          at TLSSocket.SMTPConnection._onSocketData (/Users/elvira/Downloads/pets-pr-1/node_modules/.pnpm/nodemailer@7.0.6/node_modules/nodemailer/lib/smtp-connection/index.js:195:44)
          at TLSSocket.emit (node:events:508:28)
          at addChunk (node:internal/streams/readable:559:12)
          at readableAddChunkPushByteMode (node:internal/streams/readable:510:3)
          at TLSSocket.Readable.push (node:internal/streams/readable:390:5)
          at TLSWrap.onStreamRead (node:internal/stream_base_commons:189:23) {
        code: 'EAUTH',
        response: '535-5.7.8 Username and Password not accepted. For more information, go to\n' +
          '535 5.7.8  https://support.google.com/mail/?p=BadCredentials 5b1f17b1804b1-46e5c4c0321sm58336995e9.8 - gsmtp',
        responseCode: 535,
        command: 'AUTH PLAIN'
      }

      81 |       });
      82 |     } catch (emailError) {
    > 83 |       console.error('Email sending error:', emailError);
         |               ^
      84 |       // Don't fail registration if email fails
      85 |     }
      86 |

      at error (src/controllers/authController.js:83:15)

    console.error
      Email sending error: Error: Invalid login: 535-5.7.8 Username and Password not accepted. For more information, go to
      535 5.7.8  https://support.google.com/mail/?p=BadCredentials 5b1f17b1804b1-46e619b8507sm89338425e9.3 - gsmtp
          at SMTPConnection._formatError (/Users/elvira/Downloads/pets-pr-1/node_modules/.pnpm/nodemailer@7.0.6/node_modules/nodemailer/lib/smtp-connection/index.js:809:19)
          at SMTPConnection._actionAUTHComplete (/Users/elvira/Downloads/pets-pr-1/node_modules/.pnpm/nodemailer@7.0.6/node_modules/nodemailer/lib/smtp-connection/index.js:1588:34)
          at SMTPConnection.<anonymous> (/Users/elvira/Downloads/pets-pr-1/node_modules/.pnpm/nodemailer@7.0.6/node_modules/nodemailer/lib/smtp-connection/index.js:556:26)
          at SMTPConnection._processResponse (/Users/elvira/Downloads/pets-pr-1/node_modules/.pnpm/nodemailer@7.0.6/node_modules/nodemailer/lib/smtp-connection/index.js:993:20)
          at SMTPConnection._onData (/Users/elvira/Downloads/pets-pr-1/node_modules/.pnpm/nodemailer@7.0.6/node_modules/nodemailer/lib/smtp-connection/index.js:774:14)
          at TLSSocket.SMTPConnection._onSocketData (/Users/elvira/Downloads/pets-pr-1/node_modules/.pnpm/nodemailer@7.0.6/node_modules/nodemailer/lib/smtp-connection/index.js:195:44)
          at TLSSocket.emit (node:events:508:28)
          at addChunk (node:internal/streams/readable:559:12)
          at readableAddChunkPushByteMode (node:internal/streams/readable:510:3)
          at TLSSocket.Readable.push (node:internal/streams/readable:390:5)
          at TLSWrap.onStreamRead (node:internal/stream_base_commons:189:23) {
        code: 'EAUTH',
        response: '535-5.7.8 Username and Password not accepted. For more information, go to\n' +
          '535 5.7.8  https://support.google.com/mail/?p=BadCredentials 5b1f17b1804b1-46e619b8507sm89338425e9.3 - gsmtp',
        responseCode: 535,
        command: 'AUTH PLAIN'
      }

      216 |
      217 |   } catch (error) {
    > 218 |     console.error('Email sending error:', error);
          |             ^
      219 |     throw error;
      220 |   }
      221 | };

      at error (src/services/emailService.js:218:13)
      at register (src/controllers/authController.js:73:7)

    console.error
      Email sending error: Error: Invalid login: 535-5.7.8 Username and Password not accepted. For more information, go to
      535 5.7.8  https://support.google.com/mail/?p=BadCredentials 5b1f17b1804b1-46e619b8507sm89338425e9.3 - gsmtp
          at SMTPConnection._formatError (/Users/elvira/Downloads/pets-pr-1/node_modules/.pnpm/nodemailer@7.0.6/node_modules/nodemailer/lib/smtp-connection/index.js:809:19)
          at SMTPConnection._actionAUTHComplete (/Users/elvira/Downloads/pets-pr-1/node_modules/.pnpm/nodemailer@7.0.6/node_modules/nodemailer/lib/smtp-connection/index.js:1588:34)
          at SMTPConnection.<anonymous> (/Users/elvira/Downloads/pets-pr-1/node_modules/.pnpm/nodemailer@7.0.6/node_modules/nodemailer/lib/smtp-connection/index.js:556:26)
          at SMTPConnection._processResponse (/Users/elvira/Downloads/pets-pr-1/node_modules/.pnpm/nodemailer@7.0.6/node_modules/nodemailer/lib/smtp-connection/index.js:993:20)
          at SMTPConnection._onData (/Users/elvira/Downloads/pets-pr-1/node_modules/.pnpm/nodemailer@7.0.6/node_modules/nodemailer/lib/smtp-connection/index.js:774:14)
          at TLSSocket.SMTPConnection._onSocketData (/Users/elvira/Downloads/pets-pr-1/node_modules/.pnpm/nodemailer@7.0.6/node_modules/nodemailer/lib/smtp-connection/index.js:195:44)
          at TLSSocket.emit (node:events:508:28)
          at addChunk (node:internal/streams/readable:559:12)
          at readableAddChunkPushByteMode (node:internal/streams/readable:510:3)
          at TLSSocket.Readable.push (node:internal/streams/readable:390:5)
          at TLSWrap.onStreamRead (node:internal/stream_base_commons:189:23) {
        code: 'EAUTH',
        response: '535-5.7.8 Username and Password not accepted. For more information, go to\n' +
          '535 5.7.8  https://support.google.com/mail/?p=BadCredentials 5b1f17b1804b1-46e619b8507sm89338425e9.3 - gsmtp',
        responseCode: 535,
        command: 'AUTH PLAIN'
      }

      81 |       });
      82 |     } catch (emailError) {
    > 83 |       console.error('Email sending error:', emailError);
         |               ^
      84 |       // Don't fail registration if email fails
      85 |     }
      86 |

      at error (src/controllers/authController.js:83:15)

    console.error
      Email sending error: Error: Invalid login: 535-5.7.8 Username and Password not accepted. For more information, go to
      535 5.7.8  https://support.google.com/mail/?p=BadCredentials 5b1f17b1804b1-46e693c9ca3sm41715565e9.22 - gsmtp
          at SMTPConnection._formatError (/Users/elvira/Downloads/pets-pr-1/node_modules/.pnpm/nodemailer@7.0.6/node_modules/nodemailer/lib/smtp-connection/index.js:809:19)
          at SMTPConnection._actionAUTHComplete (/Users/elvira/Downloads/pets-pr-1/node_modules/.pnpm/nodemailer@7.0.6/node_modules/nodemailer/lib/smtp-connection/index.js:1588:34)
          at SMTPConnection.<anonymous> (/Users/elvira/Downloads/pets-pr-1/node_modules/.pnpm/nodemailer@7.0.6/node_modules/nodemailer/lib/smtp-connection/index.js:556:26)
          at SMTPConnection._processResponse (/Users/elvira/Downloads/pets-pr-1/node_modules/.pnpm/nodemailer@7.0.6/node_modules/nodemailer/lib/smtp-connection/index.js:993:20)
          at SMTPConnection._onData (/Users/elvira/Downloads/pets-pr-1/node_modules/.pnpm/nodemailer@7.0.6/node_modules/nodemailer/lib/smtp-connection/index.js:774:14)
          at TLSSocket.SMTPConnection._onSocketData (/Users/elvira/Downloads/pets-pr-1/node_modules/.pnpm/nodemailer@7.0.6/node_modules/nodemailer/lib/smtp-connection/index.js:195:44)
          at TLSSocket.emit (node:events:508:28)
          at addChunk (node:internal/streams/readable:559:12)
          at readableAddChunkPushByteMode (node:internal/streams/readable:510:3)
          at TLSSocket.Readable.push (node:internal/streams/readable:390:5)
          at TLSWrap.onStreamRead (node:internal/stream_base_commons:189:23) {
        code: 'EAUTH',
        response: '535-5.7.8 Username and Password not accepted. For more information, go to\n' +
          '535 5.7.8  https://support.google.com/mail/?p=BadCredentials 5b1f17b1804b1-46e693c9ca3sm41715565e9.22 - gsmtp',
        responseCode: 535,
        command: 'AUTH PLAIN'
      }

      216 |
      217 |   } catch (error) {
    > 218 |     console.error('Email sending error:', error);
          |             ^
      219 |     throw error;
      220 |   }
      221 | };

      at error (src/services/emailService.js:218:13)
      at register (src/controllers/authController.js:73:7)

    console.error
      Email sending error: Error: Invalid login: 535-5.7.8 Username and Password not accepted. For more information, go to
      535 5.7.8  https://support.google.com/mail/?p=BadCredentials 5b1f17b1804b1-46e693c9ca3sm41715565e9.22 - gsmtp
          at SMTPConnection._formatError (/Users/elvira/Downloads/pets-pr-1/node_modules/.pnpm/nodemailer@7.0.6/node_modules/nodemailer/lib/smtp-connection/index.js:809:19)
          at SMTPConnection._actionAUTHComplete (/Users/elvira/Downloads/pets-pr-1/node_modules/.pnpm/nodemailer@7.0.6/node_modules/nodemailer/lib/smtp-connection/index.js:1588:34)
          at SMTPConnection.<anonymous> (/Users/elvira/Downloads/pets-pr-1/node_modules/.pnpm/nodemailer@7.0.6/node_modules/nodemailer/lib/smtp-connection/index.js:556:26)
          at SMTPConnection._processResponse (/Users/elvira/Downloads/pets-pr-1/node_modules/.pnpm/nodemailer@7.0.6/node_modules/nodemailer/lib/smtp-connection/index.js:993:20)
          at SMTPConnection._onData (/Users/elvira/Downloads/pets-pr-1/node_modules/.pnpm/nodemailer@7.0.6/node_modules/nodemailer/lib/smtp-connection/index.js:774:14)
          at TLSSocket.SMTPConnection._onSocketData (/Users/elvira/Downloads/pets-pr-1/node_modules/.pnpm/nodemailer@7.0.6/node_modules/nodemailer/lib/smtp-connection/index.js:195:44)
          at TLSSocket.emit (node:events:508:28)
          at addChunk (node:internal/streams/readable:559:12)
          at readableAddChunkPushByteMode (node:internal/streams/readable:510:3)
          at TLSSocket.Readable.push (node:internal/streams/readable:390:5)
          at TLSWrap.onStreamRead (node:internal/stream_base_commons:189:23) {
        code: 'EAUTH',
        response: '535-5.7.8 Username and Password not accepted. For more information, go to\n' +
          '535 5.7.8  https://support.google.com/mail/?p=BadCredentials 5b1f17b1804b1-46e693c9ca3sm41715565e9.22 - gsmtp',
        responseCode: 535,
        command: 'AUTH PLAIN'
      }

      81 |       });
      82 |     } catch (emailError) {
    > 83 |       console.error('Email sending error:', emailError);
         |               ^
      84 |       // Don't fail registration if email fails
      85 |     }
      86 |

      at error (src/controllers/authController.js:83:15)

    console.error
      Email sending error: Error: Invalid login: 535-5.7.8 Username and Password not accepted. For more information, go to
      535 5.7.8  https://support.google.com/mail/?p=BadCredentials ffacd0b85a97d-4255d8f0170sm4343894f8f.49 - gsmtp
          at SMTPConnection._formatError (/Users/elvira/Downloads/pets-pr-1/node_modules/.pnpm/nodemailer@7.0.6/node_modules/nodemailer/lib/smtp-connection/index.js:809:19)
          at SMTPConnection._actionAUTHComplete (/Users/elvira/Downloads/pets-pr-1/node_modules/.pnpm/nodemailer@7.0.6/node_modules/nodemailer/lib/smtp-connection/index.js:1588:34)
          at SMTPConnection.<anonymous> (/Users/elvira/Downloads/pets-pr-1/node_modules/.pnpm/nodemailer@7.0.6/node_modules/nodemailer/lib/smtp-connection/index.js:556:26)
          at SMTPConnection._processResponse (/Users/elvira/Downloads/pets-pr-1/node_modules/.pnpm/nodemailer@7.0.6/node_modules/nodemailer/lib/smtp-connection/index.js:993:20)
          at SMTPConnection._onData (/Users/elvira/Downloads/pets-pr-1/node_modules/.pnpm/nodemailer@7.0.6/node_modules/nodemailer/lib/smtp-connection/index.js:774:14)
          at TLSSocket.SMTPConnection._onSocketData (/Users/elvira/Downloads/pets-pr-1/node_modules/.pnpm/nodemailer@7.0.6/node_modules/nodemailer/lib/smtp-connection/index.js:195:44)
          at TLSSocket.emit (node:events:508:28)
          at addChunk (node:internal/streams/readable:559:12)
          at readableAddChunkPushByteMode (node:internal/streams/readable:510:3)
          at TLSSocket.Readable.push (node:internal/streams/readable:390:5)
          at TLSWrap.onStreamRead (node:internal/stream_base_commons:189:23) {
        code: 'EAUTH',
        response: '535-5.7.8 Username and Password not accepted. For more information, go to\n' +
          '535 5.7.8  https://support.google.com/mail/?p=BadCredentials ffacd0b85a97d-4255d8f0170sm4343894f8f.49 - gsmtp',
        responseCode: 535,
        command: 'AUTH PLAIN'
      }

      216 |
      217 |   } catch (error) {
    > 218 |     console.error('Email sending error:', error);
          |             ^
      219 |     throw error;
      220 |   }
      221 | };

      at error (src/services/emailService.js:218:13)
      at register (src/controllers/authController.js:73:7)

    console.error
      Email sending error: Error: Invalid login: 535-5.7.8 Username and Password not accepted. For more information, go to
      535 5.7.8  https://support.google.com/mail/?p=BadCredentials ffacd0b85a97d-4255d8f0170sm4343894f8f.49 - gsmtp
          at SMTPConnection._formatError (/Users/elvira/Downloads/pets-pr-1/node_modules/.pnpm/nodemailer@7.0.6/node_modules/nodemailer/lib/smtp-connection/index.js:809:19)
          at SMTPConnection._actionAUTHComplete (/Users/elvira/Downloads/pets-pr-1/node_modules/.pnpm/nodemailer@7.0.6/node_modules/nodemailer/lib/smtp-connection/index.js:1588:34)
          at SMTPConnection.<anonymous> (/Users/elvira/Downloads/pets-pr-1/node_modules/.pnpm/nodemailer@7.0.6/node_modules/nodemailer/lib/smtp-connection/index.js:556:26)
          at SMTPConnection._processResponse (/Users/elvira/Downloads/pets-pr-1/node_modules/.pnpm/nodemailer@7.0.6/node_modules/nodemailer/lib/smtp-connection/index.js:993:20)
          at SMTPConnection._onData (/Users/elvira/Downloads/pets-pr-1/node_modules/.pnpm/nodemailer@7.0.6/node_modules/nodemailer/lib/smtp-connection/index.js:774:14)
          at TLSSocket.SMTPConnection._onSocketData (/Users/elvira/Downloads/pets-pr-1/node_modules/.pnpm/nodemailer@7.0.6/node_modules/nodemailer/lib/smtp-connection/index.js:195:44)
          at TLSSocket.emit (node:events:508:28)
          at addChunk (node:internal/streams/readable:559:12)
          at readableAddChunkPushByteMode (node:internal/streams/readable:510:3)
          at TLSSocket.Readable.push (node:internal/streams/readable:390:5)
          at TLSWrap.onStreamRead (node:internal/stream_base_commons:189:23) {
        code: 'EAUTH',
        response: '535-5.7.8 Username and Password not accepted. For more information, go to\n' +
          '535 5.7.8  https://support.google.com/mail/?p=BadCredentials ffacd0b85a97d-4255d8f0170sm4343894f8f.49 - gsmtp',
        responseCode: 535,
        command: 'AUTH PLAIN'
      }

      81 |       });
      82 |     } catch (emailError) {
    > 83 |       console.error('Email sending error:', emailError);
         |               ^
      84 |       // Don't fail registration if email fails
      85 |     }
      86 |

      at error (src/controllers/authController.js:83:15)

    console.error
      Email sending error: Error: Invalid login: 535-5.7.8 Username and Password not accepted. For more information, go to
      535 5.7.8  https://support.google.com/mail/?p=BadCredentials 5b1f17b1804b1-46e619c3a58sm88754455e9.6 - gsmtp
          at SMTPConnection._formatError (/Users/elvira/Downloads/pets-pr-1/node_modules/.pnpm/nodemailer@7.0.6/node_modules/nodemailer/lib/smtp-connection/index.js:809:19)
          at SMTPConnection._actionAUTHComplete (/Users/elvira/Downloads/pets-pr-1/node_modules/.pnpm/nodemailer@7.0.6/node_modules/nodemailer/lib/smtp-connection/index.js:1588:34)
          at SMTPConnection.<anonymous> (/Users/elvira/Downloads/pets-pr-1/node_modules/.pnpm/nodemailer@7.0.6/node_modules/nodemailer/lib/smtp-connection/index.js:556:26)
          at SMTPConnection._processResponse (/Users/elvira/Downloads/pets-pr-1/node_modules/.pnpm/nodemailer@7.0.6/node_modules/nodemailer/lib/smtp-connection/index.js:993:20)
          at SMTPConnection._onData (/Users/elvira/Downloads/pets-pr-1/node_modules/.pnpm/nodemailer@7.0.6/node_modules/nodemailer/lib/smtp-connection/index.js:774:14)
          at TLSSocket.SMTPConnection._onSocketData (/Users/elvira/Downloads/pets-pr-1/node_modules/.pnpm/nodemailer@7.0.6/node_modules/nodemailer/lib/smtp-connection/index.js:195:44)
          at TLSSocket.emit (node:events:508:28)
          at addChunk (node:internal/streams/readable:559:12)
          at readableAddChunkPushByteMode (node:internal/streams/readable:510:3)
          at TLSSocket.Readable.push (node:internal/streams/readable:390:5)
          at TLSWrap.onStreamRead (node:internal/stream_base_commons:189:23) {
        code: 'EAUTH',
        response: '535-5.7.8 Username and Password not accepted. For more information, go to\n' +
          '535 5.7.8  https://support.google.com/mail/?p=BadCredentials 5b1f17b1804b1-46e619c3a58sm88754455e9.6 - gsmtp',
        responseCode: 535,
        command: 'AUTH PLAIN'
      }

      216 |
      217 |   } catch (error) {
    > 218 |     console.error('Email sending error:', error);
          |             ^
      219 |     throw error;
      220 |   }
      221 | };

      at error (src/services/emailService.js:218:13)
      at register (src/controllers/authController.js:73:7)

    console.error
      Email sending error: Error: Invalid login: 535-5.7.8 Username and Password not accepted. For more information, go to
      535 5.7.8  https://support.google.com/mail/?p=BadCredentials 5b1f17b1804b1-46e619c3a58sm88754455e9.6 - gsmtp
          at SMTPConnection._formatError (/Users/elvira/Downloads/pets-pr-1/node_modules/.pnpm/nodemailer@7.0.6/node_modules/nodemailer/lib/smtp-connection/index.js:809:19)
          at SMTPConnection._actionAUTHComplete (/Users/elvira/Downloads/pets-pr-1/node_modules/.pnpm/nodemailer@7.0.6/node_modules/nodemailer/lib/smtp-connection/index.js:1588:34)
          at SMTPConnection.<anonymous> (/Users/elvira/Downloads/pets-pr-1/node_modules/.pnpm/nodemailer@7.0.6/node_modules/nodemailer/lib/smtp-connection/index.js:556:26)
          at SMTPConnection._processResponse (/Users/elvira/Downloads/pets-pr-1/node_modules/.pnpm/nodemailer@7.0.6/node_modules/nodemailer/lib/smtp-connection/index.js:993:20)
          at SMTPConnection._onData (/Users/elvira/Downloads/pets-pr-1/node_modules/.pnpm/nodemailer@7.0.6/node_modules/nodemailer/lib/smtp-connection/index.js:774:14)
          at TLSSocket.SMTPConnection._onSocketData (/Users/elvira/Downloads/pets-pr-1/node_modules/.pnpm/nodemailer@7.0.6/node_modules/nodemailer/lib/smtp-connection/index.js:195:44)
          at TLSSocket.emit (node:events:508:28)
          at addChunk (node:internal/streams/readable:559:12)
          at readableAddChunkPushByteMode (node:internal/streams/readable:510:3)
          at TLSSocket.Readable.push (node:internal/streams/readable:390:5)
          at TLSWrap.onStreamRead (node:internal/stream_base_commons:189:23) {
        code: 'EAUTH',
        response: '535-5.7.8 Username and Password not accepted. For more information, go to\n' +
          '535 5.7.8  https://support.google.com/mail/?p=BadCredentials 5b1f17b1804b1-46e619c3a58sm88754455e9.6 - gsmtp',
        responseCode: 535,
        command: 'AUTH PLAIN'
      }

      81 |       });
      82 |     } catch (emailError) {
    > 83 |       console.error('Email sending error:', emailError);
         |               ^
      84 |       // Don't fail registration if email fails
      85 |     }
      86 |

      at error (src/controllers/authController.js:83:15)

    console.error
      Email sending error: Error: Invalid login: 535-5.7.8 Username and Password not accepted. For more information, go to
      535 5.7.8  https://support.google.com/mail/?p=BadCredentials 5b1f17b1804b1-46e693bd655sm47901605e9.14 - gsmtp
          at SMTPConnection._formatError (/Users/elvira/Downloads/pets-pr-1/node_modules/.pnpm/nodemailer@7.0.6/node_modules/nodemailer/lib/smtp-connection/index.js:809:19)
          at SMTPConnection._actionAUTHComplete (/Users/elvira/Downloads/pets-pr-1/node_modules/.pnpm/nodemailer@7.0.6/node_modules/nodemailer/lib/smtp-connection/index.js:1588:34)
          at SMTPConnection.<anonymous> (/Users/elvira/Downloads/pets-pr-1/node_modules/.pnpm/nodemailer@7.0.6/node_modules/nodemailer/lib/smtp-connection/index.js:556:26)
          at SMTPConnection._processResponse (/Users/elvira/Downloads/pets-pr-1/node_modules/.pnpm/nodemailer@7.0.6/node_modules/nodemailer/lib/smtp-connection/index.js:993:20)
          at SMTPConnection._onData (/Users/elvira/Downloads/pets-pr-1/node_modules/.pnpm/nodemailer@7.0.6/node_modules/nodemailer/lib/smtp-connection/index.js:774:14)
          at TLSSocket.SMTPConnection._onSocketData (/Users/elvira/Downloads/pets-pr-1/node_modules/.pnpm/nodemailer@7.0.6/node_modules/nodemailer/lib/smtp-connection/index.js:195:44)
          at TLSSocket.emit (node:events:508:28)
          at addChunk (node:internal/streams/readable:559:12)
          at readableAddChunkPushByteMode (node:internal/streams/readable:510:3)
          at TLSSocket.Readable.push (node:internal/streams/readable:390:5)
          at TLSWrap.onStreamRead (node:internal/stream_base_commons:189:23) {
        code: 'EAUTH',
        response: '535-5.7.8 Username and Password not accepted. For more information, go to\n' +
          '535 5.7.8  https://support.google.com/mail/?p=BadCredentials 5b1f17b1804b1-46e693bd655sm47901605e9.14 - gsmtp',
        responseCode: 535,
        command: 'AUTH PLAIN'
      }

      216 |
      217 |   } catch (error) {
    > 218 |     console.error('Email sending error:', error);
          |             ^
      219 |     throw error;
      220 |   }
      221 | };

      at error (src/services/emailService.js:218:13)
      at register (src/controllers/authController.js:73:7)

    console.error
      Email sending error: Error: Invalid login: 535-5.7.8 Username and Password not accepted. For more information, go to
      535 5.7.8  https://support.google.com/mail/?p=BadCredentials 5b1f17b1804b1-46e693bd655sm47901605e9.14 - gsmtp
          at SMTPConnection._formatError (/Users/elvira/Downloads/pets-pr-1/node_modules/.pnpm/nodemailer@7.0.6/node_modules/nodemailer/lib/smtp-connection/index.js:809:19)
          at SMTPConnection._actionAUTHComplete (/Users/elvira/Downloads/pets-pr-1/node_modules/.pnpm/nodemailer@7.0.6/node_modules/nodemailer/lib/smtp-connection/index.js:1588:34)
          at SMTPConnection.<anonymous> (/Users/elvira/Downloads/pets-pr-1/node_modules/.pnpm/nodemailer@7.0.6/node_modules/nodemailer/lib/smtp-connection/index.js:556:26)
          at SMTPConnection._processResponse (/Users/elvira/Downloads/pets-pr-1/node_modules/.pnpm/nodemailer@7.0.6/node_modules/nodemailer/lib/smtp-connection/index.js:993:20)
          at SMTPConnection._onData (/Users/elvira/Downloads/pets-pr-1/node_modules/.pnpm/nodemailer@7.0.6/node_modules/nodemailer/lib/smtp-connection/index.js:774:14)
          at TLSSocket.SMTPConnection._onSocketData (/Users/elvira/Downloads/pets-pr-1/node_modules/.pnpm/nodemailer@7.0.6/node_modules/nodemailer/lib/smtp-connection/index.js:195:44)
          at TLSSocket.emit (node:events:508:28)
          at addChunk (node:internal/streams/readable:559:12)
          at readableAddChunkPushByteMode (node:internal/streams/readable:510:3)
          at TLSSocket.Readable.push (node:internal/streams/readable:390:5)
          at TLSWrap.onStreamRead (node:internal/stream_base_commons:189:23) {
        code: 'EAUTH',
        response: '535-5.7.8 Username and Password not accepted. For more information, go to\n' +
          '535 5.7.8  https://support.google.com/mail/?p=BadCredentials 5b1f17b1804b1-46e693bd655sm47901605e9.14 - gsmtp',
        responseCode: 535,
        command: 'AUTH PLAIN'
      }

      81 |       });
      82 |     } catch (emailError) {
    > 83 |       console.error('Email sending error:', emailError);
         |               ^
      84 |       // Don't fail registration if email fails
      85 |     }
      86 |

      at error (src/controllers/authController.js:83:15)

    console.error
      Email sending error: Error: Invalid login: 535-5.7.8 Username and Password not accepted. For more information, go to
      535 5.7.8  https://support.google.com/mail/?p=BadCredentials ffacd0b85a97d-4255d8ab960sm4341588f8f.13 - gsmtp
          at SMTPConnection._formatError (/Users/elvira/Downloads/pets-pr-1/node_modules/.pnpm/nodemailer@7.0.6/node_modules/nodemailer/lib/smtp-connection/index.js:809:19)
          at SMTPConnection._actionAUTHComplete (/Users/elvira/Downloads/pets-pr-1/node_modules/.pnpm/nodemailer@7.0.6/node_modules/nodemailer/lib/smtp-connection/index.js:1588:34)
          at SMTPConnection.<anonymous> (/Users/elvira/Downloads/pets-pr-1/node_modules/.pnpm/nodemailer@7.0.6/node_modules/nodemailer/lib/smtp-connection/index.js:556:26)
          at SMTPConnection._processResponse (/Users/elvira/Downloads/pets-pr-1/node_modules/.pnpm/nodemailer@7.0.6/node_modules/nodemailer/lib/smtp-connection/index.js:993:20)
          at SMTPConnection._onData (/Users/elvira/Downloads/pets-pr-1/node_modules/.pnpm/nodemailer@7.0.6/node_modules/nodemailer/lib/smtp-connection/index.js:774:14)
          at TLSSocket.SMTPConnection._onSocketData (/Users/elvira/Downloads/pets-pr-1/node_modules/.pnpm/nodemailer@7.0.6/node_modules/nodemailer/lib/smtp-connection/index.js:195:44)
          at TLSSocket.emit (node:events:508:28)
          at addChunk (node:internal/streams/readable:559:12)
          at readableAddChunkPushByteMode (node:internal/streams/readable:510:3)
          at TLSSocket.Readable.push (node:internal/streams/readable:390:5)
          at TLSWrap.onStreamRead (node:internal/stream_base_commons:189:23) {
        code: 'EAUTH',
        response: '535-5.7.8 Username and Password not accepted. For more information, go to\n' +
          '535 5.7.8  https://support.google.com/mail/?p=BadCredentials ffacd0b85a97d-4255d8ab960sm4341588f8f.13 - gsmtp',
        responseCode: 535,
        command: 'AUTH PLAIN'
      }

      216 |
      217 |   } catch (error) {
    > 218 |     console.error('Email sending error:', error);
          |             ^
      219 |     throw error;
      220 |   }
      221 | };

      at error (src/services/emailService.js:218:13)
      at register (src/controllers/authController.js:73:7)

    console.error
      Email sending error: Error: Invalid login: 535-5.7.8 Username and Password not accepted. For more information, go to
      535 5.7.8  https://support.google.com/mail/?p=BadCredentials ffacd0b85a97d-4255d8ab960sm4341588f8f.13 - gsmtp
          at SMTPConnection._formatError (/Users/elvira/Downloads/pets-pr-1/node_modules/.pnpm/nodemailer@7.0.6/node_modules/nodemailer/lib/smtp-connection/index.js:809:19)
          at SMTPConnection._actionAUTHComplete (/Users/elvira/Downloads/pets-pr-1/node_modules/.pnpm/nodemailer@7.0.6/node_modules/nodemailer/lib/smtp-connection/index.js:1588:34)
          at SMTPConnection.<anonymous> (/Users/elvira/Downloads/pets-pr-1/node_modules/.pnpm/nodemailer@7.0.6/node_modules/nodemailer/lib/smtp-connection/index.js:556:26)
          at SMTPConnection._processResponse (/Users/elvira/Downloads/pets-pr-1/node_modules/.pnpm/nodemailer@7.0.6/node_modules/nodemailer/lib/smtp-connection/index.js:993:20)
          at SMTPConnection._onData (/Users/elvira/Downloads/pets-pr-1/node_modules/.pnpm/nodemailer@7.0.6/node_modules/nodemailer/lib/smtp-connection/index.js:774:14)
          at TLSSocket.SMTPConnection._onSocketData (/Users/elvira/Downloads/pets-pr-1/node_modules/.pnpm/nodemailer@7.0.6/node_modules/nodemailer/lib/smtp-connection/index.js:195:44)
          at TLSSocket.emit (node:events:508:28)
          at addChunk (node:internal/streams/readable:559:12)
          at readableAddChunkPushByteMode (node:internal/streams/readable:510:3)
          at TLSSocket.Readable.push (node:internal/streams/readable:390:5)
          at TLSWrap.onStreamRead (node:internal/stream_base_commons:189:23) {
        code: 'EAUTH',
        response: '535-5.7.8 Username and Password not accepted. For more information, go to\n' +
          '535 5.7.8  https://support.google.com/mail/?p=BadCredentials ffacd0b85a97d-4255d8ab960sm4341588f8f.13 - gsmtp',
        responseCode: 535,
        command: 'AUTH PLAIN'
      }

      81 |       });
      82 |     } catch (emailError) {
    > 83 |       console.error('Email sending error:', emailError);
         |               ^
      84 |       // Don't fail registration if email fails
      85 |     }
      86 |

      at error (src/controllers/authController.js:83:15)

    console.error
      Email sending error: Error: Invalid login: 535-5.7.8 Username and Password not accepted. For more information, go to
      535 5.7.8  https://support.google.com/mail/?p=BadCredentials 5b1f17b1804b1-46e6918bb06sm46730235e9.8 - gsmtp
          at SMTPConnection._formatError (/Users/elvira/Downloads/pets-pr-1/node_modules/.pnpm/nodemailer@7.0.6/node_modules/nodemailer/lib/smtp-connection/index.js:809:19)
          at SMTPConnection._actionAUTHComplete (/Users/elvira/Downloads/pets-pr-1/node_modules/.pnpm/nodemailer@7.0.6/node_modules/nodemailer/lib/smtp-connection/index.js:1588:34)
          at SMTPConnection.<anonymous> (/Users/elvira/Downloads/pets-pr-1/node_modules/.pnpm/nodemailer@7.0.6/node_modules/nodemailer/lib/smtp-connection/index.js:556:26)
          at SMTPConnection._processResponse (/Users/elvira/Downloads/pets-pr-1/node_modules/.pnpm/nodemailer@7.0.6/node_modules/nodemailer/lib/smtp-connection/index.js:993:20)
          at SMTPConnection._onData (/Users/elvira/Downloads/pets-pr-1/node_modules/.pnpm/nodemailer@7.0.6/node_modules/nodemailer/lib/smtp-connection/index.js:774:14)
          at TLSSocket.SMTPConnection._onSocketData (/Users/elvira/Downloads/pets-pr-1/node_modules/.pnpm/nodemailer@7.0.6/node_modules/nodemailer/lib/smtp-connection/index.js:195:44)
          at TLSSocket.emit (node:events:508:28)
          at addChunk (node:internal/streams/readable:559:12)
          at readableAddChunkPushByteMode (node:internal/streams/readable:510:3)
          at TLSSocket.Readable.push (node:internal/streams/readable:390:5)
          at TLSWrap.onStreamRead (node:internal/stream_base_commons:189:23) {
        code: 'EAUTH',
        response: '535-5.7.8 Username and Password not accepted. For more information, go to\n' +
          '535 5.7.8  https://support.google.com/mail/?p=BadCredentials 5b1f17b1804b1-46e6918bb06sm46730235e9.8 - gsmtp',
        responseCode: 535,
        command: 'AUTH PLAIN'
      }

      216 |
      217 |   } catch (error) {
    > 218 |     console.error('Email sending error:', error);
          |             ^
      219 |     throw error;
      220 |   }
      221 | };

      at error (src/services/emailService.js:218:13)
      at register (src/controllers/authController.js:73:7)

    console.error
      Email sending error: Error: Invalid login: 535-5.7.8 Username and Password not accepted. For more information, go to
      535 5.7.8  https://support.google.com/mail/?p=BadCredentials 5b1f17b1804b1-46e6918bb06sm46730235e9.8 - gsmtp
          at SMTPConnection._formatError (/Users/elvira/Downloads/pets-pr-1/node_modules/.pnpm/nodemailer@7.0.6/node_modules/nodemailer/lib/smtp-connection/index.js:809:19)
          at SMTPConnection._actionAUTHComplete (/Users/elvira/Downloads/pets-pr-1/node_modules/.pnpm/nodemailer@7.0.6/node_modules/nodemailer/lib/smtp-connection/index.js:1588:34)
          at SMTPConnection.<anonymous> (/Users/elvira/Downloads/pets-pr-1/node_modules/.pnpm/nodemailer@7.0.6/node_modules/nodemailer/lib/smtp-connection/index.js:556:26)
          at SMTPConnection._processResponse (/Users/elvira/Downloads/pets-pr-1/node_modules/.pnpm/nodemailer@7.0.6/node_modules/nodemailer/lib/smtp-connection/index.js:993:20)
          at SMTPConnection._onData (/Users/elvira/Downloads/pets-pr-1/node_modules/.pnpm/nodemailer@7.0.6/node_modules/nodemailer/lib/smtp-connection/index.js:774:14)
          at TLSSocket.SMTPConnection._onSocketData (/Users/elvira/Downloads/pets-pr-1/node_modules/.pnpm/nodemailer@7.0.6/node_modules/nodemailer/lib/smtp-connection/index.js:195:44)
          at TLSSocket.emit (node:events:508:28)
          at addChunk (node:internal/streams/readable:559:12)
          at readableAddChunkPushByteMode (node:internal/streams/readable:510:3)
          at TLSSocket.Readable.push (node:internal/streams/readable:390:5)
          at TLSWrap.onStreamRead (node:internal/stream_base_commons:189:23) {
        code: 'EAUTH',
        response: '535-5.7.8 Username and Password not accepted. For more information, go to\n' +
          '535 5.7.8  https://support.google.com/mail/?p=BadCredentials 5b1f17b1804b1-46e6918bb06sm46730235e9.8 - gsmtp',
        responseCode: 535,
        command: 'AUTH PLAIN'
      }

      81 |       });
      82 |     } catch (emailError) {
    > 83 |       console.error('Email sending error:', emailError);
         |               ^
      84 |       // Don't fail registration if email fails
      85 |     }
      86 |

      at error (src/controllers/authController.js:83:15)

    console.error
      Email sending error: Error: Invalid login: 535-5.7.8 Username and Password not accepted. For more information, go to
      535 5.7.8  https://support.google.com/mail/?p=BadCredentials 5b1f17b1804b1-46e6118854bsm49567085e9.1 - gsmtp
          at SMTPConnection._formatError (/Users/elvira/Downloads/pets-pr-1/node_modules/.pnpm/nodemailer@7.0.6/node_modules/nodemailer/lib/smtp-connection/index.js:809:19)
          at SMTPConnection._actionAUTHComplete (/Users/elvira/Downloads/pets-pr-1/node_modules/.pnpm/nodemailer@7.0.6/node_modules/nodemailer/lib/smtp-connection/index.js:1588:34)
          at SMTPConnection.<anonymous> (/Users/elvira/Downloads/pets-pr-1/node_modules/.pnpm/nodemailer@7.0.6/node_modules/nodemailer/lib/smtp-connection/index.js:556:26)
          at SMTPConnection._processResponse (/Users/elvira/Downloads/pets-pr-1/node_modules/.pnpm/nodemailer@7.0.6/node_modules/nodemailer/lib/smtp-connection/index.js:993:20)
          at SMTPConnection._onData (/Users/elvira/Downloads/pets-pr-1/node_modules/.pnpm/nodemailer@7.0.6/node_modules/nodemailer/lib/smtp-connection/index.js:774:14)
          at TLSSocket.SMTPConnection._onSocketData (/Users/elvira/Downloads/pets-pr-1/node_modules/.pnpm/nodemailer@7.0.6/node_modules/nodemailer/lib/smtp-connection/index.js:195:44)
          at TLSSocket.emit (node:events:508:28)
          at addChunk (node:internal/streams/readable:559:12)
          at readableAddChunkPushByteMode (node:internal/streams/readable:510:3)
          at TLSSocket.Readable.push (node:internal/streams/readable:390:5)
          at TLSWrap.onStreamRead (node:internal/stream_base_commons:189:23) {
        code: 'EAUTH',
        response: '535-5.7.8 Username and Password not accepted. For more information, go to\n' +
          '535 5.7.8  https://support.google.com/mail/?p=BadCredentials 5b1f17b1804b1-46e6118854bsm49567085e9.1 - gsmtp',
        responseCode: 535,
        command: 'AUTH PLAIN'
      }

      216 |
      217 |   } catch (error) {
    > 218 |     console.error('Email sending error:', error);
          |             ^
      219 |     throw error;
      220 |   }
      221 | };

      at error (src/services/emailService.js:218:13)
      at register (src/controllers/authController.js:73:7)

    console.error
      Email sending error: Error: Invalid login: 535-5.7.8 Username and Password not accepted. For more information, go to
      535 5.7.8  https://support.google.com/mail/?p=BadCredentials 5b1f17b1804b1-46e6118854bsm49567085e9.1 - gsmtp
          at SMTPConnection._formatError (/Users/elvira/Downloads/pets-pr-1/node_modules/.pnpm/nodemailer@7.0.6/node_modules/nodemailer/lib/smtp-connection/index.js:809:19)
          at SMTPConnection._actionAUTHComplete (/Users/elvira/Downloads/pets-pr-1/node_modules/.pnpm/nodemailer@7.0.6/node_modules/nodemailer/lib/smtp-connection/index.js:1588:34)
          at SMTPConnection.<anonymous> (/Users/elvira/Downloads/pets-pr-1/node_modules/.pnpm/nodemailer@7.0.6/node_modules/nodemailer/lib/smtp-connection/index.js:556:26)
          at SMTPConnection._processResponse (/Users/elvira/Downloads/pets-pr-1/node_modules/.pnpm/nodemailer@7.0.6/node_modules/nodemailer/lib/smtp-connection/index.js:993:20)
          at SMTPConnection._onData (/Users/elvira/Downloads/pets-pr-1/node_modules/.pnpm/nodemailer@7.0.6/node_modules/nodemailer/lib/smtp-connection/index.js:774:14)
          at TLSSocket.SMTPConnection._onSocketData (/Users/elvira/Downloads/pets-pr-1/node_modules/.pnpm/nodemailer@7.0.6/node_modules/nodemailer/lib/smtp-connection/index.js:195:44)
          at TLSSocket.emit (node:events:508:28)
          at addChunk (node:internal/streams/readable:559:12)
          at readableAddChunkPushByteMode (node:internal/streams/readable:510:3)
          at TLSSocket.Readable.push (node:internal/streams/readable:390:5)
          at TLSWrap.onStreamRead (node:internal/stream_base_commons:189:23) {
        code: 'EAUTH',
        response: '535-5.7.8 Username and Password not accepted. For more information, go to\n' +
          '535 5.7.8  https://support.google.com/mail/?p=BadCredentials 5b1f17b1804b1-46e6118854bsm49567085e9.1 - gsmtp',
        responseCode: 535,
        command: 'AUTH PLAIN'
      }

      81 |       });
      82 |     } catch (emailError) {
    > 83 |       console.error('Email sending error:', emailError);
         |               ^
      84 |       // Don't fail registration if email fails
      85 |     }
      86 |

      at error (src/controllers/authController.js:83:15)

    console.error
      Email sending error: Error: Invalid login: 535-5.7.8 Username and Password not accepted. For more information, go to
      535 5.7.8  https://support.google.com/mail/?p=BadCredentials ffacd0b85a97d-4255d8f02a8sm4416763f8f.39 - gsmtp
          at SMTPConnection._formatError (/Users/elvira/Downloads/pets-pr-1/node_modules/.pnpm/nodemailer@7.0.6/node_modules/nodemailer/lib/smtp-connection/index.js:809:19)
          at SMTPConnection._actionAUTHComplete (/Users/elvira/Downloads/pets-pr-1/node_modules/.pnpm/nodemailer@7.0.6/node_modules/nodemailer/lib/smtp-connection/index.js:1588:34)
          at SMTPConnection.<anonymous> (/Users/elvira/Downloads/pets-pr-1/node_modules/.pnpm/nodemailer@7.0.6/node_modules/nodemailer/lib/smtp-connection/index.js:556:26)
          at SMTPConnection._processResponse (/Users/elvira/Downloads/pets-pr-1/node_modules/.pnpm/nodemailer@7.0.6/node_modules/nodemailer/lib/smtp-connection/index.js:993:20)
          at SMTPConnection._onData (/Users/elvira/Downloads/pets-pr-1/node_modules/.pnpm/nodemailer@7.0.6/node_modules/nodemailer/lib/smtp-connection/index.js:774:14)
          at TLSSocket.SMTPConnection._onSocketData (/Users/elvira/Downloads/pets-pr-1/node_modules/.pnpm/nodemailer@7.0.6/node_modules/nodemailer/lib/smtp-connection/index.js:195:44)
          at TLSSocket.emit (node:events:508:28)
          at addChunk (node:internal/streams/readable:559:12)
          at readableAddChunkPushByteMode (node:internal/streams/readable:510:3)
          at TLSSocket.Readable.push (node:internal/streams/readable:390:5)
          at TLSWrap.onStreamRead (node:internal/stream_base_commons:189:23) {
        code: 'EAUTH',
        response: '535-5.7.8 Username and Password not accepted. For more information, go to\n' +
          '535 5.7.8  https://support.google.com/mail/?p=BadCredentials ffacd0b85a97d-4255d8f02a8sm4416763f8f.39 - gsmtp',
        responseCode: 535,
        command: 'AUTH PLAIN'
      }

      216 |
      217 |   } catch (error) {
    > 218 |     console.error('Email sending error:', error);
          |             ^
      219 |     throw error;
      220 |   }
      221 | };

      at error (src/services/emailService.js:218:13)
      at register (src/controllers/authController.js:73:7)

    console.error
      Email sending error: Error: Invalid login: 535-5.7.8 Username and Password not accepted. For more information, go to
      535 5.7.8  https://support.google.com/mail/?p=BadCredentials ffacd0b85a97d-4255d8f02a8sm4416763f8f.39 - gsmtp
          at SMTPConnection._formatError (/Users/elvira/Downloads/pets-pr-1/node_modules/.pnpm/nodemailer@7.0.6/node_modules/nodemailer/lib/smtp-connection/index.js:809:19)
          at SMTPConnection._actionAUTHComplete (/Users/elvira/Downloads/pets-pr-1/node_modules/.pnpm/nodemailer@7.0.6/node_modules/nodemailer/lib/smtp-connection/index.js:1588:34)
          at SMTPConnection.<anonymous> (/Users/elvira/Downloads/pets-pr-1/node_modules/.pnpm/nodemailer@7.0.6/node_modules/nodemailer/lib/smtp-connection/index.js:556:26)
          at SMTPConnection._processResponse (/Users/elvira/Downloads/pets-pr-1/node_modules/.pnpm/nodemailer@7.0.6/node_modules/nodemailer/lib/smtp-connection/index.js:993:20)
          at SMTPConnection._onData (/Users/elvira/Downloads/pets-pr-1/node_modules/.pnpm/nodemailer@7.0.6/node_modules/nodemailer/lib/smtp-connection/index.js:774:14)
          at TLSSocket.SMTPConnection._onSocketData (/Users/elvira/Downloads/pets-pr-1/node_modules/.pnpm/nodemailer@7.0.6/node_modules/nodemailer/lib/smtp-connection/index.js:195:44)
          at TLSSocket.emit (node:events:508:28)
          at addChunk (node:internal/streams/readable:559:12)
          at readableAddChunkPushByteMode (node:internal/streams/readable:510:3)
          at TLSSocket.Readable.push (node:internal/streams/readable:390:5)
          at TLSWrap.onStreamRead (node:internal/stream_base_commons:189:23) {
        code: 'EAUTH',
        response: '535-5.7.8 Username and Password not accepted. For more information, go to\n' +
          '535 5.7.8  https://support.google.com/mail/?p=BadCredentials ffacd0b85a97d-4255d8f02a8sm4416763f8f.39 - gsmtp',
        responseCode: 535,
        command: 'AUTH PLAIN'
      }

      81 |       });
      82 |     } catch (emailError) {
    > 83 |       console.error('Email sending error:', emailError);
         |               ^
      84 |       // Don't fail registration if email fails
      85 |     }
      86 |

      at error (src/controllers/authController.js:83:15)

    console.error
      Email sending error: Error: Invalid login: 535-5.7.8 Username and Password not accepted. For more information, go to
      535 5.7.8  https://support.google.com/mail/?p=BadCredentials 5b1f17b1804b1-46e61a0241bsm86417205e9.11 - gsmtp
          at SMTPConnection._formatError (/Users/elvira/Downloads/pets-pr-1/node_modules/.pnpm/nodemailer@7.0.6/node_modules/nodemailer/lib/smtp-connection/index.js:809:19)
          at SMTPConnection._actionAUTHComplete (/Users/elvira/Downloads/pets-pr-1/node_modules/.pnpm/nodemailer@7.0.6/node_modules/nodemailer/lib/smtp-connection/index.js:1588:34)
          at SMTPConnection.<anonymous> (/Users/elvira/Downloads/pets-pr-1/node_modules/.pnpm/nodemailer@7.0.6/node_modules/nodemailer/lib/smtp-connection/index.js:556:26)
          at SMTPConnection._processResponse (/Users/elvira/Downloads/pets-pr-1/node_modules/.pnpm/nodemailer@7.0.6/node_modules/nodemailer/lib/smtp-connection/index.js:993:20)
          at SMTPConnection._onData (/Users/elvira/Downloads/pets-pr-1/node_modules/.pnpm/nodemailer@7.0.6/node_modules/nodemailer/lib/smtp-connection/index.js:774:14)
          at TLSSocket.SMTPConnection._onSocketData (/Users/elvira/Downloads/pets-pr-1/node_modules/.pnpm/nodemailer@7.0.6/node_modules/nodemailer/lib/smtp-connection/index.js:195:44)
          at TLSSocket.emit (node:events:508:28)
          at addChunk (node:internal/streams/readable:559:12)
          at readableAddChunkPushByteMode (node:internal/streams/readable:510:3)
          at TLSSocket.Readable.push (node:internal/streams/readable:390:5)
          at TLSWrap.onStreamRead (node:internal/stream_base_commons:189:23) {
        code: 'EAUTH',
        response: '535-5.7.8 Username and Password not accepted. For more information, go to\n' +
          '535 5.7.8  https://support.google.com/mail/?p=BadCredentials 5b1f17b1804b1-46e61a0241bsm86417205e9.11 - gsmtp',
        responseCode: 535,
        command: 'AUTH PLAIN'
      }

      216 |
      217 |   } catch (error) {
    > 218 |     console.error('Email sending error:', error);
          |             ^
      219 |     throw error;
      220 |   }
      221 | };

      at error (src/services/emailService.js:218:13)
      at register (src/controllers/authController.js:73:7)

    console.error
      Email sending error: Error: Invalid login: 535-5.7.8 Username and Password not accepted. For more information, go to
      535 5.7.8  https://support.google.com/mail/?p=BadCredentials 5b1f17b1804b1-46e61a0241bsm86417205e9.11 - gsmtp
          at SMTPConnection._formatError (/Users/elvira/Downloads/pets-pr-1/node_modules/.pnpm/nodemailer@7.0.6/node_modules/nodemailer/lib/smtp-connection/index.js:809:19)
          at SMTPConnection._actionAUTHComplete (/Users/elvira/Downloads/pets-pr-1/node_modules/.pnpm/nodemailer@7.0.6/node_modules/nodemailer/lib/smtp-connection/index.js:1588:34)
          at SMTPConnection.<anonymous> (/Users/elvira/Downloads/pets-pr-1/node_modules/.pnpm/nodemailer@7.0.6/node_modules/nodemailer/lib/smtp-connection/index.js:556:26)
          at SMTPConnection._processResponse (/Users/elvira/Downloads/pets-pr-1/node_modules/.pnpm/nodemailer@7.0.6/node_modules/nodemailer/lib/smtp-connection/index.js:993:20)
          at SMTPConnection._onData (/Users/elvira/Downloads/pets-pr-1/node_modules/.pnpm/nodemailer@7.0.6/node_modules/nodemailer/lib/smtp-connection/index.js:774:14)
          at TLSSocket.SMTPConnection._onSocketData (/Users/elvira/Downloads/pets-pr-1/node_modules/.pnpm/nodemailer@7.0.6/node_modules/nodemailer/lib/smtp-connection/index.js:195:44)
          at TLSSocket.emit (node:events:508:28)
          at addChunk (node:internal/streams/readable:559:12)
          at readableAddChunkPushByteMode (node:internal/streams/readable:510:3)
          at TLSSocket.Readable.push (node:internal/streams/readable:390:5)
          at TLSWrap.onStreamRead (node:internal/stream_base_commons:189:23) {
        code: 'EAUTH',
        response: '535-5.7.8 Username and Password not accepted. For more information, go to\n' +
          '535 5.7.8  https://support.google.com/mail/?p=BadCredentials 5b1f17b1804b1-46e61a0241bsm86417205e9.11 - gsmtp',
        responseCode: 535,
        command: 'AUTH PLAIN'
      }

      81 |       });
      82 |     } catch (emailError) {
    > 83 |       console.error('Email sending error:', emailError);
         |               ^
      84 |       // Don't fail registration if email fails
      85 |     }
      86 |

      at error (src/controllers/authController.js:83:15)

    console.error
      Email sending error: Error: Invalid login: 535-5.7.8 Username and Password not accepted. For more information, go to
      535 5.7.8  https://support.google.com/mail/?p=BadCredentials ffacd0b85a97d-4255d8f4abcsm4281097f8f.53 - gsmtp
          at SMTPConnection._formatError (/Users/elvira/Downloads/pets-pr-1/node_modules/.pnpm/nodemailer@7.0.6/node_modules/nodemailer/lib/smtp-connection/index.js:809:19)
          at SMTPConnection._actionAUTHComplete (/Users/elvira/Downloads/pets-pr-1/node_modules/.pnpm/nodemailer@7.0.6/node_modules/nodemailer/lib/smtp-connection/index.js:1588:34)
          at SMTPConnection.<anonymous> (/Users/elvira/Downloads/pets-pr-1/node_modules/.pnpm/nodemailer@7.0.6/node_modules/nodemailer/lib/smtp-connection/index.js:556:26)
          at SMTPConnection._processResponse (/Users/elvira/Downloads/pets-pr-1/node_modules/.pnpm/nodemailer@7.0.6/node_modules/nodemailer/lib/smtp-connection/index.js:993:20)
          at SMTPConnection._onData (/Users/elvira/Downloads/pets-pr-1/node_modules/.pnpm/nodemailer@7.0.6/node_modules/nodemailer/lib/smtp-connection/index.js:774:14)
          at TLSSocket.SMTPConnection._onSocketData (/Users/elvira/Downloads/pets-pr-1/node_modules/.pnpm/nodemailer@7.0.6/node_modules/nodemailer/lib/smtp-connection/index.js:195:44)
          at TLSSocket.emit (node:events:508:28)
          at addChunk (node:internal/streams/readable:559:12)
          at readableAddChunkPushByteMode (node:internal/streams/readable:510:3)
          at TLSSocket.Readable.push (node:internal/streams/readable:390:5)
          at TLSWrap.onStreamRead (node:internal/stream_base_commons:189:23) {
        code: 'EAUTH',
        response: '535-5.7.8 Username and Password not accepted. For more information, go to\n' +
          '535 5.7.8  https://support.google.com/mail/?p=BadCredentials ffacd0b85a97d-4255d8f4abcsm4281097f8f.53 - gsmtp',
        responseCode: 535,
        command: 'AUTH PLAIN'
      }

      216 |
      217 |   } catch (error) {
    > 218 |     console.error('Email sending error:', error);
          |             ^
      219 |     throw error;
      220 |   }
      221 | };

      at error (src/services/emailService.js:218:13)
      at register (src/controllers/authController.js:73:7)

    console.error
      Email sending error: Error: Invalid login: 535-5.7.8 Username and Password not accepted. For more information, go to
      535 5.7.8  https://support.google.com/mail/?p=BadCredentials ffacd0b85a97d-4255d8f4abcsm4281097f8f.53 - gsmtp
          at SMTPConnection._formatError (/Users/elvira/Downloads/pets-pr-1/node_modules/.pnpm/nodemailer@7.0.6/node_modules/nodemailer/lib/smtp-connection/index.js:809:19)
          at SMTPConnection._actionAUTHComplete (/Users/elvira/Downloads/pets-pr-1/node_modules/.pnpm/nodemailer@7.0.6/node_modules/nodemailer/lib/smtp-connection/index.js:1588:34)
          at SMTPConnection.<anonymous> (/Users/elvira/Downloads/pets-pr-1/node_modules/.pnpm/nodemailer@7.0.6/node_modules/nodemailer/lib/smtp-connection/index.js:556:26)
          at SMTPConnection._processResponse (/Users/elvira/Downloads/pets-pr-1/node_modules/.pnpm/nodemailer@7.0.6/node_modules/nodemailer/lib/smtp-connection/index.js:993:20)
          at SMTPConnection._onData (/Users/elvira/Downloads/pets-pr-1/node_modules/.pnpm/nodemailer@7.0.6/node_modules/nodemailer/lib/smtp-connection/index.js:774:14)
          at TLSSocket.SMTPConnection._onSocketData (/Users/elvira/Downloads/pets-pr-1/node_modules/.pnpm/nodemailer@7.0.6/node_modules/nodemailer/lib/smtp-connection/index.js:195:44)
          at TLSSocket.emit (node:events:508:28)
          at addChunk (node:internal/streams/readable:559:12)
          at readableAddChunkPushByteMode (node:internal/streams/readable:510:3)
          at TLSSocket.Readable.push (node:internal/streams/readable:390:5)
          at TLSWrap.onStreamRead (node:internal/stream_base_commons:189:23) {
        code: 'EAUTH',
        response: '535-5.7.8 Username and Password not accepted. For more information, go to\n' +
          '535 5.7.8  https://support.google.com/mail/?p=BadCredentials ffacd0b85a97d-4255d8f4abcsm4281097f8f.53 - gsmtp',
        responseCode: 535,
        command: 'AUTH PLAIN'
      }

      81 |       });
      82 |     } catch (emailError) {
    > 83 |       console.error('Email sending error:', emailError);
         |               ^
      84 |       // Don't fail registration if email fails
      85 |     }
      86 |

      at error (src/controllers/authController.js:83:15)

    console.error
      Email sending error: Error: Invalid login: 535-5.7.8 Username and Password not accepted. For more information, go to
      535 5.7.8  https://support.google.com/mail/?p=BadCredentials 5b1f17b1804b1-46e61a0204fsm91606725e9.14 - gsmtp
          at SMTPConnection._formatError (/Users/elvira/Downloads/pets-pr-1/node_modules/.pnpm/nodemailer@7.0.6/node_modules/nodemailer/lib/smtp-connection/index.js:809:19)
          at SMTPConnection._actionAUTHComplete (/Users/elvira/Downloads/pets-pr-1/node_modules/.pnpm/nodemailer@7.0.6/node_modules/nodemailer/lib/smtp-connection/index.js:1588:34)
          at SMTPConnection.<anonymous> (/Users/elvira/Downloads/pets-pr-1/node_modules/.pnpm/nodemailer@7.0.6/node_modules/nodemailer/lib/smtp-connection/index.js:556:26)
          at SMTPConnection._processResponse (/Users/elvira/Downloads/pets-pr-1/node_modules/.pnpm/nodemailer@7.0.6/node_modules/nodemailer/lib/smtp-connection/index.js:993:20)
          at SMTPConnection._onData (/Users/elvira/Downloads/pets-pr-1/node_modules/.pnpm/nodemailer@7.0.6/node_modules/nodemailer/lib/smtp-connection/index.js:774:14)
          at TLSSocket.SMTPConnection._onSocketData (/Users/elvira/Downloads/pets-pr-1/node_modules/.pnpm/nodemailer@7.0.6/node_modules/nodemailer/lib/smtp-connection/index.js:195:44)
          at TLSSocket.emit (node:events:508:28)
          at addChunk (node:internal/streams/readable:559:12)
          at readableAddChunkPushByteMode (node:internal/streams/readable:510:3)
          at TLSSocket.Readable.push (node:internal/streams/readable:390:5)
          at TLSWrap.onStreamRead (node:internal/stream_base_commons:189:23) {
        code: 'EAUTH',
        response: '535-5.7.8 Username and Password not accepted. For more information, go to\n' +
          '535 5.7.8  https://support.google.com/mail/?p=BadCredentials 5b1f17b1804b1-46e61a0204fsm91606725e9.14 - gsmtp',
        responseCode: 535,
        command: 'AUTH PLAIN'
      }

      216 |
      217 |   } catch (error) {
    > 218 |     console.error('Email sending error:', error);
          |             ^
      219 |     throw error;
      220 |   }
      221 | };

      at error (src/services/emailService.js:218:13)
      at register (src/controllers/authController.js:73:7)

    console.error
      Email sending error: Error: Invalid login: 535-5.7.8 Username and Password not accepted. For more information, go to
      535 5.7.8  https://support.google.com/mail/?p=BadCredentials 5b1f17b1804b1-46e61a0204fsm91606725e9.14 - gsmtp
          at SMTPConnection._formatError (/Users/elvira/Downloads/pets-pr-1/node_modules/.pnpm/nodemailer@7.0.6/node_modules/nodemailer/lib/smtp-connection/index.js:809:19)
          at SMTPConnection._actionAUTHComplete (/Users/elvira/Downloads/pets-pr-1/node_modules/.pnpm/nodemailer@7.0.6/node_modules/nodemailer/lib/smtp-connection/index.js:1588:34)
          at SMTPConnection.<anonymous> (/Users/elvira/Downloads/pets-pr-1/node_modules/.pnpm/nodemailer@7.0.6/node_modules/nodemailer/lib/smtp-connection/index.js:556:26)
          at SMTPConnection._processResponse (/Users/elvira/Downloads/pets-pr-1/node_modules/.pnpm/nodemailer@7.0.6/node_modules/nodemailer/lib/smtp-connection/index.js:993:20)
          at SMTPConnection._onData (/Users/elvira/Downloads/pets-pr-1/node_modules/.pnpm/nodemailer@7.0.6/node_modules/nodemailer/lib/smtp-connection/index.js:774:14)
          at TLSSocket.SMTPConnection._onSocketData (/Users/elvira/Downloads/pets-pr-1/node_modules/.pnpm/nodemailer@7.0.6/node_modules/nodemailer/lib/smtp-connection/index.js:195:44)
          at TLSSocket.emit (node:events:508:28)
          at addChunk (node:internal/streams/readable:559:12)
          at readableAddChunkPushByteMode (node:internal/streams/readable:510:3)
          at TLSSocket.Readable.push (node:internal/streams/readable:390:5)
          at TLSWrap.onStreamRead (node:internal/stream_base_commons:189:23) {
        code: 'EAUTH',
        response: '535-5.7.8 Username and Password not accepted. For more information, go to\n' +
          '535 5.7.8  https://support.google.com/mail/?p=BadCredentials 5b1f17b1804b1-46e61a0204fsm91606725e9.14 - gsmtp',
        responseCode: 535,
        command: 'AUTH PLAIN'
      }

      81 |       });
      82 |     } catch (emailError) {
    > 83 |       console.error('Email sending error:', emailError);
         |               ^
      84 |       // Don't fail registration if email fails
      85 |     }
      86 |

      at error (src/controllers/authController.js:83:15)

    console.error
      Email sending error: Error: Invalid login: 535-5.7.8 Username and Password not accepted. For more information, go to
      535 5.7.8  https://support.google.com/mail/?p=BadCredentials 5b1f17b1804b1-46e693c2e6fsm40651995e9.17 - gsmtp
          at SMTPConnection._formatError (/Users/elvira/Downloads/pets-pr-1/node_modules/.pnpm/nodemailer@7.0.6/node_modules/nodemailer/lib/smtp-connection/index.js:809:19)
          at SMTPConnection._actionAUTHComplete (/Users/elvira/Downloads/pets-pr-1/node_modules/.pnpm/nodemailer@7.0.6/node_modules/nodemailer/lib/smtp-connection/index.js:1588:34)
          at SMTPConnection.<anonymous> (/Users/elvira/Downloads/pets-pr-1/node_modules/.pnpm/nodemailer@7.0.6/node_modules/nodemailer/lib/smtp-connection/index.js:556:26)
          at SMTPConnection._processResponse (/Users/elvira/Downloads/pets-pr-1/node_modules/.pnpm/nodemailer@7.0.6/node_modules/nodemailer/lib/smtp-connection/index.js:993:20)
          at SMTPConnection._onData (/Users/elvira/Downloads/pets-pr-1/node_modules/.pnpm/nodemailer@7.0.6/node_modules/nodemailer/lib/smtp-connection/index.js:774:14)
          at TLSSocket.SMTPConnection._onSocketData (/Users/elvira/Downloads/pets-pr-1/node_modules/.pnpm/nodemailer@7.0.6/node_modules/nodemailer/lib/smtp-connection/index.js:195:44)
          at TLSSocket.emit (node:events:508:28)
          at addChunk (node:internal/streams/readable:559:12)
          at readableAddChunkPushByteMode (node:internal/streams/readable:510:3)
          at TLSSocket.Readable.push (node:internal/streams/readable:390:5)
          at TLSWrap.onStreamRead (node:internal/stream_base_commons:189:23) {
        code: 'EAUTH',
        response: '535-5.7.8 Username and Password not accepted. For more information, go to\n' +
          '535 5.7.8  https://support.google.com/mail/?p=BadCredentials 5b1f17b1804b1-46e693c2e6fsm40651995e9.17 - gsmtp',
        responseCode: 535,
        command: 'AUTH PLAIN'
      }

      216 |
      217 |   } catch (error) {
    > 218 |     console.error('Email sending error:', error);
          |             ^
      219 |     throw error;
      220 |   }
      221 | };

      at error (src/services/emailService.js:218:13)
      at register (src/controllers/authController.js:73:7)

    console.error
      Email sending error: Error: Invalid login: 535-5.7.8 Username and Password not accepted. For more information, go to
      535 5.7.8  https://support.google.com/mail/?p=BadCredentials 5b1f17b1804b1-46e693c2e6fsm40651995e9.17 - gsmtp
          at SMTPConnection._formatError (/Users/elvira/Downloads/pets-pr-1/node_modules/.pnpm/nodemailer@7.0.6/node_modules/nodemailer/lib/smtp-connection/index.js:809:19)
          at SMTPConnection._actionAUTHComplete (/Users/elvira/Downloads/pets-pr-1/node_modules/.pnpm/nodemailer@7.0.6/node_modules/nodemailer/lib/smtp-connection/index.js:1588:34)
          at SMTPConnection.<anonymous> (/Users/elvira/Downloads/pets-pr-1/node_modules/.pnpm/nodemailer@7.0.6/node_modules/nodemailer/lib/smtp-connection/index.js:556:26)
          at SMTPConnection._processResponse (/Users/elvira/Downloads/pets-pr-1/node_modules/.pnpm/nodemailer@7.0.6/node_modules/nodemailer/lib/smtp-connection/index.js:993:20)
          at SMTPConnection._onData (/Users/elvira/Downloads/pets-pr-1/node_modules/.pnpm/nodemailer@7.0.6/node_modules/nodemailer/lib/smtp-connection/index.js:774:14)
          at TLSSocket.SMTPConnection._onSocketData (/Users/elvira/Downloads/pets-pr-1/node_modules/.pnpm/nodemailer@7.0.6/node_modules/nodemailer/lib/smtp-connection/index.js:195:44)
          at TLSSocket.emit (node:events:508:28)
          at addChunk (node:internal/streams/readable:559:12)
          at readableAddChunkPushByteMode (node:internal/streams/readable:510:3)
          at TLSSocket.Readable.push (node:internal/streams/readable:390:5)
          at TLSWrap.onStreamRead (node:internal/stream_base_commons:189:23) {
        code: 'EAUTH',
        response: '535-5.7.8 Username and Password not accepted. For more information, go to\n' +
          '535 5.7.8  https://support.google.com/mail/?p=BadCredentials 5b1f17b1804b1-46e693c2e6fsm40651995e9.17 - gsmtp',
        responseCode: 535,
        command: 'AUTH PLAIN'
      }

      81 |       });
      82 |     } catch (emailError) {
    > 83 |       console.error('Email sending error:', emailError);
         |               ^
      84 |       // Don't fail registration if email fails
      85 |     }
      86 |

      at error (src/controllers/authController.js:83:15)

    console.error
      Email sending error: Error: Invalid login: 535-5.7.8 Username and Password not accepted. For more information, go to
      535 5.7.8  https://support.google.com/mail/?p=BadCredentials ffacd0b85a97d-4255d8abf0bsm4236441f8f.17 - gsmtp
          at SMTPConnection._formatError (/Users/elvira/Downloads/pets-pr-1/node_modules/.pnpm/nodemailer@7.0.6/node_modules/nodemailer/lib/smtp-connection/index.js:809:19)
          at SMTPConnection._actionAUTHComplete (/Users/elvira/Downloads/pets-pr-1/node_modules/.pnpm/nodemailer@7.0.6/node_modules/nodemailer/lib/smtp-connection/index.js:1588:34)
          at SMTPConnection.<anonymous> (/Users/elvira/Downloads/pets-pr-1/node_modules/.pnpm/nodemailer@7.0.6/node_modules/nodemailer/lib/smtp-connection/index.js:556:26)
          at SMTPConnection._processResponse (/Users/elvira/Downloads/pets-pr-1/node_modules/.pnpm/nodemailer@7.0.6/node_modules/nodemailer/lib/smtp-connection/index.js:993:20)
          at SMTPConnection._onData (/Users/elvira/Downloads/pets-pr-1/node_modules/.pnpm/nodemailer@7.0.6/node_modules/nodemailer/lib/smtp-connection/index.js:774:14)
          at TLSSocket.SMTPConnection._onSocketData (/Users/elvira/Downloads/pets-pr-1/node_modules/.pnpm/nodemailer@7.0.6/node_modules/nodemailer/lib/smtp-connection/index.js:195:44)
          at TLSSocket.emit (node:events:508:28)
          at addChunk (node:internal/streams/readable:559:12)
          at readableAddChunkPushByteMode (node:internal/streams/readable:510:3)
          at TLSSocket.Readable.push (node:internal/streams/readable:390:5)
          at TLSWrap.onStreamRead (node:internal/stream_base_commons:189:23) {
        code: 'EAUTH',
        response: '535-5.7.8 Username and Password not accepted. For more information, go to\n' +
          '535 5.7.8  https://support.google.com/mail/?p=BadCredentials ffacd0b85a97d-4255d8abf0bsm4236441f8f.17 - gsmtp',
        responseCode: 535,
        command: 'AUTH PLAIN'
      }

      216 |
      217 |   } catch (error) {
    > 218 |     console.error('Email sending error:', error);
          |             ^
      219 |     throw error;
      220 |   }
      221 | };

      at error (src/services/emailService.js:218:13)
      at register (src/controllers/authController.js:73:7)

    console.error
      Email sending error: Error: Invalid login: 535-5.7.8 Username and Password not accepted. For more information, go to
      535 5.7.8  https://support.google.com/mail/?p=BadCredentials ffacd0b85a97d-4255d8abf0bsm4236441f8f.17 - gsmtp
          at SMTPConnection._formatError (/Users/elvira/Downloads/pets-pr-1/node_modules/.pnpm/nodemailer@7.0.6/node_modules/nodemailer/lib/smtp-connection/index.js:809:19)
          at SMTPConnection._actionAUTHComplete (/Users/elvira/Downloads/pets-pr-1/node_modules/.pnpm/nodemailer@7.0.6/node_modules/nodemailer/lib/smtp-connection/index.js:1588:34)
          at SMTPConnection.<anonymous> (/Users/elvira/Downloads/pets-pr-1/node_modules/.pnpm/nodemailer@7.0.6/node_modules/nodemailer/lib/smtp-connection/index.js:556:26)
          at SMTPConnection._processResponse (/Users/elvira/Downloads/pets-pr-1/node_modules/.pnpm/nodemailer@7.0.6/node_modules/nodemailer/lib/smtp-connection/index.js:993:20)
          at SMTPConnection._onData (/Users/elvira/Downloads/pets-pr-1/node_modules/.pnpm/nodemailer@7.0.6/node_modules/nodemailer/lib/smtp-connection/index.js:774:14)
          at TLSSocket.SMTPConnection._onSocketData (/Users/elvira/Downloads/pets-pr-1/node_modules/.pnpm/nodemailer@7.0.6/node_modules/nodemailer/lib/smtp-connection/index.js:195:44)
          at TLSSocket.emit (node:events:508:28)
          at addChunk (node:internal/streams/readable:559:12)
          at readableAddChunkPushByteMode (node:internal/streams/readable:510:3)
          at TLSSocket.Readable.push (node:internal/streams/readable:390:5)
          at TLSWrap.onStreamRead (node:internal/stream_base_commons:189:23) {
        code: 'EAUTH',
        response: '535-5.7.8 Username and Password not accepted. For more information, go to\n' +
          '535 5.7.8  https://support.google.com/mail/?p=BadCredentials ffacd0b85a97d-4255d8abf0bsm4236441f8f.17 - gsmtp',
        responseCode: 535,
        command: 'AUTH PLAIN'
      }

      81 |       });
      82 |     } catch (emailError) {
    > 83 |       console.error('Email sending error:', emailError);
         |               ^
      84 |       // Don't fail registration if email fails
      85 |     }
      86 |

      at error (src/controllers/authController.js:83:15)

    console.error
      Email sending error: Error: Invalid login: 535-5.7.8 Username and Password not accepted. For more information, go to
      535 5.7.8  https://support.google.com/mail/?p=BadCredentials ffacd0b85a97d-4255d8ab8fdsm4303928f8f.15 - gsmtp
          at SMTPConnection._formatError (/Users/elvira/Downloads/pets-pr-1/node_modules/.pnpm/nodemailer@7.0.6/node_modules/nodemailer/lib/smtp-connection/index.js:809:19)
          at SMTPConnection._actionAUTHComplete (/Users/elvira/Downloads/pets-pr-1/node_modules/.pnpm/nodemailer@7.0.6/node_modules/nodemailer/lib/smtp-connection/index.js:1588:34)
          at SMTPConnection.<anonymous> (/Users/elvira/Downloads/pets-pr-1/node_modules/.pnpm/nodemailer@7.0.6/node_modules/nodemailer/lib/smtp-connection/index.js:556:26)
          at SMTPConnection._processResponse (/Users/elvira/Downloads/pets-pr-1/node_modules/.pnpm/nodemailer@7.0.6/node_modules/nodemailer/lib/smtp-connection/index.js:993:20)
          at SMTPConnection._onData (/Users/elvira/Downloads/pets-pr-1/node_modules/.pnpm/nodemailer@7.0.6/node_modules/nodemailer/lib/smtp-connection/index.js:774:14)
          at TLSSocket.SMTPConnection._onSocketData (/Users/elvira/Downloads/pets-pr-1/node_modules/.pnpm/nodemailer@7.0.6/node_modules/nodemailer/lib/smtp-connection/index.js:195:44)
          at TLSSocket.emit (node:events:508:28)
          at addChunk (node:internal/streams/readable:559:12)
          at readableAddChunkPushByteMode (node:internal/streams/readable:510:3)
          at TLSSocket.Readable.push (node:internal/streams/readable:390:5)
          at TLSWrap.onStreamRead (node:internal/stream_base_commons:189:23) {
        code: 'EAUTH',
        response: '535-5.7.8 Username and Password not accepted. For more information, go to\n' +
          '535 5.7.8  https://support.google.com/mail/?p=BadCredentials ffacd0b85a97d-4255d8ab8fdsm4303928f8f.15 - gsmtp',
        responseCode: 535,
        command: 'AUTH PLAIN'
      }

      216 |
      217 |   } catch (error) {
    > 218 |     console.error('Email sending error:', error);
          |             ^
      219 |     throw error;
      220 |   }
      221 | };

      at error (src/services/emailService.js:218:13)
      at register (src/controllers/authController.js:73:7)

    console.error
      Email sending error: Error: Invalid login: 535-5.7.8 Username and Password not accepted. For more information, go to
      535 5.7.8  https://support.google.com/mail/?p=BadCredentials ffacd0b85a97d-4255d8ab8fdsm4303928f8f.15 - gsmtp
          at SMTPConnection._formatError (/Users/elvira/Downloads/pets-pr-1/node_modules/.pnpm/nodemailer@7.0.6/node_modules/nodemailer/lib/smtp-connection/index.js:809:19)
          at SMTPConnection._actionAUTHComplete (/Users/elvira/Downloads/pets-pr-1/node_modules/.pnpm/nodemailer@7.0.6/node_modules/nodemailer/lib/smtp-connection/index.js:1588:34)
          at SMTPConnection.<anonymous> (/Users/elvira/Downloads/pets-pr-1/node_modules/.pnpm/nodemailer@7.0.6/node_modules/nodemailer/lib/smtp-connection/index.js:556:26)
          at SMTPConnection._processResponse (/Users/elvira/Downloads/pets-pr-1/node_modules/.pnpm/nodemailer@7.0.6/node_modules/nodemailer/lib/smtp-connection/index.js:993:20)
          at SMTPConnection._onData (/Users/elvira/Downloads/pets-pr-1/node_modules/.pnpm/nodemailer@7.0.6/node_modules/nodemailer/lib/smtp-connection/index.js:774:14)
          at TLSSocket.SMTPConnection._onSocketData (/Users/elvira/Downloads/pets-pr-1/node_modules/.pnpm/nodemailer@7.0.6/node_modules/nodemailer/lib/smtp-connection/index.js:195:44)
          at TLSSocket.emit (node:events:508:28)
          at addChunk (node:internal/streams/readable:559:12)
          at readableAddChunkPushByteMode (node:internal/streams/readable:510:3)
          at TLSSocket.Readable.push (node:internal/streams/readable:390:5)
          at TLSWrap.onStreamRead (node:internal/stream_base_commons:189:23) {
        code: 'EAUTH',
        response: '535-5.7.8 Username and Password not accepted. For more information, go to\n' +
          '535 5.7.8  https://support.google.com/mail/?p=BadCredentials ffacd0b85a97d-4255d8ab8fdsm4303928f8f.15 - gsmtp',
        responseCode: 535,
        command: 'AUTH PLAIN'
      }

      81 |       });
      82 |     } catch (emailError) {
    > 83 |       console.error('Email sending error:', emailError);
         |               ^
      84 |       // Don't fail registration if email fails
      85 |     }
      86 |

      at error (src/controllers/authController.js:83:15)

    console.error
      Email sending error: Error: Invalid login: 535-5.7.8 Username and Password not accepted. For more information, go to
      535 5.7.8  https://support.google.com/mail/?p=BadCredentials 5b1f17b1804b1-46e675b557fsm68287655e9.0 - gsmtp
          at SMTPConnection._formatError (/Users/elvira/Downloads/pets-pr-1/node_modules/.pnpm/nodemailer@7.0.6/node_modules/nodemailer/lib/smtp-connection/index.js:809:19)
          at SMTPConnection._actionAUTHComplete (/Users/elvira/Downloads/pets-pr-1/node_modules/.pnpm/nodemailer@7.0.6/node_modules/nodemailer/lib/smtp-connection/index.js:1588:34)
          at SMTPConnection.<anonymous> (/Users/elvira/Downloads/pets-pr-1/node_modules/.pnpm/nodemailer@7.0.6/node_modules/nodemailer/lib/smtp-connection/index.js:556:26)
          at SMTPConnection._processResponse (/Users/elvira/Downloads/pets-pr-1/node_modules/.pnpm/nodemailer@7.0.6/node_modules/nodemailer/lib/smtp-connection/index.js:993:20)
          at SMTPConnection._onData (/Users/elvira/Downloads/pets-pr-1/node_modules/.pnpm/nodemailer@7.0.6/node_modules/nodemailer/lib/smtp-connection/index.js:774:14)
          at TLSSocket.SMTPConnection._onSocketData (/Users/elvira/Downloads/pets-pr-1/node_modules/.pnpm/nodemailer@7.0.6/node_modules/nodemailer/lib/smtp-connection/index.js:195:44)
          at TLSSocket.emit (node:events:508:28)
          at addChunk (node:internal/streams/readable:559:12)
          at readableAddChunkPushByteMode (node:internal/streams/readable:510:3)
          at TLSSocket.Readable.push (node:internal/streams/readable:390:5)
          at TLSWrap.onStreamRead (node:internal/stream_base_commons:189:23) {
        code: 'EAUTH',
        response: '535-5.7.8 Username and Password not accepted. For more information, go to\n' +
          '535 5.7.8  https://support.google.com/mail/?p=BadCredentials 5b1f17b1804b1-46e675b557fsm68287655e9.0 - gsmtp',
        responseCode: 535,
        command: 'AUTH PLAIN'
      }

      216 |
      217 |   } catch (error) {
    > 218 |     console.error('Email sending error:', error);
          |             ^
      219 |     throw error;
      220 |   }
      221 | };

      at error (src/services/emailService.js:218:13)
      at register (src/controllers/authController.js:73:7)

    console.error
      Email sending error: Error: Invalid login: 535-5.7.8 Username and Password not accepted. For more information, go to
      535 5.7.8  https://support.google.com/mail/?p=BadCredentials 5b1f17b1804b1-46e675b557fsm68287655e9.0 - gsmtp
          at SMTPConnection._formatError (/Users/elvira/Downloads/pets-pr-1/node_modules/.pnpm/nodemailer@7.0.6/node_modules/nodemailer/lib/smtp-connection/index.js:809:19)
          at SMTPConnection._actionAUTHComplete (/Users/elvira/Downloads/pets-pr-1/node_modules/.pnpm/nodemailer@7.0.6/node_modules/nodemailer/lib/smtp-connection/index.js:1588:34)
          at SMTPConnection.<anonymous> (/Users/elvira/Downloads/pets-pr-1/node_modules/.pnpm/nodemailer@7.0.6/node_modules/nodemailer/lib/smtp-connection/index.js:556:26)
          at SMTPConnection._processResponse (/Users/elvira/Downloads/pets-pr-1/node_modules/.pnpm/nodemailer@7.0.6/node_modules/nodemailer/lib/smtp-connection/index.js:993:20)
          at SMTPConnection._onData (/Users/elvira/Downloads/pets-pr-1/node_modules/.pnpm/nodemailer@7.0.6/node_modules/nodemailer/lib/smtp-connection/index.js:774:14)
          at TLSSocket.SMTPConnection._onSocketData (/Users/elvira/Downloads/pets-pr-1/node_modules/.pnpm/nodemailer@7.0.6/node_modules/nodemailer/lib/smtp-connection/index.js:195:44)
          at TLSSocket.emit (node:events:508:28)
          at addChunk (node:internal/streams/readable:559:12)
          at readableAddChunkPushByteMode (node:internal/streams/readable:510:3)
          at TLSSocket.Readable.push (node:internal/streams/readable:390:5)
          at TLSWrap.onStreamRead (node:internal/stream_base_commons:189:23) {
        code: 'EAUTH',
        response: '535-5.7.8 Username and Password not accepted. For more information, go to\n' +
          '535 5.7.8  https://support.google.com/mail/?p=BadCredentials 5b1f17b1804b1-46e675b557fsm68287655e9.0 - gsmtp',
        responseCode: 535,
        command: 'AUTH PLAIN'
      }

      81 |       });
      82 |     } catch (emailError) {
    > 83 |       console.error('Email sending error:', emailError);
         |               ^
      84 |       // Don't fail registration if email fails
      85 |     }
      86 |

      at error (src/controllers/authController.js:83:15)

    console.error
      Email sending error: Error: Invalid login: 535-5.7.8 Username and Password not accepted. For more information, go to
      535 5.7.8  https://support.google.com/mail/?p=BadCredentials 5b1f17b1804b1-46e693bcc2csm42133115e9.12 - gsmtp
          at SMTPConnection._formatError (/Users/elvira/Downloads/pets-pr-1/node_modules/.pnpm/nodemailer@7.0.6/node_modules/nodemailer/lib/smtp-connection/index.js:809:19)
          at SMTPConnection._actionAUTHComplete (/Users/elvira/Downloads/pets-pr-1/node_modules/.pnpm/nodemailer@7.0.6/node_modules/nodemailer/lib/smtp-connection/index.js:1588:34)
          at SMTPConnection.<anonymous> (/Users/elvira/Downloads/pets-pr-1/node_modules/.pnpm/nodemailer@7.0.6/node_modules/nodemailer/lib/smtp-connection/index.js:556:26)
          at SMTPConnection._processResponse (/Users/elvira/Downloads/pets-pr-1/node_modules/.pnpm/nodemailer@7.0.6/node_modules/nodemailer/lib/smtp-connection/index.js:993:20)
          at SMTPConnection._onData (/Users/elvira/Downloads/pets-pr-1/node_modules/.pnpm/nodemailer@7.0.6/node_modules/nodemailer/lib/smtp-connection/index.js:774:14)
          at TLSSocket.SMTPConnection._onSocketData (/Users/elvira/Downloads/pets-pr-1/node_modules/.pnpm/nodemailer@7.0.6/node_modules/nodemailer/lib/smtp-connection/index.js:195:44)
          at TLSSocket.emit (node:events:508:28)
          at addChunk (node:internal/streams/readable:559:12)
          at readableAddChunkPushByteMode (node:internal/streams/readable:510:3)
          at TLSSocket.Readable.push (node:internal/streams/readable:390:5)
          at TLSWrap.onStreamRead (node:internal/stream_base_commons:189:23) {
        code: 'EAUTH',
        response: '535-5.7.8 Username and Password not accepted. For more information, go to\n' +
          '535 5.7.8  https://support.google.com/mail/?p=BadCredentials 5b1f17b1804b1-46e693bcc2csm42133115e9.12 - gsmtp',
        responseCode: 535,
        command: 'AUTH PLAIN'
      }

      216 |
      217 |   } catch (error) {
    > 218 |     console.error('Email sending error:', error);
          |             ^
      219 |     throw error;
      220 |   }
      221 | };

      at error (src/services/emailService.js:218:13)
      at register (src/controllers/authController.js:73:7)

    console.error
      Email sending error: Error: Invalid login: 535-5.7.8 Username and Password not accepted. For more information, go to
      535 5.7.8  https://support.google.com/mail/?p=BadCredentials 5b1f17b1804b1-46e693bcc2csm42133115e9.12 - gsmtp
          at SMTPConnection._formatError (/Users/elvira/Downloads/pets-pr-1/node_modules/.pnpm/nodemailer@7.0.6/node_modules/nodemailer/lib/smtp-connection/index.js:809:19)
          at SMTPConnection._actionAUTHComplete (/Users/elvira/Downloads/pets-pr-1/node_modules/.pnpm/nodemailer@7.0.6/node_modules/nodemailer/lib/smtp-connection/index.js:1588:34)
          at SMTPConnection.<anonymous> (/Users/elvira/Downloads/pets-pr-1/node_modules/.pnpm/nodemailer@7.0.6/node_modules/nodemailer/lib/smtp-connection/index.js:556:26)
          at SMTPConnection._processResponse (/Users/elvira/Downloads/pets-pr-1/node_modules/.pnpm/nodemailer@7.0.6/node_modules/nodemailer/lib/smtp-connection/index.js:993:20)
          at SMTPConnection._onData (/Users/elvira/Downloads/pets-pr-1/node_modules/.pnpm/nodemailer@7.0.6/node_modules/nodemailer/lib/smtp-connection/index.js:774:14)
          at TLSSocket.SMTPConnection._onSocketData (/Users/elvira/Downloads/pets-pr-1/node_modules/.pnpm/nodemailer@7.0.6/node_modules/nodemailer/lib/smtp-connection/index.js:195:44)
          at TLSSocket.emit (node:events:508:28)
          at addChunk (node:internal/streams/readable:559:12)
          at readableAddChunkPushByteMode (node:internal/streams/readable:510:3)
          at TLSSocket.Readable.push (node:internal/streams/readable:390:5)
          at TLSWrap.onStreamRead (node:internal/stream_base_commons:189:23) {
        code: 'EAUTH',
        response: '535-5.7.8 Username and Password not accepted. For more information, go to\n' +
          '535 5.7.8  https://support.google.com/mail/?p=BadCredentials 5b1f17b1804b1-46e693bcc2csm42133115e9.12 - gsmtp',
        responseCode: 535,
        command: 'AUTH PLAIN'
      }

      81 |       });
      82 |     } catch (emailError) {
    > 83 |       console.error('Email sending error:', emailError);
         |               ^
      84 |       // Don't fail registration if email fails
      85 |     }
      86 |

      at error (src/controllers/authController.js:83:15)

  ● API Contract Integration Tests › User Management Endpoints › PUT /api/users/location › should reject invalid coordinates (400)

    expected 400 "Bad Request", got 500 "Internal Server Error"

      379 |             coordinates: [200, 100] // Invalid coords
      380 |           })
    > 381 |           .expect(400);
          |            ^
      382 |
      383 |         expect(res.body.success).toBe(false);
      384 |       });

      at Object.expect (tests/integration/api-contract.test.js:381:12)
      ----
      at Test._assertStatus (../node_modules/.pnpm/supertest@7.1.4/node_modules/supertest/lib/test.js:309:14)
      at ../node_modules/.pnpm/supertest@7.1.4/node_modules/supertest/lib/test.js:365:13
      at Test._assertFunction (../node_modules/.pnpm/supertest@7.1.4/node_modules/supertest/lib/test.js:342:13)
      at Test.assert (../node_modules/.pnpm/supertest@7.1.4/node_modules/supertest/lib/test.js:195:23)
      at localAssert (../node_modules/.pnpm/supertest@7.1.4/node_modules/supertest/lib/test.js:138:14)
      at Server.<anonymous> (../node_modules/.pnpm/supertest@7.1.4/node_modules/supertest/lib/test.js:152:11)

  ● API Contract Integration Tests › User Management Endpoints › GET /api/users/stats › should get user stats (200)

    expect(received).toHaveProperty(path)

    Expected path: "totalPets"
    Received path: []

    Received value: {"lastActive": "2025-10-02T16:56:54.732Z", "profileViews": 0, "totalLikes": 0, "totalMatches": 0, "totalSwipes": 0}

      393 |
      394 |         expect(res.body.success).toBe(true);
    > 395 |         expect(res.body.data.stats).toHaveProperty('totalPets');
          |                                     ^
      396 |         expect(res.body.data.stats).toHaveProperty('totalMatches');
      397 |       });
      398 |     });

      at Object.toHaveProperty (tests/integration/api-contract.test.js:395:37)

  ● API Contract Integration Tests › Premium Endpoints › GET /api/premium/features › should get premium features list (200)

    expected 200 "OK", got 401 "Unauthorized"

      753 |         const res = await request(app)
      754 |           .get('/api/premium/features')
    > 755 |           .expect(200);
          |            ^
      756 |
      757 |         expect(res.body.success).toBe(true);
      758 |         expect(res.body.data).toHaveProperty('features');

      at Object.expect (tests/integration/api-contract.test.js:755:12)
      ----
      at Test._assertStatus (../node_modules/.pnpm/supertest@7.1.4/node_modules/supertest/lib/test.js:309:14)
      at ../node_modules/.pnpm/supertest@7.1.4/node_modules/supertest/lib/test.js:365:13
      at Test._assertFunction (../node_modules/.pnpm/supertest@7.1.4/node_modules/supertest/lib/test.js:342:13)
      at Test.assert (../node_modules/.pnpm/supertest@7.1.4/node_modules/supertest/lib/test.js:195:23)
      at localAssert (../node_modules/.pnpm/supertest@7.1.4/node_modules/supertest/lib/test.js:138:14)
      at Server.<anonymous> (../node_modules/.pnpm/supertest@7.1.4/node_modules/supertest/lib/test.js:152:11)

  ● API Contract Integration Tests › Premium Endpoints › POST /api/premium/subscribe › should create checkout session with valid plan (200)

    expected 200 "OK", got 400 "Bad Request"

      769 |             interval: 'month'
      770 |           })
    > 771 |           .expect(200);
          |            ^
      772 |
      773 |         expect(res.body.success).toBe(true);
      774 |         expect(res.body.data).toHaveProperty('sessionId');

      at Object.expect (tests/integration/api-contract.test.js:771:12)
      ----
      at Test._assertStatus (../node_modules/.pnpm/supertest@7.1.4/node_modules/supertest/lib/test.js:309:14)
      at ../node_modules/.pnpm/supertest@7.1.4/node_modules/supertest/lib/test.js:365:13
      at Test._assertFunction (../node_modules/.pnpm/supertest@7.1.4/node_modules/supertest/lib/test.js:342:13)
      at Test.assert (../node_modules/.pnpm/supertest@7.1.4/node_modules/supertest/lib/test.js:195:23)
      at localAssert (../node_modules/.pnpm/supertest@7.1.4/node_modules/supertest/lib/test.js:138:14)
      at Server.<anonymous> (../node_modules/.pnpm/supertest@7.1.4/node_modules/supertest/lib/test.js:152:11)

(node:98099) [MONGOOSE] Warning: Duplicate schema index on {"email":1} found. This is often due to declaring an index using both "index: true" and "schema.index()". Please remove the duplicate index definition.
::ffff:127.0.0.1 - - [02/Oct/2025:16:57:13 +0000] "POST /api/auth/register HTTP/1.1" 201 - "-" "-"
::ffff:127.0.0.1 - - [02/Oct/2025:16:57:13 +0000] "POST /api/pets HTTP/1.1" 201 - "-" "-"
::ffff:127.0.0.1 - - [02/Oct/2025:16:57:13 +0000] "POST /api/pets HTTP/1.1" 401 51 "-" "-"
::ffff:127.0.0.1 - - [02/Oct/2025:16:57:13 +0000] "POST /api/pets HTTP/1.1" 400 537 "-" "-"
::ffff:127.0.0.1 - - [02/Oct/2025:16:57:13 +0000] "GET /api/pets/discover HTTP/1.1" 200 109 "-" "-"
::ffff:127.0.0.1 - - [02/Oct/2025:16:57:13 +0000] "GET /api/pets/68deaee96aab338ec136193c HTTP/1.1" 200 - "-" "-"
::ffff:127.0.0.1 - - [02/Oct/2025:16:57:14 +0000] "POST /api/auth/register HTTP/1.1" 201 - "-" "-"
::ffff:127.0.0.1 - - [02/Oct/2025:16:57:14 +0000] "POST /api/pets HTTP/1.1" 201 - "-" "-"
::ffff:127.0.0.1 - - [02/Oct/2025:16:57:14 +0000] "POST /api/pets/68deaeea6aab338ec136194d/swipe HTTP/1.1" 200 125 "-" "-"
::ffff:127.0.0.1 - - [02/Oct/2025:16:57:14 +0000] "POST /api/pets HTTP/1.1" 201 - "-" "-"
::ffff:127.0.0.1 - - [02/Oct/2025:16:57:14 +0000] "POST /api/pets/68deaeea6aab338ec136195c/swipe HTTP/1.1" 200 125 "-" "-"
::ffff:127.0.0.1 - - [02/Oct/2025:16:57:14 +0000] "POST /api/pets/68deaee96aab338ec136193c/swipe HTTP/1.1" 200 - "-" "-"
::ffff:127.0.0.1 - - [02/Oct/2025:16:57:14 +0000] "GET /api/matches HTTP/1.1" 200 - "-" "-"
::ffff:127.0.0.1 - - [02/Oct/2025:16:57:14 +0000] "GET /api/matches HTTP/1.1" 200 - "-" "-"
::ffff:127.0.0.1 - - [02/Oct/2025:16:57:14 +0000] "GET /api/matches/68deaeea6aab338ec1361976 HTTP/1.1" 200 - "-" "-"
PASS tests/e2e/pet-swipe.e2e.test.js
  ● Console

    console.log
      [dotenv@17.2.2] injecting env (14) from .env -- tip: 📡 version env with Radar: https://dotenvx.com/radar

      at _log (../node_modules/.pnpm/dotenv@17.2.2/node_modules/dotenv/lib/main.js:139:11)

    console.log
      🔍 Validating environment variables...

      at log (src/utils/validateEnv.js:24:11)

    console.log
      ✅ test mode - using relaxed validation

      at log (src/utils/validateEnv.js:28:13)

    console.log
      
      📋 Configuration:

      at log (src/utils/validateEnv.js:29:13)

    console.log
        • Node Environment: test

      at log (src/utils/validateEnv.js:30:13)

    console.log
        • Port: 5001

      at log (src/utils/validateEnv.js:31:13)

    console.log
        • Client URL: http://localhost:3000

      at log (src/utils/validateEnv.js:32:13)

    console.log
        • MongoDB: ✓ Configured

      at log (src/utils/validateEnv.js:33:13)

    console.log
        • JWT Secret: ✓ Set

      at log (src/utils/validateEnv.js:34:13)

    console.log


      at log (src/utils/validateEnv.js:35:13)

    console.log
      ✅ WebRTC signaling service initialized

      at Object.log (server.js:244:11)

    console.log
      🗺️ Map socket server initialized

      at Object.log (server.js:256:11)

    console.error
      Email sending error: Error: Invalid login: 535-5.7.8 Username and Password not accepted. For more information, go to
      535 5.7.8  https://support.google.com/mail/?p=BadCredentials ffacd0b85a97d-4255d8f539asm4147249f8f.58 - gsmtp
          at SMTPConnection._formatError (/Users/elvira/Downloads/pets-pr-1/node_modules/.pnpm/nodemailer@7.0.6/node_modules/nodemailer/lib/smtp-connection/index.js:809:19)
          at SMTPConnection._actionAUTHComplete (/Users/elvira/Downloads/pets-pr-1/node_modules/.pnpm/nodemailer@7.0.6/node_modules/nodemailer/lib/smtp-connection/index.js:1588:34)
          at SMTPConnection.<anonymous> (/Users/elvira/Downloads/pets-pr-1/node_modules/.pnpm/nodemailer@7.0.6/node_modules/nodemailer/lib/smtp-connection/index.js:556:26)
          at SMTPConnection._processResponse (/Users/elvira/Downloads/pets-pr-1/node_modules/.pnpm/nodemailer@7.0.6/node_modules/nodemailer/lib/smtp-connection/index.js:993:20)
          at SMTPConnection._onData (/Users/elvira/Downloads/pets-pr-1/node_modules/.pnpm/nodemailer@7.0.6/node_modules/nodemailer/lib/smtp-connection/index.js:774:14)
          at TLSSocket.SMTPConnection._onSocketData (/Users/elvira/Downloads/pets-pr-1/node_modules/.pnpm/nodemailer@7.0.6/node_modules/nodemailer/lib/smtp-connection/index.js:195:44)
          at TLSSocket.emit (node:events:508:28)
          at addChunk (node:internal/streams/readable:559:12)
          at readableAddChunkPushByteMode (node:internal/streams/readable:510:3)
          at TLSSocket.Readable.push (node:internal/streams/readable:390:5)
          at TLSWrap.onStreamRead (node:internal/stream_base_commons:189:23) {
        code: 'EAUTH',
        response: '535-5.7.8 Username and Password not accepted. For more information, go to\n' +
          '535 5.7.8  https://support.google.com/mail/?p=BadCredentials ffacd0b85a97d-4255d8f539asm4147249f8f.58 - gsmtp',
        responseCode: 535,
        command: 'AUTH PLAIN'
      }

      216 |
      217 |   } catch (error) {
    > 218 |     console.error('Email sending error:', error);
          |             ^
      219 |     throw error;
      220 |   }
      221 | };

      at error (src/services/emailService.js:218:13)
      at register (src/controllers/authController.js:73:7)

    console.error
      Email sending error: Error: Invalid login: 535-5.7.8 Username and Password not accepted. For more information, go to
      535 5.7.8  https://support.google.com/mail/?p=BadCredentials ffacd0b85a97d-4255d8f539asm4147249f8f.58 - gsmtp
          at SMTPConnection._formatError (/Users/elvira/Downloads/pets-pr-1/node_modules/.pnpm/nodemailer@7.0.6/node_modules/nodemailer/lib/smtp-connection/index.js:809:19)
          at SMTPConnection._actionAUTHComplete (/Users/elvira/Downloads/pets-pr-1/node_modules/.pnpm/nodemailer@7.0.6/node_modules/nodemailer/lib/smtp-connection/index.js:1588:34)
          at SMTPConnection.<anonymous> (/Users/elvira/Downloads/pets-pr-1/node_modules/.pnpm/nodemailer@7.0.6/node_modules/nodemailer/lib/smtp-connection/index.js:556:26)
          at SMTPConnection._processResponse (/Users/elvira/Downloads/pets-pr-1/node_modules/.pnpm/nodemailer@7.0.6/node_modules/nodemailer/lib/smtp-connection/index.js:993:20)
          at SMTPConnection._onData (/Users/elvira/Downloads/pets-pr-1/node_modules/.pnpm/nodemailer@7.0.6/node_modules/nodemailer/lib/smtp-connection/index.js:774:14)
          at TLSSocket.SMTPConnection._onSocketData (/Users/elvira/Downloads/pets-pr-1/node_modules/.pnpm/nodemailer@7.0.6/node_modules/nodemailer/lib/smtp-connection/index.js:195:44)
          at TLSSocket.emit (node:events:508:28)
          at addChunk (node:internal/streams/readable:559:12)
          at readableAddChunkPushByteMode (node:internal/streams/readable:510:3)
          at TLSSocket.Readable.push (node:internal/streams/readable:390:5)
          at TLSWrap.onStreamRead (node:internal/stream_base_commons:189:23) {
        code: 'EAUTH',
        response: '535-5.7.8 Username and Password not accepted. For more information, go to\n' +
          '535 5.7.8  https://support.google.com/mail/?p=BadCredentials ffacd0b85a97d-4255d8f539asm4147249f8f.58 - gsmtp',
        responseCode: 535,
        command: 'AUTH PLAIN'
      }

      81 |       });
      82 |     } catch (emailError) {
    > 83 |       console.error('Email sending error:', emailError);
         |               ^
      84 |       // Don't fail registration if email fails
      85 |     }
      86 |

      at error (src/controllers/authController.js:83:15)

    console.error
      Email sending error: Error: Invalid login: 535-5.7.8 Username and Password not accepted. For more information, go to
      535 5.7.8  https://support.google.com/mail/?p=BadCredentials 5b1f17b1804b1-46e619b86e1sm86942125e9.5 - gsmtp
          at SMTPConnection._formatError (/Users/elvira/Downloads/pets-pr-1/node_modules/.pnpm/nodemailer@7.0.6/node_modules/nodemailer/lib/smtp-connection/index.js:809:19)
          at SMTPConnection._actionAUTHComplete (/Users/elvira/Downloads/pets-pr-1/node_modules/.pnpm/nodemailer@7.0.6/node_modules/nodemailer/lib/smtp-connection/index.js:1588:34)
          at SMTPConnection.<anonymous> (/Users/elvira/Downloads/pets-pr-1/node_modules/.pnpm/nodemailer@7.0.6/node_modules/nodemailer/lib/smtp-connection/index.js:556:26)
          at SMTPConnection._processResponse (/Users/elvira/Downloads/pets-pr-1/node_modules/.pnpm/nodemailer@7.0.6/node_modules/nodemailer/lib/smtp-connection/index.js:993:20)
          at SMTPConnection._onData (/Users/elvira/Downloads/pets-pr-1/node_modules/.pnpm/nodemailer@7.0.6/node_modules/nodemailer/lib/smtp-connection/index.js:774:14)
          at TLSSocket.SMTPConnection._onSocketData (/Users/elvira/Downloads/pets-pr-1/node_modules/.pnpm/nodemailer@7.0.6/node_modules/nodemailer/lib/smtp-connection/index.js:195:44)
          at TLSSocket.emit (node:events:508:28)
          at addChunk (node:internal/streams/readable:559:12)
          at readableAddChunkPushByteMode (node:internal/streams/readable:510:3)
          at TLSSocket.Readable.push (node:internal/streams/readable:390:5)
          at TLSWrap.onStreamRead (node:internal/stream_base_commons:189:23) {
        code: 'EAUTH',
        response: '535-5.7.8 Username and Password not accepted. For more information, go to\n' +
          '535 5.7.8  https://support.google.com/mail/?p=BadCredentials 5b1f17b1804b1-46e619b86e1sm86942125e9.5 - gsmtp',
        responseCode: 535,
        command: 'AUTH PLAIN'
      }

      216 |
      217 |   } catch (error) {
    > 218 |     console.error('Email sending error:', error);
          |             ^
      219 |     throw error;
      220 |   }
      221 | };

      at error (src/services/emailService.js:218:13)
      at register (src/controllers/authController.js:73:7)

    console.error
      Email sending error: Error: Invalid login: 535-5.7.8 Username and Password not accepted. For more information, go to
      535 5.7.8  https://support.google.com/mail/?p=BadCredentials 5b1f17b1804b1-46e619b86e1sm86942125e9.5 - gsmtp
          at SMTPConnection._formatError (/Users/elvira/Downloads/pets-pr-1/node_modules/.pnpm/nodemailer@7.0.6/node_modules/nodemailer/lib/smtp-connection/index.js:809:19)
          at SMTPConnection._actionAUTHComplete (/Users/elvira/Downloads/pets-pr-1/node_modules/.pnpm/nodemailer@7.0.6/node_modules/nodemailer/lib/smtp-connection/index.js:1588:34)
          at SMTPConnection.<anonymous> (/Users/elvira/Downloads/pets-pr-1/node_modules/.pnpm/nodemailer@7.0.6/node_modules/nodemailer/lib/smtp-connection/index.js:556:26)
          at SMTPConnection._processResponse (/Users/elvira/Downloads/pets-pr-1/node_modules/.pnpm/nodemailer@7.0.6/node_modules/nodemailer/lib/smtp-connection/index.js:993:20)
          at SMTPConnection._onData (/Users/elvira/Downloads/pets-pr-1/node_modules/.pnpm/nodemailer@7.0.6/node_modules/nodemailer/lib/smtp-connection/index.js:774:14)
          at TLSSocket.SMTPConnection._onSocketData (/Users/elvira/Downloads/pets-pr-1/node_modules/.pnpm/nodemailer@7.0.6/node_modules/nodemailer/lib/smtp-connection/index.js:195:44)
          at TLSSocket.emit (node:events:508:28)
          at addChunk (node:internal/streams/readable:559:12)
          at readableAddChunkPushByteMode (node:internal/streams/readable:510:3)
          at TLSSocket.Readable.push (node:internal/streams/readable:390:5)
          at TLSWrap.onStreamRead (node:internal/stream_base_commons:189:23) {
        code: 'EAUTH',
        response: '535-5.7.8 Username and Password not accepted. For more information, go to\n' +
          '535 5.7.8  https://support.google.com/mail/?p=BadCredentials 5b1f17b1804b1-46e619b86e1sm86942125e9.5 - gsmtp',
        responseCode: 535,
        command: 'AUTH PLAIN'
      }

      81 |       });
      82 |     } catch (emailError) {
    > 83 |       console.error('Email sending error:', emailError);
         |               ^
      84 |       // Don't fail registration if email fails
      85 |     }
      86 |

      at error (src/controllers/authController.js:83:15)

    console.error
      Compatibility analysis error: AxiosError {
        code: 'ECONNREFUSED',
        errors: [
          Error: connect ECONNREFUSED ::1:8000
              at createConnectionError (node:net:1678:14)
              at afterConnectMultiple (node:net:1708:16) {
            errno: -61,
            code: 'ECONNREFUSED',
            syscall: 'connect',
            address: '::1',
            port: 8000
          },
          Error: connect ECONNREFUSED 127.0.0.1:8000
              at createConnectionError (node:net:1678:14)
              at afterConnectMultiple (node:net:1708:16) {
            errno: -61,
            code: 'ECONNREFUSED',
            syscall: 'connect',
            address: '127.0.0.1',
            port: 8000
          }
        ],
        message: 'Error',
        name: 'AggregateError',
        config: {
          transitional: {
            silentJSONParsing: true,
            forcedJSONParsing: true,
            clarifyTimeoutError: false
          },
          adapter: [ 'xhr', 'http', 'fetch' ],
          transformRequest: [ [Function: transformRequest] ],
          transformResponse: [ [Function: transformResponse] ],
          timeout: 3000,
          xsrfCookieName: 'XSRF-TOKEN',
          xsrfHeaderName: 'X-XSRF-TOKEN',
          maxContentLength: -1,
          maxBodyLength: -1,
          env: { FormData: [Function [FormData]], Blob: [class Blob] },
          validateStatus: [Function: validateStatus],
          headers: Object [AxiosHeaders] {
            Accept: 'application/json, text/plain, */*',
            'Content-Type': 'application/json',
            'User-Agent': 'axios/1.12.2',
            'Content-Length': '291',
            'Accept-Encoding': 'gzip, compress, deflate, br'
          },
          method: 'post',
          url: 'http://localhost:8000/api/compatibility',
          data: '{"pet1":{"id":"68deaeea6aab338ec136194d","species":"dog","breed":"Labrador","age":2,"size":"large","personality_tags":[],"intent":"playdate"},"pet2":{"id":"68deaee96aab338ec136193c","species":"dog","breed":"Golden Retriever","age":3,"size":"large","personality_tags":[],"intent":"playdate"}}',
          allowAbsoluteUrls: true
        },
        request: <ref *1> Writable {
          _events: {
            close: undefined,
            error: [Function: handleRequestError],
            prefinish: undefined,
            finish: undefined,
            drain: undefined,
            response: [Function: handleResponse],
            socket: [Array],
            timeout: undefined,
            abort: undefined
          },
          _writableState: WritableState {
            highWaterMark: 65536,
            length: 0,
            corked: 0,
            onwrite: [Function: bound onwrite],
            writelen: 0,
            bufferedIndex: 0,
            pendingcb: 0,
            Symbol(kState): 17580812,
            Symbol(kBufferedValue): null
          },
          _maxListeners: undefined,
          _options: {
            maxRedirects: 21,
            maxBodyLength: Infinity,
            protocol: 'http:',
            path: '/api/compatibility',
            method: 'POST',
            headers: [Object: null prototype],
            agents: [Object],
            auth: undefined,
            family: undefined,
            beforeRedirect: [Function: dispatchBeforeRedirect],
            beforeRedirects: [Object],
            hostname: 'localhost',
            port: '8000',
            agent: undefined,
            nativeProtocols: [Object],
            pathname: '/api/compatibility'
          },
          _ended: false,
          _ending: true,
          _redirectCount: 0,
          _redirects: [],
          _requestBodyLength: 291,
          _requestBodyBuffers: [ [Object] ],
          _eventsCount: 3,
          _onNativeResponse: [Function (anonymous)],
          _currentRequest: ClientRequest {
            _events: [Object: null prototype],
            _eventsCount: 7,
            _maxListeners: undefined,
            outputData: [],
            outputSize: 0,
            writable: true,
            destroyed: false,
            _last: false,
            chunkedEncoding: false,
            shouldKeepAlive: true,
            maxRequestsOnConnectionReached: false,
            _defaultKeepAlive: true,
            useChunkedEncodingByDefault: true,
            sendDate: false,
            _removedConnection: false,
            _removedContLen: false,
            _removedTE: false,
            strictContentLength: false,
            _contentLength: 291,
            _hasBody: true,
            _trailer: '',
            finished: false,
            _headerSent: true,
            _closed: false,
            _header: 'POST /api/compatibility HTTP/1.1\r\n' +
              'Accept: application/json, text/plain, */*\r\n' +
              'Content-Type: application/json\r\n' +
              'User-Agent: axios/1.12.2\r\n' +
              'Content-Length: 291\r\n' +
              'Accept-Encoding: gzip, compress, deflate, br\r\n' +
              'Host: localhost:8000\r\n' +
              'Connection: keep-alive\r\n' +
              '\r\n',
            _keepAliveTimeout: 0,
            _onPendingData: [Function: nop],
            agent: [Agent],
            socketPath: undefined,
            method: 'POST',
            maxHeaderSize: undefined,
            insecureHTTPParser: undefined,
            joinDuplicateHeaders: undefined,
            path: '/api/compatibility',
            _ended: false,
            res: null,
            aborted: false,
            timeoutCb: [Function: emitRequestTimeout],
            upgradeOrConnect: false,
            parser: null,
            maxHeadersCount: null,
            reusedSocket: false,
            host: 'localhost',
            protocol: 'http:',
            _redirectable: [Circular *1],
            Symbol(shapeMode): false,
            Symbol(kCapture): false,
            Symbol(kBytesWritten): 0,
            Symbol(kNeedDrain): false,
            Symbol(corked): 0,
            Symbol(kChunkedBuffer): [],
            Symbol(kChunkedLength): 0,
            Symbol(kSocket): [Socket],
            Symbol(kOutHeaders): [Object: null prototype],
            Symbol(errored): null,
            Symbol(kHighWaterMark): 65536,
            Symbol(kRejectNonStandardBodyWrites): false,
            Symbol(kUniqueHeaders): null
          },
          _currentUrl: 'http://localhost:8000/api/compatibility',
          _timeout: null,
          Symbol(shapeMode): true,
          Symbol(kCapture): false
        }
      }

      266 |
      267 |   } catch (error) {
    > 268 |     console.error('Compatibility analysis error:', error);
          |             ^
      269 |     
      270 |     // Fallback compatibility check
      271 |     const pet1 = await Pet.findById(pet1Id);

      at error (src/services/aiService.js:268:13)
      at swipePet (src/controllers/petController.js:319:37)

(node:98099) [MONGOOSE] Warning: Duplicate schema index on {"email":1} found. This is often due to declaring an index using both "index: true" and "schema.index()". Please remove the duplicate index definition.
(node:98099) [MONGODB DRIVER] Warning: useNewUrlParser is a deprecated option: useNewUrlParser has no effect since Node.js Driver version 4.0.0 and will be removed in the next major version
(node:98099) [MONGODB DRIVER] Warning: useUnifiedTopology is a deprecated option: useUnifiedTopology has no effect since Node.js Driver version 4.0.0 and will be removed in the next major version
::ffff:127.0.0.1 - - [02/Oct/2025:16:57:16 +0000] "POST /api/auth/register HTTP/1.1" 201 - "-" "-"
::ffff:127.0.0.1 - - [02/Oct/2025:16:57:17 +0000] "POST /api/auth/register HTTP/1.1" 201 - "-" "-"
::ffff:127.0.0.1 - - [02/Oct/2025:16:57:17 +0000] "POST /api/auth/register HTTP/1.1" 400 65 "-" "-"
::ffff:127.0.0.1 - - [02/Oct/2025:16:57:18 +0000] "POST /api/auth/login HTTP/1.1" 200 - "-" "-"
::ffff:127.0.0.1 - - [02/Oct/2025:16:57:18 +0000] "POST /api/auth/login HTTP/1.1" 401 49 "-" "-"
::ffff:127.0.0.1 - - [02/Oct/2025:16:57:18 +0000] "POST /api/auth/login HTTP/1.1" 401 49 "-" "-"
PASS tests/auth.routes.test.js
  ● Console

    console.log
      [dotenv@17.2.2] injecting env (16) from .env -- tip: ⚙️  load multiple .env files with { path: ['.env.local', '.env'] }

      at _log (../node_modules/.pnpm/dotenv@17.2.2/node_modules/dotenv/lib/main.js:139:11)

    console.log
      🔍 Validating environment variables...

      at log (src/utils/validateEnv.js:24:11)

    console.log
      ✅ test mode - using relaxed validation

      at log (src/utils/validateEnv.js:28:13)

    console.log
      
      📋 Configuration:

      at log (src/utils/validateEnv.js:29:13)

    console.log
        • Node Environment: test

      at log (src/utils/validateEnv.js:30:13)

    console.log
        • Port: 5001

      at log (src/utils/validateEnv.js:31:13)

    console.log
        • Client URL: http://localhost:3000

      at log (src/utils/validateEnv.js:32:13)

    console.log
        • MongoDB: ✓ Configured

      at log (src/utils/validateEnv.js:33:13)

    console.log
        • JWT Secret: ✓ Set

      at log (src/utils/validateEnv.js:34:13)

    console.log


      at log (src/utils/validateEnv.js:35:13)

    console.log
      ✅ WebRTC signaling service initialized

      at Object.log (server.js:244:11)

    console.log
      🗺️ Map socket server initialized

      at Object.log (server.js:256:11)

    console.error
      Email sending error: Error: Invalid login: 535-5.7.8 Username and Password not accepted. For more information, go to
      535 5.7.8  https://support.google.com/mail/?p=BadCredentials ffacd0b85a97d-4255d8abe49sm4415389f8f.21 - gsmtp
          at SMTPConnection._formatError (/Users/elvira/Downloads/pets-pr-1/node_modules/.pnpm/nodemailer@7.0.6/node_modules/nodemailer/lib/smtp-connection/index.js:809:19)
          at SMTPConnection._actionAUTHComplete (/Users/elvira/Downloads/pets-pr-1/node_modules/.pnpm/nodemailer@7.0.6/node_modules/nodemailer/lib/smtp-connection/index.js:1588:34)
          at SMTPConnection.<anonymous> (/Users/elvira/Downloads/pets-pr-1/node_modules/.pnpm/nodemailer@7.0.6/node_modules/nodemailer/lib/smtp-connection/index.js:556:26)
          at SMTPConnection._processResponse (/Users/elvira/Downloads/pets-pr-1/node_modules/.pnpm/nodemailer@7.0.6/node_modules/nodemailer/lib/smtp-connection/index.js:993:20)
          at SMTPConnection._onData (/Users/elvira/Downloads/pets-pr-1/node_modules/.pnpm/nodemailer@7.0.6/node_modules/nodemailer/lib/smtp-connection/index.js:774:14)
          at TLSSocket.SMTPConnection._onSocketData (/Users/elvira/Downloads/pets-pr-1/node_modules/.pnpm/nodemailer@7.0.6/node_modules/nodemailer/lib/smtp-connection/index.js:195:44)
          at TLSSocket.emit (node:events:508:28)
          at addChunk (node:internal/streams/readable:559:12)
          at readableAddChunkPushByteMode (node:internal/streams/readable:510:3)
          at TLSSocket.Readable.push (node:internal/streams/readable:390:5)
          at TLSWrap.onStreamRead (node:internal/stream_base_commons:189:23) {
        code: 'EAUTH',
        response: '535-5.7.8 Username and Password not accepted. For more information, go to\n' +
          '535 5.7.8  https://support.google.com/mail/?p=BadCredentials ffacd0b85a97d-4255d8abe49sm4415389f8f.21 - gsmtp',
        responseCode: 535,
        command: 'AUTH PLAIN'
      }

      216 |
      217 |   } catch (error) {
    > 218 |     console.error('Email sending error:', error);
          |             ^
      219 |     throw error;
      220 |   }
      221 | };

      at error (src/services/emailService.js:218:13)
      at register (src/controllers/authController.js:73:7)

    console.error
      Email sending error: Error: Invalid login: 535-5.7.8 Username and Password not accepted. For more information, go to
      535 5.7.8  https://support.google.com/mail/?p=BadCredentials ffacd0b85a97d-4255d8abe49sm4415389f8f.21 - gsmtp
          at SMTPConnection._formatError (/Users/elvira/Downloads/pets-pr-1/node_modules/.pnpm/nodemailer@7.0.6/node_modules/nodemailer/lib/smtp-connection/index.js:809:19)
          at SMTPConnection._actionAUTHComplete (/Users/elvira/Downloads/pets-pr-1/node_modules/.pnpm/nodemailer@7.0.6/node_modules/nodemailer/lib/smtp-connection/index.js:1588:34)
          at SMTPConnection.<anonymous> (/Users/elvira/Downloads/pets-pr-1/node_modules/.pnpm/nodemailer@7.0.6/node_modules/nodemailer/lib/smtp-connection/index.js:556:26)
          at SMTPConnection._processResponse (/Users/elvira/Downloads/pets-pr-1/node_modules/.pnpm/nodemailer@7.0.6/node_modules/nodemailer/lib/smtp-connection/index.js:993:20)
          at SMTPConnection._onData (/Users/elvira/Downloads/pets-pr-1/node_modules/.pnpm/nodemailer@7.0.6/node_modules/nodemailer/lib/smtp-connection/index.js:774:14)
          at TLSSocket.SMTPConnection._onSocketData (/Users/elvira/Downloads/pets-pr-1/node_modules/.pnpm/nodemailer@7.0.6/node_modules/nodemailer/lib/smtp-connection/index.js:195:44)
          at TLSSocket.emit (node:events:508:28)
          at addChunk (node:internal/streams/readable:559:12)
          at readableAddChunkPushByteMode (node:internal/streams/readable:510:3)
          at TLSSocket.Readable.push (node:internal/streams/readable:390:5)
          at TLSWrap.onStreamRead (node:internal/stream_base_commons:189:23) {
        code: 'EAUTH',
        response: '535-5.7.8 Username and Password not accepted. For more information, go to\n' +
          '535 5.7.8  https://support.google.com/mail/?p=BadCredentials ffacd0b85a97d-4255d8abe49sm4415389f8f.21 - gsmtp',
        responseCode: 535,
        command: 'AUTH PLAIN'
      }

      81 |       });
      82 |     } catch (emailError) {
    > 83 |       console.error('Email sending error:', emailError);
         |               ^
      84 |       // Don't fail registration if email fails
      85 |     }
      86 |

      at error (src/controllers/authController.js:83:15)

    console.error
      Email sending error: Error: Invalid login: 535-5.7.8 Username and Password not accepted. For more information, go to
      535 5.7.8  https://support.google.com/mail/?p=BadCredentials ffacd0b85a97d-4255d8f083asm4322475f8f.43 - gsmtp
          at SMTPConnection._formatError (/Users/elvira/Downloads/pets-pr-1/node_modules/.pnpm/nodemailer@7.0.6/node_modules/nodemailer/lib/smtp-connection/index.js:809:19)
          at SMTPConnection._actionAUTHComplete (/Users/elvira/Downloads/pets-pr-1/node_modules/.pnpm/nodemailer@7.0.6/node_modules/nodemailer/lib/smtp-connection/index.js:1588:34)
          at SMTPConnection.<anonymous> (/Users/elvira/Downloads/pets-pr-1/node_modules/.pnpm/nodemailer@7.0.6/node_modules/nodemailer/lib/smtp-connection/index.js:556:26)
          at SMTPConnection._processResponse (/Users/elvira/Downloads/pets-pr-1/node_modules/.pnpm/nodemailer@7.0.6/node_modules/nodemailer/lib/smtp-connection/index.js:993:20)
          at SMTPConnection._onData (/Users/elvira/Downloads/pets-pr-1/node_modules/.pnpm/nodemailer@7.0.6/node_modules/nodemailer/lib/smtp-connection/index.js:774:14)
          at TLSSocket.SMTPConnection._onSocketData (/Users/elvira/Downloads/pets-pr-1/node_modules/.pnpm/nodemailer@7.0.6/node_modules/nodemailer/lib/smtp-connection/index.js:195:44)
          at TLSSocket.emit (node:events:508:28)
          at addChunk (node:internal/streams/readable:559:12)
          at readableAddChunkPushByteMode (node:internal/streams/readable:510:3)
          at TLSSocket.Readable.push (node:internal/streams/readable:390:5)
          at TLSWrap.onStreamRead (node:internal/stream_base_commons:189:23) {
        code: 'EAUTH',
        response: '535-5.7.8 Username and Password not accepted. For more information, go to\n' +
          '535 5.7.8  https://support.google.com/mail/?p=BadCredentials ffacd0b85a97d-4255d8f083asm4322475f8f.43 - gsmtp',
        responseCode: 535,
        command: 'AUTH PLAIN'
      }

      216 |
      217 |   } catch (error) {
    > 218 |     console.error('Email sending error:', error);
          |             ^
      219 |     throw error;
      220 |   }
      221 | };

      at error (src/services/emailService.js:218:13)
      at register (src/controllers/authController.js:73:7)

    console.error
      Email sending error: Error: Invalid login: 535-5.7.8 Username and Password not accepted. For more information, go to
      535 5.7.8  https://support.google.com/mail/?p=BadCredentials ffacd0b85a97d-4255d8f083asm4322475f8f.43 - gsmtp
          at SMTPConnection._formatError (/Users/elvira/Downloads/pets-pr-1/node_modules/.pnpm/nodemailer@7.0.6/node_modules/nodemailer/lib/smtp-connection/index.js:809:19)
          at SMTPConnection._actionAUTHComplete (/Users/elvira/Downloads/pets-pr-1/node_modules/.pnpm/nodemailer@7.0.6/node_modules/nodemailer/lib/smtp-connection/index.js:1588:34)
          at SMTPConnection.<anonymous> (/Users/elvira/Downloads/pets-pr-1/node_modules/.pnpm/nodemailer@7.0.6/node_modules/nodemailer/lib/smtp-connection/index.js:556:26)
          at SMTPConnection._processResponse (/Users/elvira/Downloads/pets-pr-1/node_modules/.pnpm/nodemailer@7.0.6/node_modules/nodemailer/lib/smtp-connection/index.js:993:20)
          at SMTPConnection._onData (/Users/elvira/Downloads/pets-pr-1/node_modules/.pnpm/nodemailer@7.0.6/node_modules/nodemailer/lib/smtp-connection/index.js:774:14)
          at TLSSocket.SMTPConnection._onSocketData (/Users/elvira/Downloads/pets-pr-1/node_modules/.pnpm/nodemailer@7.0.6/node_modules/nodemailer/lib/smtp-connection/index.js:195:44)
          at TLSSocket.emit (node:events:508:28)
          at addChunk (node:internal/streams/readable:559:12)
          at readableAddChunkPushByteMode (node:internal/streams/readable:510:3)
          at TLSSocket.Readable.push (node:internal/streams/readable:390:5)
          at TLSWrap.onStreamRead (node:internal/stream_base_commons:189:23) {
        code: 'EAUTH',
        response: '535-5.7.8 Username and Password not accepted. For more information, go to\n' +
          '535 5.7.8  https://support.google.com/mail/?p=BadCredentials ffacd0b85a97d-4255d8f083asm4322475f8f.43 - gsmtp',
        responseCode: 535,
        command: 'AUTH PLAIN'
      }

      81 |       });
      82 |     } catch (emailError) {
    > 83 |       console.error('Email sending error:', emailError);
         |               ^
      84 |       // Don't fail registration if email fails
      85 |     }
      86 |

      at error (src/controllers/authController.js:83:15)

(node:98099) [MONGOOSE] Warning: Duplicate schema index on {"email":1} found. This is often due to declaring an index using both "index: true" and "schema.index()". Please remove the duplicate index definition.
::ffff:127.0.0.1 - - [02/Oct/2025:16:57:20 +0000] "POST /api/auth/register HTTP/1.1" 201 - "-" "-"
::ffff:127.0.0.1 - - [02/Oct/2025:16:57:20 +0000] "POST /api/auth/register HTTP/1.1" 400 65 "-" "-"
::ffff:127.0.0.1 - - [02/Oct/2025:16:57:20 +0000] "POST /api/auth/register HTTP/1.1" 400 136 "-" "-"
::ffff:127.0.0.1 - - [02/Oct/2025:16:57:20 +0000] "POST /api/auth/register HTTP/1.1" 400 144 "-" "-"
::ffff:127.0.0.1 - - [02/Oct/2025:16:57:20 +0000] "POST /api/auth/register HTTP/1.1" 201 - "-" "-"
::ffff:127.0.0.1 - - [02/Oct/2025:16:57:20 +0000] "POST /api/auth/login HTTP/1.1" 200 - "-" "-"
::ffff:127.0.0.1 - - [02/Oct/2025:16:57:21 +0000] "POST /api/auth/login HTTP/1.1" 401 49 "-" "-"
::ffff:127.0.0.1 - - [02/Oct/2025:16:57:21 +0000] "POST /api/auth/login HTTP/1.1" 401 49 "-" "-"
::ffff:127.0.0.1 - - [02/Oct/2025:16:57:21 +0000] "POST /api/auth/register HTTP/1.1" 201 - "-" "-"
::ffff:127.0.0.1 - - [02/Oct/2025:16:57:21 +0000] "GET /api/auth/me HTTP/1.1" 200 987 "-" "-"
::ffff:127.0.0.1 - - [02/Oct/2025:16:57:21 +0000] "GET /api/auth/me HTTP/1.1" 401 51 "-" "-"
::ffff:127.0.0.1 - - [02/Oct/2025:16:57:21 +0000] "GET /api/auth/me HTTP/1.1" 401 43 "-" "-"
::ffff:127.0.0.1 - - [02/Oct/2025:16:57:21 +0000] "POST /api/auth/login HTTP/1.1" 401 49 "-" "-"
::ffff:127.0.0.1 - - [02/Oct/2025:16:57:21 +0000] "POST /api/auth/login HTTP/1.1" 401 49 "-" "-"
::ffff:127.0.0.1 - - [02/Oct/2025:16:57:21 +0000] "POST /api/auth/login HTTP/1.1" 401 49 "-" "-"
::ffff:127.0.0.1 - - [02/Oct/2025:16:57:21 +0000] "POST /api/auth/login HTTP/1.1" 401 49 "-" "-"
::ffff:127.0.0.1 - - [02/Oct/2025:16:57:21 +0000] "POST /api/auth/login HTTP/1.1" 401 49 "-" "-"
::ffff:127.0.0.1 - - [02/Oct/2025:16:57:21 +0000] "POST /api/auth/login HTTP/1.1" 401 49 "-" "-"
PASS tests/e2e/auth.e2e.test.js
  ● Console

    console.log
      [dotenv@17.2.2] injecting env (14) from .env -- tip: ⚙️  specify custom .env file path with { path: '/custom/path/.env' }

      at _log (../node_modules/.pnpm/dotenv@17.2.2/node_modules/dotenv/lib/main.js:139:11)

    console.log
      🔍 Validating environment variables...

      at log (src/utils/validateEnv.js:24:11)

    console.log
      ✅ test mode - using relaxed validation

      at log (src/utils/validateEnv.js:28:13)

    console.log
      
      📋 Configuration:

      at log (src/utils/validateEnv.js:29:13)

    console.log
        • Node Environment: test

      at log (src/utils/validateEnv.js:30:13)

    console.log
        • Port: 5001

      at log (src/utils/validateEnv.js:31:13)

    console.log
        • Client URL: http://localhost:3000

      at log (src/utils/validateEnv.js:32:13)

    console.log
        • MongoDB: ✓ Configured

      at log (src/utils/validateEnv.js:33:13)

    console.log
        • JWT Secret: ✓ Set

      at log (src/utils/validateEnv.js:34:13)

    console.log


      at log (src/utils/validateEnv.js:35:13)

    console.log
      ✅ WebRTC signaling service initialized

      at Object.log (server.js:244:11)

    console.log
      🗺️ Map socket server initialized

      at Object.log (server.js:256:11)

    console.error
      Email sending error: Error: Invalid login: 535-5.7.8 Username and Password not accepted. For more information, go to
      535 5.7.8  https://support.google.com/mail/?p=BadCredentials 5b1f17b1804b1-46e619c3b75sm87378665e9.7 - gsmtp
          at SMTPConnection._formatError (/Users/elvira/Downloads/pets-pr-1/node_modules/.pnpm/nodemailer@7.0.6/node_modules/nodemailer/lib/smtp-connection/index.js:809:19)
          at SMTPConnection._actionAUTHComplete (/Users/elvira/Downloads/pets-pr-1/node_modules/.pnpm/nodemailer@7.0.6/node_modules/nodemailer/lib/smtp-connection/index.js:1588:34)
          at SMTPConnection.<anonymous> (/Users/elvira/Downloads/pets-pr-1/node_modules/.pnpm/nodemailer@7.0.6/node_modules/nodemailer/lib/smtp-connection/index.js:556:26)
          at SMTPConnection._processResponse (/Users/elvira/Downloads/pets-pr-1/node_modules/.pnpm/nodemailer@7.0.6/node_modules/nodemailer/lib/smtp-connection/index.js:993:20)
          at SMTPConnection._onData (/Users/elvira/Downloads/pets-pr-1/node_modules/.pnpm/nodemailer@7.0.6/node_modules/nodemailer/lib/smtp-connection/index.js:774:14)
          at TLSSocket.SMTPConnection._onSocketData (/Users/elvira/Downloads/pets-pr-1/node_modules/.pnpm/nodemailer@7.0.6/node_modules/nodemailer/lib/smtp-connection/index.js:195:44)
          at TLSSocket.emit (node:events:508:28)
          at addChunk (node:internal/streams/readable:559:12)
          at readableAddChunkPushByteMode (node:internal/streams/readable:510:3)
          at TLSSocket.Readable.push (node:internal/streams/readable:390:5)
          at TLSWrap.onStreamRead (node:internal/stream_base_commons:189:23) {
        code: 'EAUTH',
        response: '535-5.7.8 Username and Password not accepted. For more information, go to\n' +
          '535 5.7.8  https://support.google.com/mail/?p=BadCredentials 5b1f17b1804b1-46e619c3b75sm87378665e9.7 - gsmtp',
        responseCode: 535,
        command: 'AUTH PLAIN'
      }

      216 |
      217 |   } catch (error) {
    > 218 |     console.error('Email sending error:', error);
          |             ^
      219 |     throw error;
      220 |   }
      221 | };

      at error (src/services/emailService.js:218:13)
      at register (src/controllers/authController.js:73:7)

    console.error
      Email sending error: Error: Invalid login: 535-5.7.8 Username and Password not accepted. For more information, go to
      535 5.7.8  https://support.google.com/mail/?p=BadCredentials 5b1f17b1804b1-46e619c3b75sm87378665e9.7 - gsmtp
          at SMTPConnection._formatError (/Users/elvira/Downloads/pets-pr-1/node_modules/.pnpm/nodemailer@7.0.6/node_modules/nodemailer/lib/smtp-connection/index.js:809:19)
          at SMTPConnection._actionAUTHComplete (/Users/elvira/Downloads/pets-pr-1/node_modules/.pnpm/nodemailer@7.0.6/node_modules/nodemailer/lib/smtp-connection/index.js:1588:34)
          at SMTPConnection.<anonymous> (/Users/elvira/Downloads/pets-pr-1/node_modules/.pnpm/nodemailer@7.0.6/node_modules/nodemailer/lib/smtp-connection/index.js:556:26)
          at SMTPConnection._processResponse (/Users/elvira/Downloads/pets-pr-1/node_modules/.pnpm/nodemailer@7.0.6/node_modules/nodemailer/lib/smtp-connection/index.js:993:20)
          at SMTPConnection._onData (/Users/elvira/Downloads/pets-pr-1/node_modules/.pnpm/nodemailer@7.0.6/node_modules/nodemailer/lib/smtp-connection/index.js:774:14)
          at TLSSocket.SMTPConnection._onSocketData (/Users/elvira/Downloads/pets-pr-1/node_modules/.pnpm/nodemailer@7.0.6/node_modules/nodemailer/lib/smtp-connection/index.js:195:44)
          at TLSSocket.emit (node:events:508:28)
          at addChunk (node:internal/streams/readable:559:12)
          at readableAddChunkPushByteMode (node:internal/streams/readable:510:3)
          at TLSSocket.Readable.push (node:internal/streams/readable:390:5)
          at TLSWrap.onStreamRead (node:internal/stream_base_commons:189:23) {
        code: 'EAUTH',
        response: '535-5.7.8 Username and Password not accepted. For more information, go to\n' +
          '535 5.7.8  https://support.google.com/mail/?p=BadCredentials 5b1f17b1804b1-46e619c3b75sm87378665e9.7 - gsmtp',
        responseCode: 535,
        command: 'AUTH PLAIN'
      }

      81 |       });
      82 |     } catch (emailError) {
    > 83 |       console.error('Email sending error:', emailError);
         |               ^
      84 |       // Don't fail registration if email fails
      85 |     }
      86 |

      at error (src/controllers/authController.js:83:15)

    console.error
      Email sending error: Error: Invalid login: 535-5.7.8 Username and Password not accepted. For more information, go to
      535 5.7.8  https://support.google.com/mail/?p=BadCredentials ffacd0b85a97d-4255d8abe9bsm4388032f8f.22 - gsmtp
          at SMTPConnection._formatError (/Users/elvira/Downloads/pets-pr-1/node_modules/.pnpm/nodemailer@7.0.6/node_modules/nodemailer/lib/smtp-connection/index.js:809:19)
          at SMTPConnection._actionAUTHComplete (/Users/elvira/Downloads/pets-pr-1/node_modules/.pnpm/nodemailer@7.0.6/node_modules/nodemailer/lib/smtp-connection/index.js:1588:34)
          at SMTPConnection.<anonymous> (/Users/elvira/Downloads/pets-pr-1/node_modules/.pnpm/nodemailer@7.0.6/node_modules/nodemailer/lib/smtp-connection/index.js:556:26)
          at SMTPConnection._processResponse (/Users/elvira/Downloads/pets-pr-1/node_modules/.pnpm/nodemailer@7.0.6/node_modules/nodemailer/lib/smtp-connection/index.js:993:20)
          at SMTPConnection._onData (/Users/elvira/Downloads/pets-pr-1/node_modules/.pnpm/nodemailer@7.0.6/node_modules/nodemailer/lib/smtp-connection/index.js:774:14)
          at TLSSocket.SMTPConnection._onSocketData (/Users/elvira/Downloads/pets-pr-1/node_modules/.pnpm/nodemailer@7.0.6/node_modules/nodemailer/lib/smtp-connection/index.js:195:44)
          at TLSSocket.emit (node:events:508:28)
          at addChunk (node:internal/streams/readable:559:12)
          at readableAddChunkPushByteMode (node:internal/streams/readable:510:3)
          at TLSSocket.Readable.push (node:internal/streams/readable:390:5)
          at TLSWrap.onStreamRead (node:internal/stream_base_commons:189:23) {
        code: 'EAUTH',
        response: '535-5.7.8 Username and Password not accepted. For more information, go to\n' +
          '535 5.7.8  https://support.google.com/mail/?p=BadCredentials ffacd0b85a97d-4255d8abe9bsm4388032f8f.22 - gsmtp',
        responseCode: 535,
        command: 'AUTH PLAIN'
      }

      216 |
      217 |   } catch (error) {
    > 218 |     console.error('Email sending error:', error);
          |             ^
      219 |     throw error;
      220 |   }
      221 | };

      at error (src/services/emailService.js:218:13)
      at register (src/controllers/authController.js:73:7)

    console.error
      Email sending error: Error: Invalid login: 535-5.7.8 Username and Password not accepted. For more information, go to
      535 5.7.8  https://support.google.com/mail/?p=BadCredentials ffacd0b85a97d-4255d8abe9bsm4388032f8f.22 - gsmtp
          at SMTPConnection._formatError (/Users/elvira/Downloads/pets-pr-1/node_modules/.pnpm/nodemailer@7.0.6/node_modules/nodemailer/lib/smtp-connection/index.js:809:19)
          at SMTPConnection._actionAUTHComplete (/Users/elvira/Downloads/pets-pr-1/node_modules/.pnpm/nodemailer@7.0.6/node_modules/nodemailer/lib/smtp-connection/index.js:1588:34)
          at SMTPConnection.<anonymous> (/Users/elvira/Downloads/pets-pr-1/node_modules/.pnpm/nodemailer@7.0.6/node_modules/nodemailer/lib/smtp-connection/index.js:556:26)
          at SMTPConnection._processResponse (/Users/elvira/Downloads/pets-pr-1/node_modules/.pnpm/nodemailer@7.0.6/node_modules/nodemailer/lib/smtp-connection/index.js:993:20)
          at SMTPConnection._onData (/Users/elvira/Downloads/pets-pr-1/node_modules/.pnpm/nodemailer@7.0.6/node_modules/nodemailer/lib/smtp-connection/index.js:774:14)
          at TLSSocket.SMTPConnection._onSocketData (/Users/elvira/Downloads/pets-pr-1/node_modules/.pnpm/nodemailer@7.0.6/node_modules/nodemailer/lib/smtp-connection/index.js:195:44)
          at TLSSocket.emit (node:events:508:28)
          at addChunk (node:internal/streams/readable:559:12)
          at readableAddChunkPushByteMode (node:internal/streams/readable:510:3)
          at TLSSocket.Readable.push (node:internal/streams/readable:390:5)
          at TLSWrap.onStreamRead (node:internal/stream_base_commons:189:23) {
        code: 'EAUTH',
        response: '535-5.7.8 Username and Password not accepted. For more information, go to\n' +
          '535 5.7.8  https://support.google.com/mail/?p=BadCredentials ffacd0b85a97d-4255d8abe9bsm4388032f8f.22 - gsmtp',
        responseCode: 535,
        command: 'AUTH PLAIN'
      }

      81 |       });
      82 |     } catch (emailError) {
    > 83 |       console.error('Email sending error:', emailError);
         |               ^
      84 |       // Don't fail registration if email fails
      85 |     }
      86 |

      at error (src/controllers/authController.js:83:15)

    console.error
      Email sending error: Error: Invalid login: 535-5.7.8 Username and Password not accepted. For more information, go to
      535 5.7.8  https://support.google.com/mail/?p=BadCredentials ffacd0b85a97d-4255d8a6b5csm4351244f8f.5 - gsmtp
          at SMTPConnection._formatError (/Users/elvira/Downloads/pets-pr-1/node_modules/.pnpm/nodemailer@7.0.6/node_modules/nodemailer/lib/smtp-connection/index.js:809:19)
          at SMTPConnection._actionAUTHComplete (/Users/elvira/Downloads/pets-pr-1/node_modules/.pnpm/nodemailer@7.0.6/node_modules/nodemailer/lib/smtp-connection/index.js:1588:34)
          at SMTPConnection.<anonymous> (/Users/elvira/Downloads/pets-pr-1/node_modules/.pnpm/nodemailer@7.0.6/node_modules/nodemailer/lib/smtp-connection/index.js:556:26)
          at SMTPConnection._processResponse (/Users/elvira/Downloads/pets-pr-1/node_modules/.pnpm/nodemailer@7.0.6/node_modules/nodemailer/lib/smtp-connection/index.js:993:20)
          at SMTPConnection._onData (/Users/elvira/Downloads/pets-pr-1/node_modules/.pnpm/nodemailer@7.0.6/node_modules/nodemailer/lib/smtp-connection/index.js:774:14)
          at TLSSocket.SMTPConnection._onSocketData (/Users/elvira/Downloads/pets-pr-1/node_modules/.pnpm/nodemailer@7.0.6/node_modules/nodemailer/lib/smtp-connection/index.js:195:44)
          at TLSSocket.emit (node:events:508:28)
          at addChunk (node:internal/streams/readable:559:12)
          at readableAddChunkPushByteMode (node:internal/streams/readable:510:3)
          at TLSSocket.Readable.push (node:internal/streams/readable:390:5)
          at TLSWrap.onStreamRead (node:internal/stream_base_commons:189:23) {
        code: 'EAUTH',
        response: '535-5.7.8 Username and Password not accepted. For more information, go to\n' +
          '535 5.7.8  https://support.google.com/mail/?p=BadCredentials ffacd0b85a97d-4255d8a6b5csm4351244f8f.5 - gsmtp',
        responseCode: 535,
        command: 'AUTH PLAIN'
      }

      216 |
      217 |   } catch (error) {
    > 218 |     console.error('Email sending error:', error);
          |             ^
      219 |     throw error;
      220 |   }
      221 | };

      at error (src/services/emailService.js:218:13)
      at register (src/controllers/authController.js:73:7)

    console.error
      Email sending error: Error: Invalid login: 535-5.7.8 Username and Password not accepted. For more information, go to
      535 5.7.8  https://support.google.com/mail/?p=BadCredentials ffacd0b85a97d-4255d8a6b5csm4351244f8f.5 - gsmtp
          at SMTPConnection._formatError (/Users/elvira/Downloads/pets-pr-1/node_modules/.pnpm/nodemailer@7.0.6/node_modules/nodemailer/lib/smtp-connection/index.js:809:19)
          at SMTPConnection._actionAUTHComplete (/Users/elvira/Downloads/pets-pr-1/node_modules/.pnpm/nodemailer@7.0.6/node_modules/nodemailer/lib/smtp-connection/index.js:1588:34)
          at SMTPConnection.<anonymous> (/Users/elvira/Downloads/pets-pr-1/node_modules/.pnpm/nodemailer@7.0.6/node_modules/nodemailer/lib/smtp-connection/index.js:556:26)
          at SMTPConnection._processResponse (/Users/elvira/Downloads/pets-pr-1/node_modules/.pnpm/nodemailer@7.0.6/node_modules/nodemailer/lib/smtp-connection/index.js:993:20)
          at SMTPConnection._onData (/Users/elvira/Downloads/pets-pr-1/node_modules/.pnpm/nodemailer@7.0.6/node_modules/nodemailer/lib/smtp-connection/index.js:774:14)
          at TLSSocket.SMTPConnection._onSocketData (/Users/elvira/Downloads/pets-pr-1/node_modules/.pnpm/nodemailer@7.0.6/node_modules/nodemailer/lib/smtp-connection/index.js:195:44)
          at TLSSocket.emit (node:events:508:28)
          at addChunk (node:internal/streams/readable:559:12)
          at readableAddChunkPushByteMode (node:internal/streams/readable:510:3)
          at TLSSocket.Readable.push (node:internal/streams/readable:390:5)
          at TLSWrap.onStreamRead (node:internal/stream_base_commons:189:23) {
        code: 'EAUTH',
        response: '535-5.7.8 Username and Password not accepted. For more information, go to\n' +
          '535 5.7.8  https://support.google.com/mail/?p=BadCredentials ffacd0b85a97d-4255d8a6b5csm4351244f8f.5 - gsmtp',
        responseCode: 535,
        command: 'AUTH PLAIN'
      }

      81 |       });
      82 |     } catch (emailError) {
    > 83 |       console.error('Email sending error:', emailError);
         |               ^
      84 |       // Don't fail registration if email fails
      85 |     }
      86 |

      at error (src/controllers/authController.js:83:15)

(node:98099) [MONGOOSE] Warning: Duplicate schema index on {"email":1} found. This is often due to declaring an index using both "index: true" and "schema.index()". Please remove the duplicate index definition.
(node:98099) [MONGODB DRIVER] Warning: useNewUrlParser is a deprecated option: useNewUrlParser has no effect since Node.js Driver version 4.0.0 and will be removed in the next major version
(node:98099) [MONGODB DRIVER] Warning: useUnifiedTopology is a deprecated option: useUnifiedTopology has no effect since Node.js Driver version 4.0.0 and will be removed in the next major version
PASS tests/user.model.test.js
(node:98099) [MONGOOSE] Warning: Duplicate schema index on {"email":1} found. This is often due to declaring an index using both "index: true" and "schema.index()". Please remove the duplicate index definition.
(node:98099) [MONGODB DRIVER] Warning: useNewUrlParser is a deprecated option: useNewUrlParser has no effect since Node.js Driver version 4.0.0 and will be removed in the next major version
(node:98099) [MONGODB DRIVER] Warning: useUnifiedTopology is a deprecated option: useUnifiedTopology has no effect since Node.js Driver version 4.0.0 and will be removed in the next major version
::ffff:127.0.0.1 - - [02/Oct/2025:16:57:24 +0000] "POST /api/auth/login HTTP/1.1" 200 - "-" "-"
::ffff:127.0.0.1 - - [02/Oct/2025:16:57:25 +0000] "POST /api/pets HTTP/1.1" 201 - "-" "-"
::ffff:127.0.0.1 - - [02/Oct/2025:16:57:25 +0000] "GET /api/pets/discover HTTP/1.1" 200 - "-" "-"
::ffff:127.0.0.1 - - [02/Oct/2025:16:57:25 +0000] "GET /api/pets/discover?species=cat HTTP/1.1" 200 - "-" "-"
PASS tests/pet.routes.test.js
  ● Console

    console.log
      [dotenv@17.2.2] injecting env (16) from .env -- tip: ⚙️  enable debug logging with { debug: true }

      at _log (../node_modules/.pnpm/dotenv@17.2.2/node_modules/dotenv/lib/main.js:139:11)

    console.log
      🔍 Validating environment variables...

      at log (src/utils/validateEnv.js:24:11)

    console.log
      ✅ test mode - using relaxed validation

      at log (src/utils/validateEnv.js:28:13)

    console.log
      
      📋 Configuration:

      at log (src/utils/validateEnv.js:29:13)

    console.log
        • Node Environment: test

      at log (src/utils/validateEnv.js:30:13)

    console.log
        • Port: 5001

      at log (src/utils/validateEnv.js:31:13)

    console.log
        • Client URL: http://localhost:3000

      at log (src/utils/validateEnv.js:32:13)

    console.log
        • MongoDB: ✓ Configured

      at log (src/utils/validateEnv.js:33:13)

    console.log
        • JWT Secret: ✓ Set

      at log (src/utils/validateEnv.js:34:13)

    console.log


      at log (src/utils/validateEnv.js:35:13)

    console.log
      ✅ WebRTC signaling service initialized

      at Object.log (server.js:244:11)

    console.log
      🗺️ Map socket server initialized

      at Object.log (server.js:256:11)

(node:98099) [MONGOOSE] Warning: Duplicate schema index on {"email":1} found. This is often due to declaring an index using both "index: true" and "schema.index()". Please remove the duplicate index definition.
(node:98099) [MONGODB DRIVER] Warning: useNewUrlParser is a deprecated option: useNewUrlParser has no effect since Node.js Driver version 4.0.0 and will be removed in the next major version
(node:98099) [MONGODB DRIVER] Warning: useUnifiedTopology is a deprecated option: useUnifiedTopology has no effect since Node.js Driver version 4.0.0 and will be removed in the next major version
::ffff:127.0.0.1 - - [02/Oct/2025:16:57:26 +0000] "POST /api/auth/login HTTP/1.1" 200 - "-" "-"
::ffff:127.0.0.1 - - [02/Oct/2025:16:57:26 +0000] "GET /api/matches HTTP/1.1" 200 - "-" "-"
::ffff:127.0.0.1 - - [02/Oct/2025:16:57:26 +0000] "POST /api/matches/68deaef61c62c45108ed3f79/messages HTTP/1.1" 201 591 "-" "-"
::ffff:127.0.0.1 - - [02/Oct/2025:16:57:26 +0000] "PATCH /api/matches/68deaef61c62c45108ed3f87/archive HTTP/1.1" 200 83 "-" "-"
::ffff:127.0.0.1 - - [02/Oct/2025:16:57:26 +0000] "GET /api/matches HTTP/1.1" 200 89 "-" "-"
PASS tests/match.routes.test.js
  ● Console

    console.log
      [dotenv@17.2.2] injecting env (16) from .env -- tip: 🔐 encrypt with Dotenvx: https://dotenvx.com

      at _log (../node_modules/.pnpm/dotenv@17.2.2/node_modules/dotenv/lib/main.js:139:11)

    console.log
      🔍 Validating environment variables...

      at log (src/utils/validateEnv.js:24:11)

    console.log
      ✅ test mode - using relaxed validation

      at log (src/utils/validateEnv.js:28:13)

    console.log
      
      📋 Configuration:

      at log (src/utils/validateEnv.js:29:13)

    console.log
        • Node Environment: test

      at log (src/utils/validateEnv.js:30:13)

    console.log
        • Port: 5001

      at log (src/utils/validateEnv.js:31:13)

    console.log
        • Client URL: http://localhost:3000

      at log (src/utils/validateEnv.js:32:13)

    console.log
        • MongoDB: ✓ Configured

      at log (src/utils/validateEnv.js:33:13)

    console.log
        • JWT Secret: ✓ Set

      at log (src/utils/validateEnv.js:34:13)

    console.log


      at log (src/utils/validateEnv.js:35:13)

    console.log
      ✅ WebRTC signaling service initialized

      at Object.log (server.js:244:11)

    console.log
      🗺️ Map socket server initialized

      at Object.log (server.js:256:11)

    console.error
      Email sending error: Error: Email template 'newMessage' not found
          at sendEmail (/Users/elvira/Downloads/pets-pr-1/server/src/services/emailService.js:197:13)
          at sendEmail (/Users/elvira/Downloads/pets-pr-1/server/src/controllers/matchController.js:302:15)
          at processTicksAndRejections (node:internal/process/task_queues:105:5)

      216 |
      217 |   } catch (error) {
    > 218 |     console.error('Email sending error:', error);
          |             ^
      219 |     throw error;
      220 |   }
      221 | };

      at error (src/services/emailService.js:218:13)
      at sendEmail (src/controllers/matchController.js:302:15)

    console.error
      Message notification email error: Error: Email template 'newMessage' not found
          at sendEmail (/Users/elvira/Downloads/pets-pr-1/server/src/services/emailService.js:197:13)
          at sendEmail (/Users/elvira/Downloads/pets-pr-1/server/src/controllers/matchController.js:302:15)
          at processTicksAndRejections (node:internal/process/task_queues:105:5)

      311 |         });
      312 |       } catch (emailError) {
    > 313 |         console.error('Message notification email error:', emailError);
          |                 ^
      314 |       }
      315 |     }
      316 |

      at error (src/controllers/matchController.js:313:17)

(node:98099) [MONGOOSE] Warning: Duplicate schema index on {"email":1} found. This is often due to declaring an index using both "index: true" and "schema.index()". Please remove the duplicate index definition.
(node:98099) [MONGODB DRIVER] Warning: useNewUrlParser is a deprecated option: useNewUrlParser has no effect since Node.js Driver version 4.0.0 and will be removed in the next major version
(node:98099) [MONGODB DRIVER] Warning: useUnifiedTopology is a deprecated option: useUnifiedTopology has no effect since Node.js Driver version 4.0.0 and will be removed in the next major version
::ffff:127.0.0.1 - - [02/Oct/2025:16:57:28 +0000] "POST /api/auth/login HTTP/1.1" 200 - "-" "-"
::ffff:127.0.0.1 - - [02/Oct/2025:16:57:28 +0000] "GET /api/users/profile HTTP/1.1" 200 969 "-" "-"
::ffff:127.0.0.1 - - [02/Oct/2025:16:57:28 +0000] "PUT /api/users/profile HTTP/1.1" 200 941 "-" "-"
::ffff:127.0.0.1 - - [02/Oct/2025:16:57:28 +0000] "PUT /api/users/profile HTTP/1.1" 200 - "-" "-"
PASS tests/user.routes.test.js
  ● Console

    console.log
      [dotenv@17.2.2] injecting env (16) from .env -- tip: 🔐 prevent committing .env to code: https://dotenvx.com/precommit

      at _log (../node_modules/.pnpm/dotenv@17.2.2/node_modules/dotenv/lib/main.js:139:11)

    console.log
      🔍 Validating environment variables...

      at log (src/utils/validateEnv.js:24:11)

    console.log
      ✅ test mode - using relaxed validation

      at log (src/utils/validateEnv.js:28:13)

    console.log
      
      📋 Configuration:

      at log (src/utils/validateEnv.js:29:13)

    console.log
        • Node Environment: test

      at log (src/utils/validateEnv.js:30:13)

    console.log
        • Port: 5001

      at log (src/utils/validateEnv.js:31:13)

    console.log
        • Client URL: http://localhost:3000

      at log (src/utils/validateEnv.js:32:13)

    console.log
        • MongoDB: ✓ Configured

      at log (src/utils/validateEnv.js:33:13)

    console.log
        • JWT Secret: ✓ Set

      at log (src/utils/validateEnv.js:34:13)

    console.log


      at log (src/utils/validateEnv.js:35:13)

    console.log
      ✅ WebRTC signaling service initialized

      at Object.log (server.js:244:11)

    console.log
      🗺️ Map socket server initialized

      at Object.log (server.js:256:11)

(node:98099) [MONGOOSE] Warning: Duplicate schema index on {"email":1} found. This is often due to declaring an index using both "index: true" and "schema.index()". Please remove the duplicate index definition.
(node:98099) [MONGODB DRIVER] Warning: useNewUrlParser is a deprecated option: useNewUrlParser has no effect since Node.js Driver version 4.0.0 and will be removed in the next major version
(node:98099) [MONGODB DRIVER] Warning: useUnifiedTopology is a deprecated option: useUnifiedTopology has no effect since Node.js Driver version 4.0.0 and will be removed in the next major version
PASS tests/match.model.test.js
(node:98099) [MONGOOSE] Warning: Duplicate schema index on {"email":1} found. This is often due to declaring an index using both "index: true" and "schema.index()". Please remove the duplicate index definition.
(node:98099) [MONGODB DRIVER] Warning: useNewUrlParser is a deprecated option: useNewUrlParser has no effect since Node.js Driver version 4.0.0 and will be removed in the next major version
(node:98099) [MONGODB DRIVER] Warning: useUnifiedTopology is a deprecated option: useUnifiedTopology has no effect since Node.js Driver version 4.0.0 and will be removed in the next major version
::ffff:127.0.0.1 - - [02/Oct/2025:16:57:30 +0000] "POST /api/auth/login HTTP/1.1" 200 - "-" "-"
::ffff:127.0.0.1 - - [02/Oct/2025:16:57:30 +0000] "POST /api/premium/subscribe HTTP/1.1" 200 103 "-" "-"
::ffff:127.0.0.1 - - [02/Oct/2025:16:57:30 +0000] "POST /api/premium/cancel HTTP/1.1" 200 64 "-" "-"
PASS tests/premium.routes.test.js
  ● Console

    console.log
      [dotenv@17.2.2] injecting env (16) from .env -- tip: ⚙️  load multiple .env files with { path: ['.env.local', '.env'] }

      at _log (../node_modules/.pnpm/dotenv@17.2.2/node_modules/dotenv/lib/main.js:139:11)

    console.log
      🔍 Validating environment variables...

      at log (src/utils/validateEnv.js:24:11)

    console.log
      ✅ test mode - using relaxed validation

      at log (src/utils/validateEnv.js:28:13)

    console.log
      
      📋 Configuration:

      at log (src/utils/validateEnv.js:29:13)

    console.log
        • Node Environment: test

      at log (src/utils/validateEnv.js:30:13)

    console.log
        • Port: 5001

      at log (src/utils/validateEnv.js:31:13)

    console.log
        • Client URL: http://localhost:3000

      at log (src/utils/validateEnv.js:32:13)

    console.log
        • MongoDB: ✓ Configured

      at log (src/utils/validateEnv.js:33:13)

    console.log
        • JWT Secret: ✓ Set

      at log (src/utils/validateEnv.js:34:13)

    console.log


      at log (src/utils/validateEnv.js:35:13)

    console.log
      ✅ WebRTC signaling service initialized

      at Object.log (server.js:244:11)

    console.log
      🗺️ Map socket server initialized

      at Object.log (server.js:256:11)

(node:98099) [MONGOOSE] Warning: Duplicate schema index on {"email":1} found. This is often due to declaring an index using both "index: true" and "schema.index()". Please remove the duplicate index definition.
(node:98099) [MONGODB DRIVER] Warning: useNewUrlParser is a deprecated option: useNewUrlParser has no effect since Node.js Driver version 4.0.0 and will be removed in the next major version
(node:98099) [MONGODB DRIVER] Warning: useUnifiedTopology is a deprecated option: useUnifiedTopology has no effect since Node.js Driver version 4.0.0 and will be removed in the next major version
PASS tests/pet.model.test.js

Test Suites: 1 failed, 10 passed, 11 total
Tests:       4 failed, 97 passed, 101 total
Snapshots:   0 total
Time:        53.089 s
Ran all test suites.
Jest did not exit one second after the test run has completed.

'This usually means that there are asynchronous operations that weren't stopped in your tests. Consider running Jest with `--detectOpenHandles` to troubleshoot this issue.
